Archive member included to satisfy reference by file (symbol)

D:/STM32 IDE/STM32CubeIDE_1.16.0/STM32CubeIDE/plugins/com.st.stm32cube.ide.mcu.externaltools.gnu-tools-for-stm32.12.3.rel1.win32_1.0.200.202406191623/tools/bin/../lib/gcc/arm-none-eabi/12.3.1/../../../../arm-none-eabi/lib/thumb/v7e-m+fp/hard\libc_nano.a(libc_a-exit.o)
                              D:/STM32 IDE/STM32CubeIDE_1.16.0/STM32CubeIDE/plugins/com.st.stm32cube.ide.mcu.externaltools.gnu-tools-for-stm32.12.3.rel1.win32_1.0.200.202406191623/tools/bin/../lib/gcc/arm-none-eabi/12.3.1/../../../../arm-none-eabi/lib/thumb/v7e-m+fp/hard/crt0.o (exit)
D:/STM32 IDE/STM32CubeIDE_1.16.0/STM32CubeIDE/plugins/com.st.stm32cube.ide.mcu.externaltools.gnu-tools-for-stm32.12.3.rel1.win32_1.0.200.202406191623/tools/bin/../lib/gcc/arm-none-eabi/12.3.1/../../../../arm-none-eabi/lib/thumb/v7e-m+fp/hard\libc_nano.a(libc_a-findfp.o)
                              D:/STM32 IDE/STM32CubeIDE_1.16.0/STM32CubeIDE/plugins/com.st.stm32cube.ide.mcu.externaltools.gnu-tools-for-stm32.12.3.rel1.win32_1.0.200.202406191623/tools/bin/../lib/gcc/arm-none-eabi/12.3.1/../../../../arm-none-eabi/lib/thumb/v7e-m+fp/hard\libc_nano.a(libc_a-exit.o) (__stdio_exit_handler)
D:/STM32 IDE/STM32CubeIDE_1.16.0/STM32CubeIDE/plugins/com.st.stm32cube.ide.mcu.externaltools.gnu-tools-for-stm32.12.3.rel1.win32_1.0.200.202406191623/tools/bin/../lib/gcc/arm-none-eabi/12.3.1/../../../../arm-none-eabi/lib/thumb/v7e-m+fp/hard\libc_nano.a(libc_a-fwalk.o)
                              D:/STM32 IDE/STM32CubeIDE_1.16.0/STM32CubeIDE/plugins/com.st.stm32cube.ide.mcu.externaltools.gnu-tools-for-stm32.12.3.rel1.win32_1.0.200.202406191623/tools/bin/../lib/gcc/arm-none-eabi/12.3.1/../../../../arm-none-eabi/lib/thumb/v7e-m+fp/hard\libc_nano.a(libc_a-findfp.o) (_fwalk_sglue)
D:/STM32 IDE/STM32CubeIDE_1.16.0/STM32CubeIDE/plugins/com.st.stm32cube.ide.mcu.externaltools.gnu-tools-for-stm32.12.3.rel1.win32_1.0.200.202406191623/tools/bin/../lib/gcc/arm-none-eabi/12.3.1/../../../../arm-none-eabi/lib/thumb/v7e-m+fp/hard\libc_nano.a(libc_a-sprintf.o)
                              ./Core/Src/main.o (sprintf)
D:/STM32 IDE/STM32CubeIDE_1.16.0/STM32CubeIDE/plugins/com.st.stm32cube.ide.mcu.externaltools.gnu-tools-for-stm32.12.3.rel1.win32_1.0.200.202406191623/tools/bin/../lib/gcc/arm-none-eabi/12.3.1/../../../../arm-none-eabi/lib/thumb/v7e-m+fp/hard\libc_nano.a(libc_a-stdio.o)
                              D:/STM32 IDE/STM32CubeIDE_1.16.0/STM32CubeIDE/plugins/com.st.stm32cube.ide.mcu.externaltools.gnu-tools-for-stm32.12.3.rel1.win32_1.0.200.202406191623/tools/bin/../lib/gcc/arm-none-eabi/12.3.1/../../../../arm-none-eabi/lib/thumb/v7e-m+fp/hard\libc_nano.a(libc_a-findfp.o) (__sread)
D:/STM32 IDE/STM32CubeIDE_1.16.0/STM32CubeIDE/plugins/com.st.stm32cube.ide.mcu.externaltools.gnu-tools-for-stm32.12.3.rel1.win32_1.0.200.202406191623/tools/bin/../lib/gcc/arm-none-eabi/12.3.1/../../../../arm-none-eabi/lib/thumb/v7e-m+fp/hard\libc_nano.a(libc_a-memset.o)
                              D:/STM32 IDE/STM32CubeIDE_1.16.0/STM32CubeIDE/plugins/com.st.stm32cube.ide.mcu.externaltools.gnu-tools-for-stm32.12.3.rel1.win32_1.0.200.202406191623/tools/bin/../lib/gcc/arm-none-eabi/12.3.1/../../../../arm-none-eabi/lib/thumb/v7e-m+fp/hard/crt0.o (memset)
D:/STM32 IDE/STM32CubeIDE_1.16.0/STM32CubeIDE/plugins/com.st.stm32cube.ide.mcu.externaltools.gnu-tools-for-stm32.12.3.rel1.win32_1.0.200.202406191623/tools/bin/../lib/gcc/arm-none-eabi/12.3.1/../../../../arm-none-eabi/lib/thumb/v7e-m+fp/hard\libc_nano.a(libc_a-closer.o)
                              D:/STM32 IDE/STM32CubeIDE_1.16.0/STM32CubeIDE/plugins/com.st.stm32cube.ide.mcu.externaltools.gnu-tools-for-stm32.12.3.rel1.win32_1.0.200.202406191623/tools/bin/../lib/gcc/arm-none-eabi/12.3.1/../../../../arm-none-eabi/lib/thumb/v7e-m+fp/hard\libc_nano.a(libc_a-stdio.o) (_close_r)
D:/STM32 IDE/STM32CubeIDE_1.16.0/STM32CubeIDE/plugins/com.st.stm32cube.ide.mcu.externaltools.gnu-tools-for-stm32.12.3.rel1.win32_1.0.200.202406191623/tools/bin/../lib/gcc/arm-none-eabi/12.3.1/../../../../arm-none-eabi/lib/thumb/v7e-m+fp/hard\libc_nano.a(libc_a-reent.o)
                              D:/STM32 IDE/STM32CubeIDE_1.16.0/STM32CubeIDE/plugins/com.st.stm32cube.ide.mcu.externaltools.gnu-tools-for-stm32.12.3.rel1.win32_1.0.200.202406191623/tools/bin/../lib/gcc/arm-none-eabi/12.3.1/../../../../arm-none-eabi/lib/thumb/v7e-m+fp/hard\libc_nano.a(libc_a-closer.o) (errno)
D:/STM32 IDE/STM32CubeIDE_1.16.0/STM32CubeIDE/plugins/com.st.stm32cube.ide.mcu.externaltools.gnu-tools-for-stm32.12.3.rel1.win32_1.0.200.202406191623/tools/bin/../lib/gcc/arm-none-eabi/12.3.1/../../../../arm-none-eabi/lib/thumb/v7e-m+fp/hard\libc_nano.a(libc_a-impure.o)
[...]
Memory Configuration

Name             Origin             Length             Attributes
RAM              0x20000000         0x00020000         xrw
FLASH            0x08000000         0x00080000         xr
*default*        0x00000000         0xffffffff

Linker script and memory map

LOAD D:/STM32 IDE/STM32CubeIDE_1.16.0/STM32CubeIDE/plugins/com.st.stm32cube.ide.mcu.externaltools.gnu-tools-for-stm32.12.3.rel1.win32_1.0.200.202406191623/tools/bin/../lib/gcc/arm-none-eabi/12.3.1/thumb/v7e-m+fp/hard/crti.o
LOAD D:/STM32 IDE/STM32CubeIDE_1.16.0/STM32CubeIDE/plugins/com.st.stm32cube.ide.mcu.externaltools.gnu-tools-for-stm32.12.3.rel1.win32_1.0.200.202406191623/tools/bin/../lib/gcc/arm-none-eabi/12.3.1/thumb/v7e-m+fp/hard/crtbegin.o
LOAD D:/STM32 IDE/STM32CubeIDE_1.16.0/STM32CubeIDE/plugins/com.st.stm32cube.ide.mcu.externaltools.gnu-tools-for-stm32.12.3.rel1.win32_1.0.200.202406191623/tools/bin/../lib/gcc/arm-none-eabi/12.3.1/../../../../arm-none-eabi/lib/thumb/v7e-m+fp/hard/crt0.o
LOAD ./Core/Src/cbuffer.o
LOAD ./Core/Src/filter.o
LOAD ./Core/Src/main.o
LOAD ./Core/Src/mylib.o
LOAD ./Core/Src/qrs_detector.o
LOAD ./Core/Src/stm32f4xx_hal_msp.o
LOAD ./Core/Src/stm32f4xx_it.o
LOAD ./Core/Src/syscalls.o
LOAD ./Core/Src/sysmem.o
LOAD ./Core/Src/system_stm32f4xx.o
LOAD ./Core/Startup/startup_stm32f411vetx.o
LOAD ./Drivers/STM32F4xx_HAL_Driver/Src/stm32f4xx_hal.o
LOAD ./Drivers/STM32F4xx_HAL_Driver/Src/stm32f4xx_hal_adc.o
LOAD ./Drivers/STM32F4xx_HAL_Driver/Src/stm32f4xx_hal_adc_ex.o
LOAD ./Drivers/STM32F4xx_HAL_Driver/Src/stm32f4xx_hal_cortex.o
LOAD ./Drivers/STM32F4xx_HAL_Driver/Src/stm32f4xx_hal_dma.o
LOAD ./Drivers/STM32F4xx_HAL_Driver/Src/stm32f4xx_hal_dma_ex.o
LOAD ./Drivers/STM32F4xx_HAL_Driver/Src/stm32f4xx_hal_exti.o
LOAD ./Drivers/STM32F4xx_HAL_Driver/Src/stm32f4xx_hal_flash.o
LOAD ./Drivers/STM32F4xx_HAL_Driver/Src/stm32f4xx_hal_flash_ex.o
LOAD ./Drivers/STM32F4xx_HAL_Driver/Src/stm32f4xx_hal_flash_ramfunc.o
LOAD ./Drivers/STM32F4xx_HAL_Driver/Src/stm32f4xx_hal_gpio.o
LOAD ./Drivers/STM32F4xx_HAL_Driver/Src/stm32f4xx_hal_pwr.o
LOAD ./Drivers/STM32F4xx_HAL_Driver/Src/stm32f4xx_hal_pwr_ex.o
LOAD ./Drivers/STM32F4xx_HAL_Driver/Src/stm32f4xx_hal_rcc.o
LOAD ./Drivers/STM32F4xx_HAL_Driver/Src/stm32f4xx_hal_rcc_ex.o
LOAD ./Drivers/STM32F4xx_HAL_Driver/Src/stm32f4xx_hal_tim.o
LOAD ./Drivers/STM32F4xx_HAL_Driver/Src/stm32f4xx_hal_tim_ex.o
LOAD ./Drivers/STM32F4xx_HAL_Driver/Src/stm32f4xx_hal_uart.o
LOAD ./Drivers/STM32F4xx_HAL_Driver/Src/stm32f4xx_ll_adc.o
START GROUP
LOAD D:/STM32 IDE/STM32CubeIDE_1.16.0/STM32CubeIDE/plugins/com.st.stm32cube.ide.mcu.externaltools.gnu-tools-for-stm32.12.3.rel1.win32_1.0.200.202406191623/tools/bin/../lib/gcc/arm-none-eabi/12.3.1/../../../../arm-none-eabi/lib/thumb/v7e-m+fp/hard\libc_nano.a
LOAD D:/STM32 IDE/STM32CubeIDE_1.16.0/STM32CubeIDE/plugins/com.st.stm32cube.ide.mcu.externaltools.gnu-tools-for-stm32.12.3.rel1.win32_1.0.200.202406191623/tools/bin/../lib/gcc/arm-none-eabi/12.3.1/../../../../arm-none-eabi/lib/thumb/v7e-m+fp/hard\libm.a
END GROUP
START GROUP
LOAD D:/STM32 IDE/STM32CubeIDE_1.16.0/STM32CubeIDE/plugins/com.st.stm32cube.ide.mcu.externaltools.gnu-tools-for-stm32.12.3.rel1.win32_1.0.200.202406191623/tools/bin/../lib/gcc/arm-none-eabi/12.3.1/thumb/v7e-m+fp/hard\libgcc.a
LOAD D:/STM32 IDE/STM32CubeIDE_1.16.0/STM32CubeIDE/plugins/com.st.stm32cube.ide.mcu.externaltools.gnu-tools-for-stm32.12.3.rel1.win32_1.0.200.202406191623/tools/bin/../lib/gcc/arm-none-eabi/12.3.1/../../../../arm-none-eabi/lib/thumb/v7e-m+fp/hard\libc_nano.a
END GROUP
START GROUP
LOAD D:/STM32 IDE/STM32CubeIDE_1.16.0/STM32CubeIDE/plugins/com.st.stm32cube.ide.mcu.externaltools.gnu-tools-for-stm32.12.3.rel1.win32_1.0.200.202406191623/tools/bin/../lib/gcc/arm-none-eabi/12.3.1/thumb/v7e-m+fp/hard\libgcc.a
LOAD D:/STM32 IDE/STM32CubeIDE_1.16.0/STM32CubeIDE/plugins/com.st.stm32cube.ide.mcu.externaltools.gnu-tools-for-stm32.12.3.rel1.win32_1.0.200.202406191623/tools/bin/../lib/gcc/arm-none-eabi/12.3.1/../../../../arm-none-eabi/lib/thumb/v7e-m+fp/hard\libc_nano.a
LOAD D:/STM32 IDE/STM32CubeIDE_1.16.0/STM32CubeIDE/plugins/com.st.stm32cube.ide.mcu.externaltools.gnu-tools-for-stm32.12.3.rel1.win32_1.0.200.202406191623/tools/bin/../lib/gcc/arm-none-eabi/12.3.1/../../../../arm-none-eabi/lib/thumb/v7e-m+fp/hard\libnosys.a
END GROUP
START GROUP
LOAD D:/STM32 IDE/STM32CubeIDE_1.16.0/STM32CubeIDE/plugins/com.st.stm32cube.ide.mcu.externaltools.gnu-tools-for-stm32.12.3.rel1.win32_1.0.200.202406191623/tools/bin/../lib/gcc/arm-none-eabi/12.3.1/thumb/v7e-m+fp/hard\libgcc.a
LOAD D:/STM32 IDE/STM32CubeIDE_1.16.0/STM32CubeIDE/plugins/com.st.stm32cube.ide.mcu.externaltools.gnu-tools-for-stm32.12.3.rel1.win32_1.0.200.202406191623/tools/bin/../lib/gcc/arm-none-eabi/12.3.1/../../../../arm-none-eabi/lib/thumb/v7e-m+fp/hard\libc_nano.a
LOAD D:/STM32 IDE/STM32CubeIDE_1.16.0/STM32CubeIDE/plugins/com.st.stm32cube.ide.mcu.externaltools.gnu-tools-for-stm32.12.3.rel1.win32_1.0.200.202406191623/tools/bin/../lib/gcc/arm-none-eabi/12.3.1/../../../../arm-none-eabi/lib/thumb/v7e-m+fp/hard\libnosys.a
END GROUP
LOAD D:/STM32 IDE/STM32CubeIDE_1.16.0/STM32CubeIDE/plugins/com.st.stm32cube.ide.mcu.externaltools.gnu-tools-for-stm32.12.3.rel1.win32_1.0.200.202406191623/tools/bin/../lib/gcc/arm-none-eabi/12.3.1/thumb/v7e-m+fp/hard/crtend.o
LOAD D:/STM32 IDE/STM32CubeIDE_1.16.0/STM32CubeIDE/plugins/com.st.stm32cube.ide.mcu.externaltools.gnu-tools-for-stm32.12.3.rel1.win32_1.0.200.202406191623/tools/bin/../lib/gcc/arm-none-eabi/12.3.1/thumb/v7e-m+fp/hard/crtn.o
                0x20020000                        _estack = (ORIGIN (RAM) + LENGTH (RAM))
                0x00000200                        _Min_Heap_Size = 0x200
                0x00000400                        _Min_Stack_Size = 0x400

.isr_vector     0x08000000      0x198
                0x08000000                        . = ALIGN (0x4)
 *(.isr_vector)
 .isr_vector    0x08000000      0x198 ./Core/Startup/startup_stm32f411vetx.o
                0x08000000                g_pfnVectors
                0x08000198                        . = ALIGN (0x4)

.text           0x080001a0     0x6ff0
                0x080001a0                        . = ALIGN (0x4)
 *(.text)
 .text          0x080001a0       0x40 D:/STM32 IDE/STM32CubeIDE_1.16.0/STM32CubeIDE/plugins/com.st.stm32cube.ide.mcu.externaltools.gnu-tools-for-stm32.12.3.rel1.win32_1.0.200.202406191623/tools/bin/../lib/gcc/arm-none-eabi/12.3.1/thumb/v7e-m+fp/hard/crtbegin.o
 .text          0x080001e0       0x10 D:/STM32 IDE/STM32CubeIDE_1.16.0/STM32CubeIDE/plugins/com.st.stm32cube.ide.mcu.externaltools.gnu-tools-for-stm32.12.3.rel1.win32_1.0.200.202406191623/tools/bin/../lib/gcc/arm-none-eabi/12.3.1/../../../../arm-none-eabi/lib/thumb/v7e-m+fp/hard\libc_nano.a(libc_a-strlen.o)
                0x080001e0                strlen
 .text          0x080001f0       0xa0 D:/STM32 IDE/STM32CubeIDE_1.16.0/STM32CubeIDE/plugins/com.st.stm32cube.ide.mcu.externaltools.gnu-tools-for-stm32.12.3.rel1.win32_1.0.200.202406191623/tools/bin/../lib/gcc/arm-none-eabi/12.3.1/../../../../arm-none-eabi/lib/thumb/v7e-m+fp/hard\libc_nano.a(libc_a-memchr.o)
                0x080001f0                memchr
 .text          0x08000290      0x254 D:/STM32 IDE/STM32CubeIDE_1.16.0/STM32CubeIDE/plugins/com.st.stm32cube.ide.mcu.externaltools.gnu-tools-for-stm32.12.3.rel1.win32_1.0.200.202406191623/tools/bin/../lib/gcc/arm-none-eabi/12.3.1/thumb/v7e-m+fp/hard\libgcc.a(_arm_muldf3.o)
                0x08000290                __muldf3
                0x08000290                __aeabi_dmul
 .text          0x080004e4      0x378 D:/STM32 IDE/STM32CubeIDE_1.16.0/STM32CubeIDE/plugins/com.st.stm32cube.ide.mcu.externaltools.gnu-tools-for-stm32.12.3.rel1.win32_1.0.200.202406191623/tools/bin/../lib/gcc/arm-none-eabi/12.3.1/thumb/v7e-m+fp/hard\libgcc.a(_arm_addsubdf3.o)
                0x080004e4                __aeabi_drsub
                0x080004ec                __aeabi_dsub
                0x080004ec                __subdf3
                0x080004f0                __aeabi_dadd
                0x080004f0                __adddf3
                0x08000768                __floatunsidf
                0x08000768                __aeabi_ui2d
                0x08000788                __floatsidf
                0x08000788                __aeabi_i2d
                0x080007ac                __aeabi_f2d
                0x080007ac                __extendsfdf2
                0x080007f0                __floatundidf
                0x080007f0                __aeabi_ul2d
                0x08000800                __floatdidf
                0x08000800                __aeabi_l2d
 .text          0x0800085c      0x110 D:/STM32 IDE/STM32CubeIDE_1.16.0/STM32CubeIDE/plugins/com.st.stm32cube.ide.mcu.externaltools.gnu-tools-for-stm32.12.3.rel1.win32_1.0.200.202406191623/tools/bin/../lib/gcc/arm-none-eabi/12.3.1/thumb/v7e-m+fp/hard\libgcc.a(_arm_cmpdf2.o)
                0x0800085c                __gtdf2
                0x0800085c                __gedf2
                0x08000864                __ltdf2
                0x08000864                __ledf2
                0x0800086c                __nedf2
                0x0800086c                __eqdf2
                0x0800086c                __cmpdf2
                0x080008e8                __aeabi_cdrcmple
                0x080008f8                __aeabi_cdcmpeq
                0x080008f8                __aeabi_cdcmple
                0x08000908                __aeabi_dcmpeq
                0x0800091c                __aeabi_dcmplt
                0x08000930                __aeabi_dcmple
                0x08000944                __aeabi_dcmpge
                0x08000958                __aeabi_dcmpgt
 .text          0x0800096c       0x50 D:/STM32 IDE/STM32CubeIDE_1.16.0/STM32CubeIDE/plugins/com.st.stm32cube.ide.mcu.externaltools.gnu-tools-for-stm32.12.3.rel1.win32_1.0.200.202406191623/tools/bin/../lib/gcc/arm-none-eabi/12.3.1/thumb/v7e-m+fp/hard\libgcc.a(_arm_fixdfsi.o)
                0x0800096c                __aeabi_d2iz
                0x0800096c                __fixdfsi
 .text          0x080009bc       0x40 D:/STM32 IDE/STM32CubeIDE_1.16.0/STM32CubeIDE/plugins/com.st.stm32cube.ide.mcu.externaltools.gnu-tools-for-stm32.12.3.rel1.win32_1.0.200.202406191623/tools/bin/../lib/gcc/arm-none-eabi/12.3.1/thumb/v7e-m+fp/hard\libgcc.a(_arm_fixunsdfsi.o)
                0x080009bc                __aeabi_d2uiz
                0x080009bc                __fixunsdfsi
 .text          0x080009fc       0xa0 D:/STM32 IDE/STM32CubeIDE_1.16.0/STM32CubeIDE/plugins/com.st.stm32cube.ide.mcu.externaltools.gnu-tools-for-stm32.12.3.rel1.win32_1.0.200.202406191623/tools/bin/../lib/gcc/arm-none-eabi/12.3.1/thumb/v7e-m+fp/hard\libgcc.a(_arm_truncdfsf2.o)
                0x080009fc                __truncdfsf2
                0x080009fc                __aeabi_d2f
 .text          0x08000a9c       0x30 D:/STM32 IDE/STM32CubeIDE_1.16.0/STM32CubeIDE/plugins/com.st.stm32cube.ide.mcu.externaltools.gnu-tools-for-stm32.12.3.rel1.win32_1.0.200.202406191623/tools/bin/../lib/gcc/arm-none-eabi/12.3.1/thumb/v7e-m+fp/hard\libgcc.a(_aeabi_uldivmod.o)
                0x08000a9c                __aeabi_uldivmod
 .text          0x08000acc      0x2bc D:/STM32 IDE/STM32CubeIDE_1.16.0/STM32CubeIDE/plugins/com.st.stm32cube.ide.mcu.externaltools.gnu-tools-for-stm32.12.3.rel1.win32_1.0.200.202406191623/tools/bin/../lib/gcc/arm-none-eabi/12.3.1/thumb/v7e-m+fp/hard\libgcc.a(_udivmoddi4.o)
                0x08000acc                __udivmoddi4
 .text          0x08000d88        0x4 D:/STM32 IDE/STM32CubeIDE_1.16.0/STM32CubeIDE/plugins/com.st.stm32cube.ide.mcu.externaltools.gnu-tools-for-stm32.12.3.rel1.win32_1.0.200.202406191623/tools/bin/../lib/gcc/arm-none-eabi/12.3.1/thumb/v7e-m+fp/hard\libgcc.a(_dvmd_tls.o)
                0x08000d88                __aeabi_idiv0
                0x08000d88                __aeabi_ldiv0
 *(.text*)
 .text.cb_init  0x08000d8c       0x58 ./Core/Src/cbuffer.o
                0x08000d8c                cb_init
 .text.cb_read  0x08000de4       0x8a ./Core/Src/cbuffer.o
                0x08000de4                cb_read
 .text.cb_write
                0x08000e6e       0x9c ./Core/Src/cbuffer.o
                0x08000e6e                cb_write
 .text.cb_data_count
                0x08000f0a       0x52 ./Core/Src/cbuffer.o
                0x08000f0a                cb_data_count
 .text.cb_space_count
                0x08000f5c       0x6c ./Core/Src/cbuffer.o
                0x08000f5c                cb_space_count
 .text.cb_write_byte
                0x08000fc8       0x54 ./Core/Src/cbuffer.o
 .text.cb_read_byte
                0x0800101c       0x56 ./Core/Src/cbuffer.o
 .text.MovingAverageFilter_Init
                0x08001072       0x3c ./Core/Src/filter.o
                0x08001072                MovingAverageFilter_Init
 *fill*         0x080010ae        0x2 
 .text.main     0x080010b0      0x1f4 ./Core/Src/main.o
                0x080010b0                main
 .text.SystemClock_Config
                0x080012a4       0xd0 ./Core/Src/main.o
                0x080012a4                SystemClock_Config
 .text.MX_ADC1_Init
                0x08001374       0xa4 ./Core/Src/main.o
 .text.MX_TIM2_Init
                0x08001418       0x98 ./Core/Src/main.o
 .text.MX_USART2_UART_Init
                0x080014b0       0x54 ./Core/Src/main.o
 .text.MX_DMA_Init
                0x08001504       0x40 ./Core/Src/main.o
 .text.MX_GPIO_Init
                0x08001544       0x50 ./Core/Src/main.o
 .text.Error_Handler
                0x08001594        0xc ./Core/Src/main.o
                0x08001594                Error_Handler
 .text.QRSDetector_Init
                0x080015a0      0x19a ./Core/Src/qrs_detector.o
                0x080015a0                QRSDetector_Init
 *fill*         0x0800173a        0x6 
 .text.QRSDetector_Process
                0x08001740      0x3c8 ./Core/Src/qrs_detector.o
                0x08001740                QRSDetector_Process
 .text.baseline_removal
                0x08001b08       0x76 ./Core/Src/qrs_detector.o
 *fill*         0x08001b7e        0x2 
 .text.bandpass_filter
                0x08001b80      0x10c ./Core/Src/qrs_detector.o
 *fill*         0x08001c8c        0x4 
 .text.notch_filter_60hz
                0x08001c90       0xbc ./Core/Src/qrs_detector.o
 *fill*         0x08001d4c        0x4 
 .text.notch_filter_50hz
                0x08001d50       0xb4 ./Core/Src/qrs_detector.o
 .text.early_smooth
                0x08001e04       0x84 ./Core/Src/qrs_detector.o
 .text.display_smooth
                0x08001e88       0x80 ./Core/Src/qrs_detector.o
 .text.derivative
                0x08001f08       0x64 ./Core/Src/qrs_detector.o
 .text.squaring
                0x08001f6c       0x1a ./Core/Src/qrs_detector.o
 *fill*         0x08001f86        0x2 
 .text.smooth_signal
                0x08001f88       0x80 ./Core/Src/qrs_detector.o
 .text.moving_window_integration
                0x08002008       0x8c ./Core/Src/qrs_detector.o
 *fill*         0x08002094        0x4 
 .text.update_thresholds
                0x08002098      0x14c ./Core/Src/qrs_detector.o
 *fill*         0x080021e4        0x4 
 .text.update_rr_intervals
                0x080021e8      0x170 ./Core/Src/qrs_detector.o
 .text.calculate_slope
                0x08002358       0x2c ./Core/Src/qrs_detector.o
 .text.HAL_MspInit
                0x08002384       0x50 ./Core/Src/stm32f4xx_hal_msp.o
                0x08002384                HAL_MspInit
 .text.HAL_ADC_MspInit
                0x080023d4       0xf0 ./Core/Src/stm32f4xx_hal_msp.o
                0x080023d4                HAL_ADC_MspInit
 .text.HAL_TIM_Base_MspInit
                0x080024c4       0x4c ./Core/Src/stm32f4xx_hal_msp.o
                0x080024c4                HAL_TIM_Base_MspInit
 .text.HAL_UART_MspInit
                0x08002510       0x90 ./Core/Src/stm32f4xx_hal_msp.o
                0x08002510                HAL_UART_MspInit
 .text.NMI_Handler
                0x080025a0        0x8 ./Core/Src/stm32f4xx_it.o
                0x080025a0                NMI_Handler
 .text.HardFault_Handler
                0x080025a8        0x8 ./Core/Src/stm32f4xx_it.o
                0x080025a8                HardFault_Handler
 .text.MemManage_Handler
                0x080025b0        0x8 ./Core/Src/stm32f4xx_it.o
                0x080025b0                MemManage_Handler
 .text.BusFault_Handler
                0x080025b8        0x8 ./Core/Src/stm32f4xx_it.o
                0x080025b8                BusFault_Handler
 .text.UsageFault_Handler
                0x080025c0        0x8 ./Core/Src/stm32f4xx_it.o
                0x080025c0                UsageFault_Handler
 .text.SVC_Handler
                0x080025c8        0xe ./Core/Src/stm32f4xx_it.o
                0x080025c8                SVC_Handler
 .text.DebugMon_Handler
                0x080025d6        0xe ./Core/Src/stm32f4xx_it.o
                0x080025d6                DebugMon_Handler
 .text.PendSV_Handler
                0x080025e4        0xe ./Core/Src/stm32f4xx_it.o
                0x080025e4                PendSV_Handler
 .text.SysTick_Handler
                0x080025f2        0xc ./Core/Src/stm32f4xx_it.o
                0x080025f2                SysTick_Handler
 *fill*         0x080025fe        0x2 
 .text.TIM2_IRQHandler
                0x08002600       0xa0 ./Core/Src/stm32f4xx_it.o
                0x08002600                TIM2_IRQHandler
 .text.DMA2_Stream0_IRQHandler
                0x080026a0       0x14 ./Core/Src/stm32f4xx_it.o
                0x080026a0                DMA2_Stream0_IRQHandler
 .text._sbrk    0x080026b4       0x6c ./Core/Src/sysmem.o
                0x080026b4                _sbrk
 .text.SystemInit
                0x08002720       0x24 ./Core/Src/system_stm32f4xx.o
                0x08002720                SystemInit
 .text.Reset_Handler
                0x08002744       0x50 ./Core/Startup/startup_stm32f411vetx.o
                0x08002744                Reset_Handler
 .text.Default_Handler
                0x08002794        0x2 ./Core/Startup/startup_stm32f411vetx.o
                0x08002794                RTC_Alarm_IRQHandler
                0x08002794                EXTI2_IRQHandler
                0x08002794                SPI4_IRQHandler
                0x08002794                TIM1_CC_IRQHandler
                0x08002794                DMA2_Stream5_IRQHandler
                0x08002794                DMA1_Stream5_IRQHandler
                0x08002794                PVD_IRQHandler
                0x08002794                SDIO_IRQHandler
                0x08002794                TAMP_STAMP_IRQHandler
                0x08002794                EXTI3_IRQHandler
                0x08002794                TIM1_UP_TIM10_IRQHandler
                0x08002794                I2C3_ER_IRQHandler
                0x08002794                EXTI0_IRQHandler
                0x08002794                I2C2_EV_IRQHandler
                0x08002794                DMA1_Stream2_IRQHandler
                0x08002794                FPU_IRQHandler
                0x08002794                DMA2_Stream2_IRQHandler
                0x08002794                SPI1_IRQHandler
                0x08002794                TIM1_BRK_TIM9_IRQHandler
                0x08002794                DMA2_Stream3_IRQHandler
                0x08002794                USART6_IRQHandler
                0x08002794                TIM4_IRQHandler
                0x08002794                I2C1_EV_IRQHandler
                0x08002794                DMA1_Stream6_IRQHandler
                0x08002794                DMA1_Stream1_IRQHandler
                0x08002794                TIM3_IRQHandler
                0x08002794                RCC_IRQHandler
                0x08002794                Default_Handler
                0x08002794                EXTI15_10_IRQHandler
                0x08002794                ADC_IRQHandler
                0x08002794                DMA1_Stream7_IRQHandler
                0x08002794                SPI5_IRQHandler
                0x08002794                TIM5_IRQHandler
                0x08002794                DMA2_Stream7_IRQHandler
                0x08002794                I2C3_EV_IRQHandler
                0x08002794                EXTI9_5_IRQHandler
                0x08002794                RTC_WKUP_IRQHandler
                0x08002794                SPI2_IRQHandler
                0x08002794                DMA1_Stream0_IRQHandler
                0x08002794                EXTI4_IRQHandler
                0x08002794                WWDG_IRQHandler
                0x08002794                OTG_FS_WKUP_IRQHandler
                0x08002794                TIM1_TRG_COM_TIM11_IRQHandler
                0x08002794                EXTI1_IRQHandler
                0x08002794                USART2_IRQHandler
                0x08002794                I2C2_ER_IRQHandler
                0x08002794                DMA2_Stream1_IRQHandler
                0x08002794                FLASH_IRQHandler
                0x08002794                DMA2_Stream4_IRQHandler
                0x08002794                USART1_IRQHandler
                0x08002794                OTG_FS_IRQHandler
                0x08002794                SPI3_IRQHandler
                0x08002794                DMA1_Stream4_IRQHandler
                0x08002794                I2C1_ER_IRQHandler
                0x08002794                DMA2_Stream6_IRQHandler
                0x08002794                DMA1_Stream3_IRQHandler
 *fill*         0x08002796        0x2 
 .text.HAL_Init
                0x08002798       0x44 ./Drivers/STM32F4xx_HAL_Driver/Src/stm32f4xx_hal.o
                0x08002798                HAL_Init
 .text.HAL_InitTick
                0x080027dc       0x60 ./Drivers/STM32F4xx_HAL_Driver/Src/stm32f4xx_hal.o
                0x080027dc                HAL_InitTick
 .text.HAL_IncTick
                0x0800283c       0x28 ./Drivers/STM32F4xx_HAL_Driver/Src/stm32f4xx_hal.o
                0x0800283c                HAL_IncTick
 .text.HAL_GetTick
                0x08002864       0x18 ./Drivers/STM32F4xx_HAL_Driver/Src/stm32f4xx_hal.o
                0x08002864                HAL_GetTick
 .text.HAL_ADC_Init
                0x0800287c       0x86 ./Drivers/STM32F4xx_HAL_Driver/Src/stm32f4xx_hal_adc.o
                0x0800287c                HAL_ADC_Init
 *fill*         0x08002902        0x2 
 .text.HAL_ADC_Start_IT
                0x08002904      0x17c ./Drivers/STM32F4xx_HAL_Driver/Src/stm32f4xx_hal_adc.o
                0x08002904                HAL_ADC_Start_IT
 .text.HAL_ADC_Start_DMA
                0x08002a80      0x1e0 ./Drivers/STM32F4xx_HAL_Driver/Src/stm32f4xx_hal_adc.o
                0x08002a80                HAL_ADC_Start_DMA
 .text.HAL_ADC_ConvCpltCallback
                0x08002c60       0x14 ./Drivers/STM32F4xx_HAL_Driver/Src/stm32f4xx_hal_adc.o
                0x08002c60                HAL_ADC_ConvCpltCallback
 .text.HAL_ADC_ConvHalfCpltCallback
                0x08002c74       0x14 ./Drivers/STM32F4xx_HAL_Driver/Src/stm32f4xx_hal_adc.o
                0x08002c74                HAL_ADC_ConvHalfCpltCallback
 .text.HAL_ADC_ErrorCallback
                0x08002c88       0x14 ./Drivers/STM32F4xx_HAL_Driver/Src/stm32f4xx_hal_adc.o
                0x08002c88                HAL_ADC_ErrorCallback
 .text.HAL_ADC_ConfigChannel
                0x08002c9c      0x264 ./Drivers/STM32F4xx_HAL_Driver/Src/stm32f4xx_hal_adc.o
                0x08002c9c                HAL_ADC_ConfigChannel
 .text.ADC_Init
                0x08002f00      0x1f8 ./Drivers/STM32F4xx_HAL_Driver/Src/stm32f4xx_hal_adc.o
 .text.ADC_DMAConvCplt
                0x080030f8       0xba ./Drivers/STM32F4xx_HAL_Driver/Src/stm32f4xx_hal_adc.o
 .text.ADC_DMAHalfConvCplt
                0x080031b2       0x1c ./Drivers/STM32F4xx_HAL_Driver/Src/stm32f4xx_hal_adc.o
 .text.ADC_DMAError
                0x080031ce       0x2e ./Drivers/STM32F4xx_HAL_Driver/Src/stm32f4xx_hal_adc.o
 .text.__NVIC_SetPriorityGrouping
                0x080031fc       0x48 ./Drivers/STM32F4xx_HAL_Driver/Src/stm32f4xx_hal_cortex.o
 .text.__NVIC_GetPriorityGrouping
                0x08003244       0x1c ./Drivers/STM32F4xx_HAL_Driver/Src/stm32f4xx_hal_cortex.o
 .text.__NVIC_EnableIRQ
                0x08003260       0x3c ./Drivers/STM32F4xx_HAL_Driver/Src/stm32f4xx_hal_cortex.o
 .text.__NVIC_SetPriority
                0x0800329c       0x54 ./Drivers/STM32F4xx_HAL_Driver/Src/stm32f4xx_hal_cortex.o
 .text.NVIC_EncodePriority
                0x080032f0       0x66 ./Drivers/STM32F4xx_HAL_Driver/Src/stm32f4xx_hal_cortex.o
 *fill*         0x08003356        0x2 
 .text.SysTick_Config
                0x08003358       0x44 ./Drivers/STM32F4xx_HAL_Driver/Src/stm32f4xx_hal_cortex.o
 .text.HAL_NVIC_SetPriorityGrouping
                0x0800339c       0x16 ./Drivers/STM32F4xx_HAL_Driver/Src/stm32f4xx_hal_cortex.o
                0x0800339c                HAL_NVIC_SetPriorityGrouping
 .text.HAL_NVIC_SetPriority
                0x080033b2       0x38 ./Drivers/STM32F4xx_HAL_Driver/Src/stm32f4xx_hal_cortex.o
                0x080033b2                HAL_NVIC_SetPriority
 .text.HAL_NVIC_EnableIRQ
                0x080033ea       0x1c ./Drivers/STM32F4xx_HAL_Driver/Src/stm32f4xx_hal_cortex.o
                0x080033ea                HAL_NVIC_EnableIRQ
 .text.HAL_SYSTICK_Config
                0x08003406       0x18 ./Drivers/STM32F4xx_HAL_Driver/Src/stm32f4xx_hal_cortex.o
                0x08003406                HAL_SYSTICK_Config
 *fill*         0x0800341e        0x2 
 .text.HAL_DMA_Init
                0x08003420      0x15c ./Drivers/STM32F4xx_HAL_Driver/Src/stm32f4xx_hal_dma.o
                0x08003420                HAL_DMA_Init
 .text.HAL_DMA_Start_IT
                0x0800357c       0xb0 ./Drivers/STM32F4xx_HAL_Driver/Src/stm32f4xx_hal_dma.o
                0x0800357c                HAL_DMA_Start_IT
 .text.HAL_DMA_IRQHandler
                0x0800362c      0x314 ./Drivers/STM32F4xx_HAL_Driver/Src/stm32f4xx_hal_dma.o
                0x0800362c                HAL_DMA_IRQHandler
 .text.DMA_SetConfig
                0x08003940       0x5c ./Drivers/STM32F4xx_HAL_Driver/Src/stm32f4xx_hal_dma.o
 .text.DMA_CalcBaseAndBitshift
                0x0800399c       0x6c ./Drivers/STM32F4xx_HAL_Driver/Src/stm32f4xx_hal_dma.o
 .text.DMA_CheckFifoParam
                0x08003a08       0xf8 ./Drivers/STM32F4xx_HAL_Driver/Src/stm32f4xx_hal_dma.o
 .text.HAL_GPIO_Init
                0x08003b00      0x308 ./Drivers/STM32F4xx_HAL_Driver/Src/stm32f4xx_hal_gpio.o
                0x08003b00                HAL_GPIO_Init
 .text.HAL_RCC_OscConfig
                0x08003e08      0x4f0 ./Drivers/STM32F4xx_HAL_Driver/Src/stm32f4xx_hal_rcc.o
                0x08003e08                HAL_RCC_OscConfig
 .text.HAL_RCC_ClockConfig
                0x080042f8      0x1cc ./Drivers/STM32F4xx_HAL_Driver/Src/stm32f4xx_hal_rcc.o
                0x080042f8                HAL_RCC_ClockConfig
 .text.HAL_RCC_GetSysClockFreq
                0x080044c4      0x20c ./Drivers/STM32F4xx_HAL_Driver/Src/stm32f4xx_hal_rcc.o
                0x080044c4                HAL_RCC_GetSysClockFreq
 .text.HAL_RCC_GetHCLKFreq
                0x080046d0       0x18 ./Drivers/STM32F4xx_HAL_Driver/Src/stm32f4xx_hal_rcc.o
                0x080046d0                HAL_RCC_GetHCLKFreq
 .text.HAL_RCC_GetPCLK1Freq
                0x080046e8       0x28 ./Drivers/STM32F4xx_HAL_Driver/Src/stm32f4xx_hal_rcc.o
                0x080046e8                HAL_RCC_GetPCLK1Freq
 .text.HAL_RCC_GetPCLK2Freq
                0x08004710       0x28 ./Drivers/STM32F4xx_HAL_Driver/Src/stm32f4xx_hal_rcc.o
                0x08004710                HAL_RCC_GetPCLK2Freq
 .text.HAL_TIM_Base_Init
                0x08004738       0x9e ./Drivers/STM32F4xx_HAL_Driver/Src/stm32f4xx_hal_tim.o
                0x08004738                HAL_TIM_Base_Init
 *fill*         0x080047d6        0x2 
 .text.HAL_TIM_Base_Start_IT
                0x080047d8       0xc4 ./Drivers/STM32F4xx_HAL_Driver/Src/stm32f4xx_hal_tim.o
                0x080047d8                HAL_TIM_Base_Start_IT
 .text.HAL_TIM_IRQHandler
                0x0800489c      0x1e0 ./Drivers/STM32F4xx_HAL_Driver/Src/stm32f4xx_hal_tim.o
                0x0800489c                HAL_TIM_IRQHandler
 .text.HAL_TIM_ConfigClockSource
                0x08004a7c      0x18e ./Drivers/STM32F4xx_HAL_Driver/Src/stm32f4xx_hal_tim.o
                0x08004a7c                HAL_TIM_ConfigClockSource
 .text.HAL_TIM_PeriodElapsedCallback
                0x08004c0a       0x14 ./Drivers/STM32F4xx_HAL_Driver/Src/stm32f4xx_hal_tim.o
                0x08004c0a                HAL_TIM_PeriodElapsedCallback
 .text.HAL_TIM_OC_DelayElapsedCallback
                0x08004c1e       0x14 ./Drivers/STM32F4xx_HAL_Driver/Src/stm32f4xx_hal_tim.o
                0x08004c1e                HAL_TIM_OC_DelayElapsedCallback
 .text.HAL_TIM_IC_CaptureCallback
                0x08004c32       0x14 ./Drivers/STM32F4xx_HAL_Driver/Src/stm32f4xx_hal_tim.o
                0x08004c32                HAL_TIM_IC_CaptureCallback
 .text.HAL_TIM_PWM_PulseFinishedCallback
                0x08004c46       0x14 ./Drivers/STM32F4xx_HAL_Driver/Src/stm32f4xx_hal_tim.o
                0x08004c46                HAL_TIM_PWM_PulseFinishedCallback
 .text.HAL_TIM_TriggerCallback
                0x08004c5a       0x14 ./Drivers/STM32F4xx_HAL_Driver/Src/stm32f4xx_hal_tim.o
                0x08004c5a                HAL_TIM_TriggerCallback
 *fill*         0x08004c6e        0x2 
 .text.TIM_Base_SetConfig
                0x08004c70      0x118 ./Drivers/STM32F4xx_HAL_Driver/Src/stm32f4xx_hal_tim.o
                0x08004c70                TIM_Base_SetConfig
 .text.TIM_TI1_ConfigInputStage
                0x08004d88       0x5e ./Drivers/STM32F4xx_HAL_Driver/Src/stm32f4xx_hal_tim.o
 .text.TIM_TI2_ConfigInputStage
                0x08004de6       0x60 ./Drivers/STM32F4xx_HAL_Driver/Src/stm32f4xx_hal_tim.o
 .text.TIM_ITRx_SetConfig
                0x08004e46       0x36 ./Drivers/STM32F4xx_HAL_Driver/Src/stm32f4xx_hal_tim.o
 .text.TIM_ETR_SetConfig
                0x08004e7c       0x40 ./Drivers/STM32F4xx_HAL_Driver/Src/stm32f4xx_hal_tim.o
                0x08004e7c                TIM_ETR_SetConfig
 .text.HAL_TIMEx_MasterConfigSynchronization
                0x08004ebc       0xdc ./Drivers/STM32F4xx_HAL_Driver/Src/stm32f4xx_hal_tim_ex.o
                0x08004ebc                HAL_TIMEx_MasterConfigSynchronization
 .text.HAL_TIMEx_CommutCallback
                0x08004f98       0x14 ./Drivers/STM32F4xx_HAL_Driver/Src/stm32f4xx_hal_tim_ex.o
                0x08004f98                HAL_TIMEx_CommutCallback
 .text.HAL_TIMEx_BreakCallback
                0x08004fac       0x14 ./Drivers/STM32F4xx_HAL_Driver/Src/stm32f4xx_hal_tim_ex.o
                0x08004fac                HAL_TIMEx_BreakCallback
 .text.HAL_UART_Init
                0x08004fc0       0xa0 ./Drivers/STM32F4xx_HAL_Driver/Src/stm32f4xx_hal_uart.o
                0x08004fc0                HAL_UART_Init
 .text.HAL_UART_Transmit
                0x08005060      0x116 ./Drivers/STM32F4xx_HAL_Driver/Src/stm32f4xx_hal_uart.o
                0x08005060                HAL_UART_Transmit
 .text.UART_WaitOnFlagUntilTimeout
                0x08005176       0xb2 ./Drivers/STM32F4xx_HAL_Driver/Src/stm32f4xx_hal_uart.o
 .text.UART_EndRxTransfer
                0x08005228       0xc6 ./Drivers/STM32F4xx_HAL_Driver/Src/stm32f4xx_hal_uart.o
 *fill*         0x080052ee        0x2 
 .text.UART_SetConfig
                0x080052f0      0x4e8 ./Drivers/STM32F4xx_HAL_Driver/Src/stm32f4xx_hal_uart.o
 .text.sprintf  0x080057d8       0x40 D:/STM32 IDE/STM32CubeIDE_1.16.0/STM32CubeIDE/plugins/com.st.stm32cube.ide.mcu.externaltools.gnu-tools-for-stm32.12.3.rel1.win32_1.0.200.202406191623/tools/bin/../lib/gcc/arm-none-eabi/12.3.1/../../../../arm-none-eabi/lib/thumb/v7e-m+fp/hard\libc_nano.a(libc_a-sprintf.o)
                0x080057d8                siprintf
                0x080057d8                sprintf
 .text.memset   0x08005818       0x10 D:/STM32 IDE/STM32CubeIDE_1.16.0/STM32CubeIDE/plugins/com.st.stm32cube.ide.mcu.externaltools.gnu-tools-for-stm32.12.3.rel1.win32_1.0.200.202406191623/tools/bin/../lib/gcc/arm-none-eabi/12.3.1/../../../../arm-none-eabi/lib/thumb/v7e-m+fp/hard\libc_nano.a(libc_a-memset.o)
                0x08005818                memset
 .text.__errno  0x08005828        0xc D:/STM32 IDE/STM32CubeIDE_1.16.0/STM32CubeIDE/plugins/com.st.stm32cube.ide.mcu.externaltools.gnu-tools-for-stm32.12.3.rel1.win32_1.0.200.202406191623/tools/bin/../lib/gcc/arm-none-eabi/12.3.1/../../../../arm-none-eabi/lib/thumb/v7e-m+fp/hard\libc_nano.a(libc_a-errno.o)
                0x08005828                __errno
 .text.__libc_init_array
                0x08005834       0x48 D:/STM32 IDE/STM32CubeIDE_1.16.0/STM32CubeIDE/plugins/com.st.stm32cube.ide.mcu.externaltools.gnu-tools-for-stm32.12.3.rel1.win32_1.0.200.202406191623/tools/bin/../lib/gcc/arm-none-eabi/12.3.1/../../../../arm-none-eabi/lib/thumb/v7e-m+fp/hard\libc_nano.a(libc_a-init.o)
                0x08005834                __libc_init_array
 .text.__retarget_lock_acquire_recursive
                0x0800587c        0x2 D:/STM32 IDE/STM32CubeIDE_1.16.0/STM32CubeIDE/plugins/com.st.stm32cube.ide.mcu.externaltools.gnu-tools-for-stm32.12.3.rel1.win32_1.0.200.202406191623/tools/bin/../lib/gcc/arm-none-eabi/12.3.1/../../../../arm-none-eabi/lib/thumb/v7e-m+fp/hard\libc_nano.a(libc_a-lock.o)
                0x0800587c                __retarget_lock_acquire_recursive
 .text.__retarget_lock_release_recursive
                0x0800587e        0x2 D:/STM32 IDE/STM32CubeIDE_1.16.0/STM32CubeIDE/plugins/com.st.stm32cube.ide.mcu.externaltools.gnu-tools-for-stm32.12.3.rel1.win32_1.0.200.202406191623/tools/bin/../lib/gcc/arm-none-eabi/12.3.1/../../../../arm-none-eabi/lib/thumb/v7e-m+fp/hard\libc_nano.a(libc_a-lock.o)
                0x0800587e                __retarget_lock_release_recursive
 .text._free_r  0x08005880       0x94 D:/STM32 IDE/STM32CubeIDE_1.16.0/STM32CubeIDE/plugins/com.st.stm32cube.ide.mcu.externaltools.gnu-tools-for-stm32.12.3.rel1.win32_1.0.200.202406191623/tools/bin/../lib/gcc/arm-none-eabi/12.3.1/../../../../arm-none-eabi/lib/thumb/v7e-m+fp/hard\libc_nano.a(libc_a-freer.o)
                0x08005880                _free_r
 .text.sbrk_aligned
                0x08005914       0x44 D:/STM32 IDE/STM32CubeIDE_1.16.0/STM32CubeIDE/plugins/com.st.stm32cube.ide.mcu.externaltools.gnu-tools-for-stm32.12.3.rel1.win32_1.0.200.202406191623/tools/bin/../lib/gcc/arm-none-eabi/12.3.1/../../../../arm-none-eabi/lib/thumb/v7e-m+fp/hard\libc_nano.a(libc_a-mallocr.o)
 .text._malloc_r
                0x08005958      0x100 D:/STM32 IDE/STM32CubeIDE_1.16.0/STM32CubeIDE/plugins/com.st.stm32cube.ide.mcu.externaltools.gnu-tools-for-stm32.12.3.rel1.win32_1.0.200.202406191623/tools/bin/../lib/gcc/arm-none-eabi/12.3.1/../../../../arm-none-eabi/lib/thumb/v7e-m+fp/hard\libc_nano.a(libc_a-mallocr.o)
                0x08005958                _malloc_r
 .text.__malloc_lock
                0x08005a58        0xc D:/STM32 IDE/STM32CubeIDE_1.16.0/STM32CubeIDE/plugins/com.st.stm32cube.ide.mcu.externaltools.gnu-tools-for-stm32.12.3.rel1.win32_1.0.200.202406191623/tools/bin/../lib/gcc/arm-none-eabi/12.3.1/../../../../arm-none-eabi/lib/thumb/v7e-m+fp/hard\libc_nano.a(libc_a-mlock.o)
                0x08005a58                __malloc_lock
 .text.__malloc_unlock
                0x08005a64        0xc D:/STM32 IDE/STM32CubeIDE_1.16.0/STM32CubeIDE/plugins/com.st.stm32cube.ide.mcu.externaltools.gnu-tools-for-stm32.12.3.rel1.win32_1.0.200.202406191623/tools/bin/../lib/gcc/arm-none-eabi/12.3.1/../../../../arm-none-eabi/lib/thumb/v7e-m+fp/hard\libc_nano.a(libc_a-mlock.o)
                0x08005a64                __malloc_unlock
 .text.__ssputs_r
                0x08005a70       0xb6 D:/STM32 IDE/STM32CubeIDE_1.16.0/STM32CubeIDE/plugins/com.st.stm32cube.ide.mcu.externaltools.gnu-tools-for-stm32.12.3.rel1.win32_1.0.200.202406191623/tools/bin/../lib/gcc/arm-none-eabi/12.3.1/../../../../arm-none-eabi/lib/thumb/v7e-m+fp/hard\libc_nano.a(libc_a-nano-svfprintf.o)
                0x08005a70                __ssputs_r
 *fill*         0x08005b26        0x2 
 .text._svfprintf_r
                0x08005b28      0x1f8 D:/STM32 IDE/STM32CubeIDE_1.16.0/STM32CubeIDE/plugins/com.st.stm32cube.ide.mcu.externaltools.gnu-tools-for-stm32.12.3.rel1.win32_1.0.200.202406191623/tools/bin/../lib/gcc/arm-none-eabi/12.3.1/../../../../arm-none-eabi/lib/thumb/v7e-m+fp/hard\libc_nano.a(libc_a-nano-svfprintf.o)
                0x08005b28                _svfiprintf_r
                0x08005b28                _svfprintf_r
 .text._printf_common
                0x08005d20       0xda D:/STM32 IDE/STM32CubeIDE_1.16.0/STM32CubeIDE/plugins/com.st.stm32cube.ide.mcu.externaltools.gnu-tools-for-stm32.12.3.rel1.win32_1.0.200.202406191623/tools/bin/../lib/gcc/arm-none-eabi/12.3.1/../../../../arm-none-eabi/lib/thumb/v7e-m+fp/hard\libc_nano.a(libc_a-nano-vfprintf_i.o)
                0x08005d20                _printf_common
 *fill*         0x08005dfa        0x2 
 .text._printf_i
                0x08005dfc      0x240 D:/STM32 IDE/STM32CubeIDE_1.16.0/STM32CubeIDE/plugins/com.st.stm32cube.ide.mcu.externaltools.gnu-tools-for-stm32.12.3.rel1.win32_1.0.200.202406191623/tools/bin/../lib/gcc/arm-none-eabi/12.3.1/../../../../arm-none-eabi/lib/thumb/v7e-m+fp/hard\libc_nano.a(libc_a-nano-vfprintf_i.o)
                0x08005dfc                _printf_i
 .text.memmove  0x0800603c       0x34 D:/STM32 IDE/STM32CubeIDE_1.16.0/STM32CubeIDE/plugins/com.st.stm32cube.ide.mcu.externaltools.gnu-tools-for-stm32.12.3.rel1.win32_1.0.200.202406191623/tools/bin/../lib/gcc/arm-none-eabi/12.3.1/../../../../arm-none-eabi/lib/thumb/v7e-m+fp/hard\libc_nano.a(libc_a-memmove.o)
                0x0800603c                memmove
 .text._sbrk_r  0x08006070       0x20 D:/STM32 IDE/STM32CubeIDE_1.16.0/STM32CubeIDE/plugins/com.st.stm32cube.ide.mcu.externaltools.gnu-tools-for-stm32.12.3.rel1.win32_1.0.200.202406191623/tools/bin/../lib/gcc/arm-none-eabi/12.3.1/../../../../arm-none-eabi/lib/thumb/v7e-m+fp/hard\libc_nano.a(libc_a-sbrkr.o)
                0x08006070                _sbrk_r
 .text.memcpy   0x08006090       0x1c D:/STM32 IDE/STM32CubeIDE_1.16.0/STM32CubeIDE/plugins/com.st.stm32cube.ide.mcu.externaltools.gnu-tools-for-stm32.12.3.rel1.win32_1.0.200.202406191623/tools/bin/../lib/gcc/arm-none-eabi/12.3.1/../../../../arm-none-eabi/lib/thumb/v7e-m+fp/hard\libc_nano.a(libc_a-memcpy-stub.o)
                0x08006090                memcpy
 .text._realloc_r
                0x080060ac       0x5c D:/STM32 IDE/STM32CubeIDE_1.16.0/STM32CubeIDE/plugins/com.st.stm32cube.ide.mcu.externaltools.gnu-tools-for-stm32.12.3.rel1.win32_1.0.200.202406191623/tools/bin/../lib/gcc/arm-none-eabi/12.3.1/../../../../arm-none-eabi/lib/thumb/v7e-m+fp/hard\libc_nano.a(libc_a-reallocr.o)
                0x080060ac                _realloc_r
 .text._malloc_usable_size_r
                0x08006108       0x10 D:/STM32 IDE/STM32CubeIDE_1.16.0/STM32CubeIDE/plugins/com.st.stm32cube.ide.mcu.externaltools.gnu-tools-for-stm32.12.3.rel1.win32_1.0.200.202406191623/tools/bin/../lib/gcc/arm-none-eabi/12.3.1/../../../../arm-none-eabi/lib/thumb/v7e-m+fp/hard\libc_nano.a(libc_a-msizer.o)
                0x08006108                _malloc_usable_size_r
 .text.cos      0x08006118       0xa8 D:/STM32 IDE/STM32CubeIDE_1.16.0/STM32CubeIDE/plugins/com.st.stm32cube.ide.mcu.externaltools.gnu-tools-for-stm32.12.3.rel1.win32_1.0.200.202406191623/tools/bin/../lib/gcc/arm-none-eabi/12.3.1/../../../../arm-none-eabi/lib/thumb/v7e-m+fp/hard\libm.a(libm_a-s_cos.o)
                0x08006118                cos
 .text.__kernel_cos
                0x080061c0      0x18c D:/STM32 IDE/STM32CubeIDE_1.16.0/STM32CubeIDE/plugins/com.st.stm32cube.ide.mcu.externaltools.gnu-tools-for-stm32.12.3.rel1.win32_1.0.200.202406191623/tools/bin/../lib/gcc/arm-none-eabi/12.3.1/../../../../arm-none-eabi/lib/thumb/v7e-m+fp/hard\libm.a(libm_a-k_cos.o)
                0x080061c0                __kernel_cos
 *fill*         0x0800634c        0x4 
 .text.__kernel_sin
                0x08006350      0x174 D:/STM32 IDE/STM32CubeIDE_1.16.0/STM32CubeIDE/plugins/com.st.stm32cube.ide.mcu.externaltools.gnu-tools-for-stm32.12.3.rel1.win32_1.0.200.202406191623/tools/bin/../lib/gcc/arm-none-eabi/12.3.1/../../../../arm-none-eabi/lib/thumb/v7e-m+fp/hard\libm.a(libm_a-k_sin.o)
                0x08006350                __kernel_sin
 *fill*         0x080064c4        0x4 
 .text.__ieee754_rem_pio2
                0x080064c8      0x3f8 D:/STM32 IDE/STM32CubeIDE_1.16.0/STM32CubeIDE/plugins/com.st.stm32cube.ide.mcu.externaltools.gnu-tools-for-stm32.12.3.rel1.win32_1.0.200.202406191623/tools/bin/../lib/gcc/arm-none-eabi/12.3.1/../../../../arm-none-eabi/lib/thumb/v7e-m+fp/hard\libm.a(libm_a-e_rem_pio2.o)
                0x080064c8                __ieee754_rem_pio2
 .text.fabs     0x080068c0       0x10 D:/STM32 IDE/STM32CubeIDE_1.16.0/STM32CubeIDE/plugins/com.st.stm32cube.ide.mcu.externaltools.gnu-tools-for-stm32.12.3.rel1.win32_1.0.200.202406191623/tools/bin/../lib/gcc/arm-none-eabi/12.3.1/../../../../arm-none-eabi/lib/thumb/v7e-m+fp/hard\libm.a(libm_a-s_fabs.o)
                0x080068c0                fabs
 .text.__kernel_rem_pio2
                0x080068d0      0x6b0 D:/STM32 IDE/STM32CubeIDE_1.16.0/STM32CubeIDE/plugins/com.st.stm32cube.ide.mcu.externaltools.gnu-tools-for-stm32.12.3.rel1.win32_1.0.200.202406191623/tools/bin/../lib/gcc/arm-none-eabi/12.3.1/../../../../arm-none-eabi/lib/thumb/v7e-m+fp/hard\libm.a(libm_a-k_rem_pio2.o)
                0x080068d0                __kernel_rem_pio2
 .text.scalbn   0x08006f80       0xfc D:/STM32 IDE/STM32CubeIDE_1.16.0/STM32CubeIDE/plugins/com.st.stm32cube.ide.mcu.externaltools.gnu-tools-for-stm32.12.3.rel1.win32_1.0.200.202406191623/tools/bin/../lib/gcc/arm-none-eabi/12.3.1/../../../../arm-none-eabi/lib/thumb/v7e-m+fp/hard\libm.a(libm_a-s_scalbn.o)
                0x08006f80                scalbn
 *fill*         0x0800707c        0x4 
 .text.floor    0x08007080       0xf8 D:/STM32 IDE/STM32CubeIDE_1.16.0/STM32CubeIDE/plugins/com.st.stm32cube.ide.mcu.externaltools.gnu-tools-for-stm32.12.3.rel1.win32_1.0.200.202406191623/tools/bin/../lib/gcc/arm-none-eabi/12.3.1/../../../../arm-none-eabi/lib/thumb/v7e-m+fp/hard\libm.a(libm_a-s_floor.o)
                0x08007080                floor
 *(.glue_7)
 .glue_7        0x08007178        0x0 linker stubs
 *(.glue_7t)
 .glue_7t       0x08007178        0x0 linker stubs
 *(.eh_frame)
 .eh_frame      0x08007178        0x0 D:/STM32 IDE/STM32CubeIDE_1.16.0/STM32CubeIDE/plugins/com.st.stm32cube.ide.mcu.externaltools.gnu-tools-for-stm32.12.3.rel1.win32_1.0.200.202406191623/tools/bin/../lib/gcc/arm-none-eabi/12.3.1/thumb/v7e-m+fp/hard/crtbegin.o
 *(.init)
 .init          0x08007178        0x4 D:/STM32 IDE/STM32CubeIDE_1.16.0/STM32CubeIDE/plugins/com.st.stm32cube.ide.mcu.externaltools.gnu-tools-for-stm32.12.3.rel1.win32_1.0.200.202406191623/tools/bin/../lib/gcc/arm-none-eabi/12.3.1/thumb/v7e-m+fp/hard/crti.o
                0x08007178                _init
 .init          0x0800717c        0x8 D:/STM32 IDE/STM32CubeIDE_1.16.0/STM32CubeIDE/plugins/com.st.stm32cube.ide.mcu.externaltools.gnu-tools-for-stm32.12.3.rel1.win32_1.0.200.202406191623/tools/bin/../lib/gcc/arm-none-eabi/12.3.1/thumb/v7e-m+fp/hard/crtn.o
 *(.fini)
 .fini          0x08007184        0x4 D:/STM32 IDE/STM32CubeIDE_1.16.0/STM32CubeIDE/plugins/com.st.stm32cube.ide.mcu.externaltools.gnu-tools-for-stm32.12.3.rel1.win32_1.0.200.202406191623/tools/bin/../lib/gcc/arm-none-eabi/12.3.1/thumb/v7e-m+fp/hard/crti.o
                0x08007184                _fini
 .fini          0x08007188        0x8 D:/STM32 IDE/STM32CubeIDE_1.16.0/STM32CubeIDE/plugins/com.st.stm32cube.ide.mcu.externaltools.gnu-tools-for-stm32.12.3.rel1.win32_1.0.200.202406191623/tools/bin/../lib/gcc/arm-none-eabi/12.3.1/thumb/v7e-m+fp/hard/crtn.o
                0x08007190                        . = ALIGN (0x4)
                0x08007190                        _etext = .

.vfp11_veneer   0x08007190        0x0
 .vfp11_veneer  0x08007190        0x0 linker stubs

.v4_bx          0x08007190        0x0
 .v4_bx         0x08007190        0x0 linker stubs

.iplt           0x08007190        0x0
 .iplt          0x08007190        0x0 D:/STM32 IDE/STM32CubeIDE_1.16.0/STM32CubeIDE/plugins/com.st.stm32cube.ide.mcu.externaltools.gnu-tools-for-stm32.12.3.rel1.win32_1.0.200.202406191623/tools/bin/../lib/gcc/arm-none-eabi/12.3.1/thumb/v7e-m+fp/hard/crtbegin.o

.rodata         0x08007190      0x2e0
                0x08007190                        . = ALIGN (0x4)
 *(.rodata)
 .rodata        0x08007190       0x2b ./Core/Src/main.o
 *fill*         0x080071bb        0x1 
 .rodata        0x080071bc       0x87 ./Core/Src/qrs_detector.o
 *(.rodata*)
 *fill*         0x08007243        0x1 
 .rodata.AHBPrescTable
                0x08007244       0x10 ./Core/Src/system_stm32f4xx.o
                0x08007244                AHBPrescTable
 .rodata.APBPrescTable
                0x08007254        0x8 ./Core/Src/system_stm32f4xx.o
                0x08007254                APBPrescTable
 .rodata.flagBitshiftOffset.0
                0x0800725c        0x8 ./Drivers/STM32F4xx_HAL_Driver/Src/stm32f4xx_hal_dma.o
 .rodata._svfprintf_r.str1.1
                0x08007264       0x11 D:/STM32 IDE/STM32CubeIDE_1.16.0/STM32CubeIDE/plugins/com.st.stm32cube.ide.mcu.externaltools.gnu-tools-for-stm32.12.3.rel1.win32_1.0.200.202406191623/tools/bin/../lib/gcc/arm-none-eabi/12.3.1/../../../../arm-none-eabi/lib/thumb/v7e-m+fp/hard\libc_nano.a(libc_a-nano-svfprintf.o)
 .rodata._printf_i.str1.1
                0x08007275       0x22 D:/STM32 IDE/STM32CubeIDE_1.16.0/STM32CubeIDE/plugins/com.st.stm32cube.ide.mcu.externaltools.gnu-tools-for-stm32.12.3.rel1.win32_1.0.200.202406191623/tools/bin/../lib/gcc/arm-none-eabi/12.3.1/../../../../arm-none-eabi/lib/thumb/v7e-m+fp/hard\libc_nano.a(libc_a-nano-vfprintf_i.o)
 *fill*         0x08007297        0x1 
 .rodata.npio2_hw
                0x08007298       0x80 D:/STM32 IDE/STM32CubeIDE_1.16.0/STM32CubeIDE/plugins/com.st.stm32cube.ide.mcu.externaltools.gnu-tools-for-stm32.12.3.rel1.win32_1.0.200.202406191623/tools/bin/../lib/gcc/arm-none-eabi/12.3.1/../../../../arm-none-eabi/lib/thumb/v7e-m+fp/hard\libm.a(libm_a-e_rem_pio2.o)
 .rodata.two_over_pi
                0x08007318      0x108 D:/STM32 IDE/STM32CubeIDE_1.16.0/STM32CubeIDE/plugins/com.st.stm32cube.ide.mcu.externaltools.gnu-tools-for-stm32.12.3.rel1.win32_1.0.200.202406191623/tools/bin/../lib/gcc/arm-none-eabi/12.3.1/../../../../arm-none-eabi/lib/thumb/v7e-m+fp/hard\libm.a(libm_a-e_rem_pio2.o)
 .rodata.PIo2   0x08007420       0x40 D:/STM32 IDE/STM32CubeIDE_1.16.0/STM32CubeIDE/plugins/com.st.stm32cube.ide.mcu.externaltools.gnu-tools-for-stm32.12.3.rel1.win32_1.0.200.202406191623/tools/bin/../lib/gcc/arm-none-eabi/12.3.1/../../../../arm-none-eabi/lib/thumb/v7e-m+fp/hard\libm.a(libm_a-k_rem_pio2.o)
 .rodata.init_jk
                0x08007460       0x10 D:/STM32 IDE/STM32CubeIDE_1.16.0/STM32CubeIDE/plugins/com.st.stm32cube.ide.mcu.externaltools.gnu-tools-for-stm32.12.3.rel1.win32_1.0.200.202406191623/tools/bin/../lib/gcc/arm-none-eabi/12.3.1/../../../../arm-none-eabi/lib/thumb/v7e-m+fp/hard\libm.a(libm_a-k_rem_pio2.o)
                0x08007470                        . = ALIGN (0x4)

.ARM.extab      0x08007470        0x0
                0x08007470                        . = ALIGN (0x4)
 *(.ARM.extab* .gnu.linkonce.armextab.*)
                0x08007470                        . = ALIGN (0x4)

.ARM            0x08007470        0x8
                0x08007470                        . = ALIGN (0x4)
                0x08007470                        __exidx_start = .
 *(.ARM.exidx*)
 .ARM.exidx     0x08007470        0x8 D:/STM32 IDE/STM32CubeIDE_1.16.0/STM32CubeIDE/plugins/com.st.stm32cube.ide.mcu.externaltools.gnu-tools-for-stm32.12.3.rel1.win32_1.0.200.202406191623/tools/bin/../lib/gcc/arm-none-eabi/12.3.1/../../../../arm-none-eabi/lib/thumb/v7e-m+fp/hard\libc_nano.a(libc_a-strlen.o)
 .ARM.exidx     0x08007478        0x0 D:/STM32 IDE/STM32CubeIDE_1.16.0/STM32CubeIDE/plugins/com.st.stm32cube.ide.mcu.externaltools.gnu-tools-for-stm32.12.3.rel1.win32_1.0.200.202406191623/tools/bin/../lib/gcc/arm-none-eabi/12.3.1/../../../../arm-none-eabi/lib/thumb/v7e-m+fp/hard\libc_nano.a(libc_a-memchr.o)
                                  0x8 (size before relaxing)
 .ARM.exidx     0x08007478        0x0 D:/STM32 IDE/STM32CubeIDE_1.16.0/STM32CubeIDE/plugins/com.st.stm32cube.ide.mcu.externaltools.gnu-tools-for-stm32.12.3.rel1.win32_1.0.200.202406191623/tools/bin/../lib/gcc/arm-none-eabi/12.3.1/thumb/v7e-m+fp/hard\libgcc.a(_udivmoddi4.o)
                                  0x8 (size before relaxing)
                0x08007478                        __exidx_end = .
                0x08007478                        . = ALIGN (0x4)

.preinit_array  0x08007478        0x0
                0x08007478                        . = ALIGN (0x4)
                0x08007478                        PROVIDE (__preinit_array_start = .)
 *(.preinit_array*)
                0x08007478                        PROVIDE (__preinit_array_end = .)
                0x08007478                        . = ALIGN (0x4)

.init_array     0x08007478        0x4
                0x08007478                        . = ALIGN (0x4)
                0x08007478                        PROVIDE (__init_array_start = .)
 *(SORT_BY_NAME(.init_array.*))
 *(.init_array*)
 .init_array    0x08007478        0x4 D:/STM32 IDE/STM32CubeIDE_1.16.0/STM32CubeIDE/plugins/com.st.stm32cube.ide.mcu.externaltools.gnu-tools-for-stm32.12.3.rel1.win32_1.0.200.202406191623/tools/bin/../lib/gcc/arm-none-eabi/12.3.1/thumb/v7e-m+fp/hard/crtbegin.o
                0x0800747c                        PROVIDE (__init_array_end = .)
                0x0800747c                        . = ALIGN (0x4)

.fini_array     0x0800747c        0x4
                0x0800747c                        . = ALIGN (0x4)
                [!provide]                        PROVIDE (__fini_array_start = .)
 *(SORT_BY_NAME(.fini_array.*))
 *(.fini_array*)
 .fini_array    0x0800747c        0x4 D:/STM32 IDE/STM32CubeIDE_1.16.0/STM32CubeIDE/plugins/com.st.stm32cube.ide.mcu.externaltools.gnu-tools-for-stm32.12.3.rel1.win32_1.0.200.202406191623/tools/bin/../lib/gcc/arm-none-eabi/12.3.1/thumb/v7e-m+fp/hard/crtbegin.o
                [!provide]                        PROVIDE (__fini_array_end = .)
                0x08007480                        . = ALIGN (0x4)
                0x08007480                        _sidata = LOADADDR (.data)

.rel.dyn        0x08007480        0x0
 .rel.iplt      0x08007480        0x0 D:/STM32 IDE/STM32CubeIDE_1.16.0/STM32CubeIDE/plugins/com.st.stm32cube.ide.mcu.externaltools.gnu-tools-for-stm32.12.3.rel1.win32_1.0.200.202406191623/tools/bin/../lib/gcc/arm-none-eabi/12.3.1/thumb/v7e-m+fp/hard/crtbegin.o

.data           0x20000000       0x5c load address 0x08007480
                0x20000000                        . = ALIGN (0x4)
                0x20000000                        _sdata = .
 *(.data)
 *(.data*)
 .data.SystemCoreClock
                0x20000000        0x4 ./Core/Src/system_stm32f4xx.o
                0x20000000                SystemCoreClock
 .data.uwTickPrio
                0x20000004        0x4 ./Drivers/STM32F4xx_HAL_Driver/Src/stm32f4xx_hal.o
                0x20000004                uwTickPrio
 .data.uwTickFreq
                0x20000008        0x1 ./Drivers/STM32F4xx_HAL_Driver/Src/stm32f4xx_hal.o
                0x20000008                uwTickFreq
 *fill*         0x20000009        0x3 
 .data._impure_ptr
                0x2000000c        0x4 D:/STM32 IDE/STM32CubeIDE_1.16.0/STM32CubeIDE/plugins/com.st.stm32cube.ide.mcu.externaltools.gnu-tools-for-stm32.12.3.rel1.win32_1.0.200.202406191623/tools/bin/../lib/gcc/arm-none-eabi/12.3.1/../../../../arm-none-eabi/lib/thumb/v7e-m+fp/hard\libc_nano.a(libc_a-impure.o)
                0x2000000c                _impure_ptr
 .data._impure_data
                0x20000010       0x4c D:/STM32 IDE/STM32CubeIDE_1.16.0/STM32CubeIDE/plugins/com.st.stm32cube.ide.mcu.externaltools.gnu-tools-for-stm32.12.3.rel1.win32_1.0.200.202406191623/tools/bin/../lib/gcc/arm-none-eabi/12.3.1/../../../../arm-none-eabi/lib/thumb/v7e-m+fp/hard\libc_nano.a(libc_a-impure.o)
                0x20000010                _impure_data
 *(.RamFunc)
 *(.RamFunc*)
                0x2000005c                        . = ALIGN (0x4)
                0x2000005c                        _edata = .

.igot.plt       0x2000005c        0x0 load address 0x080074dc
 .igot.plt      0x2000005c        0x0 D:/STM32 IDE/STM32CubeIDE_1.16.0/STM32CubeIDE/plugins/com.st.stm32cube.ide.mcu.externaltools.gnu-tools-for-stm32.12.3.rel1.win32_1.0.200.202406191623/tools/bin/../lib/gcc/arm-none-eabi/12.3.1/thumb/v7e-m+fp/hard/crtbegin.o
                0x2000005c                        . = ALIGN (0x4)

.bss            0x2000005c      0xbb4 load address 0x080074dc
                0x2000005c                        _sbss = .
                0x2000005c                        __bss_start__ = _sbss
 *(.bss)
 .bss           0x2000005c       0x1c D:/STM32 IDE/STM32CubeIDE_1.16.0/STM32CubeIDE/plugins/com.st.stm32cube.ide.mcu.externaltools.gnu-tools-for-stm32.12.3.rel1.win32_1.0.200.202406191623/tools/bin/../lib/gcc/arm-none-eabi/12.3.1/thumb/v7e-m+fp/hard/crtbegin.o
 *(.bss*)
 .bss.qrs_flags
                0x20000078       0x40 ./Core/Src/main.o
                0x20000078                qrs_flags
 .bss.qrs_flag_index
                0x200000b8        0x1 ./Core/Src/main.o
                0x200000b8                qrs_flag_index
 *fill*         0x200000b9        0x3 
 .bss.hadc1     0x200000bc       0x48 ./Core/Src/main.o
                0x200000bc                hadc1
 .bss.hdma_adc1
                0x20000104       0x60 ./Core/Src/main.o
                0x20000104                hdma_adc1
 .bss.htim2     0x20000164       0x48 ./Core/Src/main.o
                0x20000164                htim2
 .bss.huart2    0x200001ac       0x48 ./Core/Src/main.o
                0x200001ac                huart2
 .bss.sendBuffer
                0x200001f4      0x258 ./Core/Src/main.o
                0x200001f4                sendBuffer
 .bss.send_flag
                0x2000044c        0x1 ./Core/Src/mylib.o
                0x2000044c                send_flag
 *fill*         0x2000044d        0x3 
 .bss.ADC_value
                0x20000450        0x4 ./Core/Src/mylib.o
                0x20000450                ADC_value
 .bss.adc_filter
                0x20000454        0x8 ./Core/Src/stm32f4xx_it.o
                0x20000454                adc_filter
 .bss.adc_buffer
                0x2000045c       0x18 ./Core/Src/stm32f4xx_it.o
                0x2000045c                adc_buffer
 .bss.adc_buffer_data
                0x20000474      0x200 ./Core/Src/stm32f4xx_it.o
                0x20000474                adc_buffer_data
 .bss.qrs_detector
                0x20000674      0x44c ./Core/Src/stm32f4xx_it.o
                0x20000674                qrs_detector
 .bss.__sbrk_heap_end
                0x20000ac0        0x4 ./Core/Src/sysmem.o
 .bss.uwTick    0x20000ac4        0x4 ./Drivers/STM32F4xx_HAL_Driver/Src/stm32f4xx_hal.o
                0x20000ac4                uwTick
 .bss.__sf      0x20000ac8      0x138 D:/STM32 IDE/STM32CubeIDE_1.16.0/STM32CubeIDE/plugins/com.st.stm32cube.ide.mcu.externaltools.gnu-tools-for-stm32.12.3.rel1.win32_1.0.200.202406191623/tools/bin/../lib/gcc/arm-none-eabi/12.3.1/../../../../arm-none-eabi/lib/thumb/v7e-m+fp/hard\libc_nano.a(libc_a-findfp.o)
                0x20000ac8                __sf
 .bss.errno     0x20000c00        0x4 D:/STM32 IDE/STM32CubeIDE_1.16.0/STM32CubeIDE/plugins/com.st.stm32cube.ide.mcu.externaltools.gnu-tools-for-stm32.12.3.rel1.win32_1.0.200.202406191623/tools/bin/../lib/gcc/arm-none-eabi/12.3.1/../../../../arm-none-eabi/lib/thumb/v7e-m+fp/hard\libc_nano.a(libc_a-reent.o)
                0x20000c00                errno
 .bss.__lock___malloc_recursive_mutex
                0x20000c04        0x1 D:/STM32 IDE/STM32CubeIDE_1.16.0/STM32CubeIDE/plugins/com.st.stm32cube.ide.mcu.externaltools.gnu-tools-for-stm32.12.3.rel1.win32_1.0.200.202406191623/tools/bin/../lib/gcc/arm-none-eabi/12.3.1/../../../../arm-none-eabi/lib/thumb/v7e-m+fp/hard\libc_nano.a(libc_a-lock.o)
                0x20000c04                __lock___malloc_recursive_mutex
 *fill*         0x20000c05        0x3 
 .bss.__malloc_sbrk_start
                0x20000c08        0x4 D:/STM32 IDE/STM32CubeIDE_1.16.0/STM32CubeIDE/plugins/com.st.stm32cube.ide.mcu.externaltools.gnu-tools-for-stm32.12.3.rel1.win32_1.0.200.202406191623/tools/bin/../lib/gcc/arm-none-eabi/12.3.1/../../../../arm-none-eabi/lib/thumb/v7e-m+fp/hard\libc_nano.a(libc_a-mallocr.o)
                0x20000c08                __malloc_sbrk_start
 .bss.__malloc_free_list
                0x20000c0c        0x4 D:/STM32 IDE/STM32CubeIDE_1.16.0/STM32CubeIDE/plugins/com.st.stm32cube.ide.mcu.externaltools.gnu-tools-for-stm32.12.3.rel1.win32_1.0.200.202406191623/tools/bin/../lib/gcc/arm-none-eabi/12.3.1/../../../../arm-none-eabi/lib/thumb/v7e-m+fp/hard\libc_nano.a(libc_a-mallocr.o)
                0x20000c0c                __malloc_free_list
 *(COMMON)
                0x20000c10                        . = ALIGN (0x4)
                0x20000c10                        _ebss = .
                0x20000c10                        __bss_end__ = _ebss

._user_heap_stack
                0x20000c10      0x600 load address 0x080074dc
                0x20000c10                        . = ALIGN (0x8)
                [!provide]                        PROVIDE (end = .)
                0x20000c10                        PROVIDE (_end = .)
                0x20000e10                        . = (. + _Min_Heap_Size)
 *fill*         0x20000c10      0x200 
                0x20001210                        . = (. + _Min_Stack_Size)
 *fill*         0x20000e10      0x400 
                0x20001210                        . = ALIGN (0x8)

/DISCARD/
 libc.a(*)
 libm.a(*)
 libgcc.a(*)

.ARM.attributes
                0x00000000       0x30
 *(.ARM.attributes)
 .ARM.attributes
                0x00000000       0x22 D:/STM32 IDE/STM32CubeIDE_1.16.0/STM32CubeIDE/plugins/com.st.stm32cube.ide.mcu.externaltools.gnu-tools-for-stm32.12.3.rel1.win32_1.0.200.202406191623/tools/bin/../lib/gcc/arm-none-eabi/12.3.1/thumb/v7e-m+fp/hard/crti.o
 .ARM.attributes
                0x00000022       0x34 D:/STM32 IDE/STM32CubeIDE_1.16.0/STM32CubeIDE/plugins/com.st.stm32cube.ide.mcu.externaltools.gnu-tools-for-stm32.12.3.rel1.win32_1.0.200.202406191623/tools/bin/../lib/gcc/arm-none-eabi/12.3.1/thumb/v7e-m+fp/hard/crtbegin.o
 .ARM.attributes
                0x00000056       0x34 ./Core/Src/cbuffer.o
 .ARM.attributes
                0x0000008a       0x34 ./Core/Src/filter.o
 .ARM.attributes
                0x000000be       0x34 ./Core/Src/main.o
 .ARM.attributes
                0x000000f2       0x34 ./Core/Src/mylib.o
 .ARM.attributes
                0x00000126       0x34 ./Core/Src/qrs_detector.o
 .ARM.attributes
                0x0000015a       0x34 ./Core/Src/stm32f4xx_hal_msp.o
 .ARM.attributes
                0x0000018e       0x34 ./Core/Src/stm32f4xx_it.o
 .ARM.attributes
                0x000001c2       0x34 ./Core/Src/sysmem.o
 .ARM.attributes
                0x000001f6       0x34 ./Core/Src/system_stm32f4xx.o
 .ARM.attributes
                0x0000022a       0x21 ./Core/Startup/startup_stm32f411vetx.o
 .ARM.attributes
                0x0000024b       0x34 ./Drivers/STM32F4xx_HAL_Driver/Src/stm32f4xx_hal.o
 .ARM.attributes
                0x0000027f       0x34 ./Drivers/STM32F4xx_HAL_Driver/Src/stm32f4xx_hal_adc.o
 .ARM.attributes
                0x000002b3       0x34 ./Drivers/STM32F4xx_HAL_Driver/Src/stm32f4xx_hal_cortex.o
 .ARM.attributes
                0x000002e7       0x34 ./Drivers/STM32F4xx_HAL_Driver/Src/stm32f4xx_hal_dma.o
 .ARM.attributes
                0x0000031b       0x34 ./Drivers/STM32F4xx_HAL_Driver/Src/stm32f4xx_hal_gpio.o
 .ARM.attributes
                0x0000034f       0x34 ./Drivers/STM32F4xx_HAL_Driver/Src/stm32f4xx_hal_rcc.o
 .ARM.attributes
                0x00000383       0x34 ./Drivers/STM32F4xx_HAL_Driver/Src/stm32f4xx_hal_tim.o
 .ARM.attributes
                0x000003b7       0x34 ./Drivers/STM32F4xx_HAL_Driver/Src/stm32f4xx_hal_tim_ex.o
 .ARM.attributes
                0x000003eb       0x34 ./Drivers/STM32F4xx_HAL_Driver/Src/stm32f4xx_hal_uart.o
 .ARM.attributes
                0x0000041f       0x34 D:/STM32 IDE/STM32CubeIDE_1.16.0/STM32CubeIDE/plugins/com.st.stm32cube.ide.mcu.externaltools.gnu-tools-for-stm32.12.3.rel1.win32_1.0.200.202406191623/tools/bin/../lib/gcc/arm-none-eabi/12.3.1/../../../../arm-none-eabi/lib/thumb/v7e-m+fp/hard\libc_nano.a(libc_a-findfp.o)
 .ARM.attributes
                0x00000453       0x34 D:/STM32 IDE/STM32CubeIDE_1.16.0/STM32CubeIDE/plugins/com.st.stm32cube.ide.mcu.externaltools.gnu-tools-for-stm32.12.3.rel1.win32_1.0.200.202406191623/tools/bin/../lib/gcc/arm-none-eabi/12.3.1/../../../../arm-none-eabi/lib/thumb/v7e-m+fp/hard\libc_nano.a(libc_a-sprintf.o)
 .ARM.attributes
                0x00000487       0x34 D:/STM32 IDE/STM32CubeIDE_1.16.0/STM32CubeIDE/plugins/com.st.stm32cube.ide.mcu.externaltools.gnu-tools-for-stm32.12.3.rel1.win32_1.0.200.202406191623/tools/bin/../lib/gcc/arm-none-eabi/12.3.1/../../../../arm-none-eabi/lib/thumb/v7e-m+fp/hard\libc_nano.a(libc_a-memset.o)
 .ARM.attributes
                0x000004bb       0x34 D:/STM32 IDE/STM32CubeIDE_1.16.0/STM32CubeIDE/plugins/com.st.stm32cube.ide.mcu.externaltools.gnu-tools-for-stm32.12.3.rel1.win32_1.0.200.202406191623/tools/bin/../lib/gcc/arm-none-eabi/12.3.1/../../../../arm-none-eabi/lib/thumb/v7e-m+fp/hard\libc_nano.a(libc_a-reent.o)
 .ARM.attributes
                0x000004ef       0x34 D:/STM32 IDE/STM32CubeIDE_1.16.0/STM32CubeIDE/plugins/com.st.stm32cube.ide.mcu.externaltools.gnu-tools-for-stm32.12.3.rel1.win32_1.0.200.202406191623/tools/bin/../lib/gcc/arm-none-eabi/12.3.1/../../../../arm-none-eabi/lib/thumb/v7e-m+fp/hard\libc_nano.a(libc_a-impure.o)
 .ARM.attributes
                0x00000523       0x34 D:/STM32 IDE/STM32CubeIDE_1.16.0/STM32CubeIDE/plugins/com.st.stm32cube.ide.mcu.externaltools.gnu-tools-for-stm32.12.3.rel1.win32_1.0.200.202406191623/tools/bin/../lib/gcc/arm-none-eabi/12.3.1/../../../../arm-none-eabi/lib/thumb/v7e-m+fp/hard\libc_nano.a(libc_a-errno.o)
 .ARM.attributes
                0x00000557       0x34 D:/STM32 IDE/STM32CubeIDE_1.16.0/STM32CubeIDE/plugins/com.st.stm32cube.ide.mcu.externaltools.gnu-tools-for-stm32.12.3.rel1.win32_1.0.200.202406191623/tools/bin/../lib/gcc/arm-none-eabi/12.3.1/../../../../arm-none-eabi/lib/thumb/v7e-m+fp/hard\libc_nano.a(libc_a-init.o)
 .ARM.attributes
                0x0000058b       0x34 D:/STM32 IDE/STM32CubeIDE_1.16.0/STM32CubeIDE/plugins/com.st.stm32cube.ide.mcu.externaltools.gnu-tools-for-stm32.12.3.rel1.win32_1.0.200.202406191623/tools/bin/../lib/gcc/arm-none-eabi/12.3.1/../../../../arm-none-eabi/lib/thumb/v7e-m+fp/hard\libc_nano.a(libc_a-lock.o)
 .ARM.attributes
                0x000005bf       0x17 D:/STM32 IDE/STM32CubeIDE_1.16.0/STM32CubeIDE/plugins/com.st.stm32cube.ide.mcu.externaltools.gnu-tools-for-stm32.12.3.rel1.win32_1.0.200.202406191623/tools/bin/../lib/gcc/arm-none-eabi/12.3.1/../../../../arm-none-eabi/lib/thumb/v7e-m+fp/hard\libc_nano.a(libc_a-strlen.o)
 .ARM.attributes
                0x000005d6       0x34 D:/STM32 IDE/STM32CubeIDE_1.16.0/STM32CubeIDE/plugins/com.st.stm32cube.ide.mcu.externaltools.gnu-tools-for-stm32.12.3.rel1.win32_1.0.200.202406191623/tools/bin/../lib/gcc/arm-none-eabi/12.3.1/../../../../arm-none-eabi/lib/thumb/v7e-m+fp/hard\libc_nano.a(libc_a-freer.o)
 .ARM.attributes
                0x0000060a       0x34 D:/STM32 IDE/STM32CubeIDE_1.16.0/STM32CubeIDE/plugins/com.st.stm32cube.ide.mcu.externaltools.gnu-tools-for-stm32.12.3.rel1.win32_1.0.200.202406191623/tools/bin/../lib/gcc/arm-none-eabi/12.3.1/../../../../arm-none-eabi/lib/thumb/v7e-m+fp/hard\libc_nano.a(libc_a-mallocr.o)
 .ARM.attributes
                0x0000063e       0x34 D:/STM32 IDE/STM32CubeIDE_1.16.0/STM32CubeIDE/plugins/com.st.stm32cube.ide.mcu.externaltools.gnu-tools-for-stm32.12.3.rel1.win32_1.0.200.202406191623/tools/bin/../lib/gcc/arm-none-eabi/12.3.1/../../../../arm-none-eabi/lib/thumb/v7e-m+fp/hard\libc_nano.a(libc_a-mlock.o)
 .ARM.attributes
                0x00000672       0x34 D:/STM32 IDE/STM32CubeIDE_1.16.0/STM32CubeIDE/plugins/com.st.stm32cube.ide.mcu.externaltools.gnu-tools-for-stm32.12.3.rel1.win32_1.0.200.202406191623/tools/bin/../lib/gcc/arm-none-eabi/12.3.1/../../../../arm-none-eabi/lib/thumb/v7e-m+fp/hard\libc_nano.a(libc_a-nano-svfprintf.o)
 .ARM.attributes
                0x000006a6       0x34 D:/STM32 IDE/STM32CubeIDE_1.16.0/STM32CubeIDE/plugins/com.st.stm32cube.ide.mcu.externaltools.gnu-tools-for-stm32.12.3.rel1.win32_1.0.200.202406191623/tools/bin/../lib/gcc/arm-none-eabi/12.3.1/../../../../arm-none-eabi/lib/thumb/v7e-m+fp/hard\libc_nano.a(libc_a-nano-vfprintf_i.o)
 .ARM.attributes
                0x000006da       0x34 D:/STM32 IDE/STM32CubeIDE_1.16.0/STM32CubeIDE/plugins/com.st.stm32cube.ide.mcu.externaltools.gnu-tools-for-stm32.12.3.rel1.win32_1.0.200.202406191623/tools/bin/../lib/gcc/arm-none-eabi/12.3.1/../../../../arm-none-eabi/lib/thumb/v7e-m+fp/hard\libc_nano.a(libc_a-memmove.o)
 .ARM.attributes
                0x0000070e       0x34 D:/STM32 IDE/STM32CubeIDE_1.16.0/STM32CubeIDE/plugins/com.st.stm32cube.ide.mcu.externaltools.gnu-tools-for-stm32.12.3.rel1.win32_1.0.200.202406191623/tools/bin/../lib/gcc/arm-none-eabi/12.3.1/../../../../arm-none-eabi/lib/thumb/v7e-m+fp/hard\libc_nano.a(libc_a-sbrkr.o)
 .ARM.attributes
                0x00000742       0x1c D:/STM32 IDE/STM32CubeIDE_1.16.0/STM32CubeIDE/plugins/com.st.stm32cube.ide.mcu.externaltools.gnu-tools-for-stm32.12.3.rel1.win32_1.0.200.202406191623/tools/bin/../lib/gcc/arm-none-eabi/12.3.1/../../../../arm-none-eabi/lib/thumb/v7e-m+fp/hard\libc_nano.a(libc_a-memchr.o)
 .ARM.attributes
                0x0000075e       0x34 D:/STM32 IDE/STM32CubeIDE_1.16.0/STM32CubeIDE/plugins/com.st.stm32cube.ide.mcu.externaltools.gnu-tools-for-stm32.12.3.rel1.win32_1.0.200.202406191623/tools/bin/../lib/gcc/arm-none-eabi/12.3.1/../../../../arm-none-eabi/lib/thumb/v7e-m+fp/hard\libc_nano.a(libc_a-memcpy-stub.o)
 .ARM.attributes
                0x00000792       0x34 D:/STM32 IDE/STM32CubeIDE_1.16.0/STM32CubeIDE/plugins/com.st.stm32cube.ide.mcu.externaltools.gnu-tools-for-stm32.12.3.rel1.win32_1.0.200.202406191623/tools/bin/../lib/gcc/arm-none-eabi/12.3.1/../../../../arm-none-eabi/lib/thumb/v7e-m+fp/hard\libc_nano.a(libc_a-reallocr.o)
 .ARM.attributes
                0x000007c6       0x34 D:/STM32 IDE/STM32CubeIDE_1.16.0/STM32CubeIDE/plugins/com.st.stm32cube.ide.mcu.externaltools.gnu-tools-for-stm32.12.3.rel1.win32_1.0.200.202406191623/tools/bin/../lib/gcc/arm-none-eabi/12.3.1/../../../../arm-none-eabi/lib/thumb/v7e-m+fp/hard\libc_nano.a(libc_a-msizer.o)
 .ARM.attributes
                0x000007fa       0x34 D:/STM32 IDE/STM32CubeIDE_1.16.0/STM32CubeIDE/plugins/com.st.stm32cube.ide.mcu.externaltools.gnu-tools-for-stm32.12.3.rel1.win32_1.0.200.202406191623/tools/bin/../lib/gcc/arm-none-eabi/12.3.1/../../../../arm-none-eabi/lib/thumb/v7e-m+fp/hard\libm.a(libm_a-s_cos.o)
 .ARM.attributes
                0x0000082e       0x34 D:/STM32 IDE/STM32CubeIDE_1.16.0/STM32CubeIDE/plugins/com.st.stm32cube.ide.mcu.externaltools.gnu-tools-for-stm32.12.3.rel1.win32_1.0.200.202406191623/tools/bin/../lib/gcc/arm-none-eabi/12.3.1/../../../../arm-none-eabi/lib/thumb/v7e-m+fp/hard\libm.a(libm_a-k_cos.o)
 .ARM.attributes
                0x00000862       0x34 D:/STM32 IDE/STM32CubeIDE_1.16.0/STM32CubeIDE/plugins/com.st.stm32cube.ide.mcu.externaltools.gnu-tools-for-stm32.12.3.rel1.win32_1.0.200.202406191623/tools/bin/../lib/gcc/arm-none-eabi/12.3.1/../../../../arm-none-eabi/lib/thumb/v7e-m+fp/hard\libm.a(libm_a-k_sin.o)
 .ARM.attributes
                0x00000896       0x34 D:/STM32 IDE/STM32CubeIDE_1.16.0/STM32CubeIDE/plugins/com.st.stm32cube.ide.mcu.externaltools.gnu-tools-for-stm32.12.3.rel1.win32_1.0.200.202406191623/tools/bin/../lib/gcc/arm-none-eabi/12.3.1/../../../../arm-none-eabi/lib/thumb/v7e-m+fp/hard\libm.a(libm_a-e_rem_pio2.o)
 .ARM.attributes
                0x000008ca       0x34 D:/STM32 IDE/STM32CubeIDE_1.16.0/STM32CubeIDE/plugins/com.st.stm32cube.ide.mcu.externaltools.gnu-tools-for-stm32.12.3.rel1.win32_1.0.200.202406191623/tools/bin/../lib/gcc/arm-none-eabi/12.3.1/../../../../arm-none-eabi/lib/thumb/v7e-m+fp/hard\libm.a(libm_a-s_fabs.o)
 .ARM.attributes
                0x000008fe       0x34 D:/STM32 IDE/STM32CubeIDE_1.16.0/STM32CubeIDE/plugins/com.st.stm32cube.ide.mcu.externaltools.gnu-tools-for-stm32.12.3.rel1.win32_1.0.200.202406191623/tools/bin/../lib/gcc/arm-none-eabi/12.3.1/../../../../arm-none-eabi/lib/thumb/v7e-m+fp/hard\libm.a(libm_a-k_rem_pio2.o)
 .ARM.attributes
                0x00000932       0x34 D:/STM32 IDE/STM32CubeIDE_1.16.0/STM32CubeIDE/plugins/com.st.stm32cube.ide.mcu.externaltools.gnu-tools-for-stm32.12.3.rel1.win32_1.0.200.202406191623/tools/bin/../lib/gcc/arm-none-eabi/12.3.1/../../../../arm-none-eabi/lib/thumb/v7e-m+fp/hard\libm.a(libm_a-s_scalbn.o)
 .ARM.attributes
                0x00000966       0x34 D:/STM32 IDE/STM32CubeIDE_1.16.0/STM32CubeIDE/plugins/com.st.stm32cube.ide.mcu.externaltools.gnu-tools-for-stm32.12.3.rel1.win32_1.0.200.202406191623/tools/bin/../lib/gcc/arm-none-eabi/12.3.1/../../../../arm-none-eabi/lib/thumb/v7e-m+fp/hard\libm.a(libm_a-s_floor.o)
 .ARM.attributes
                0x0000099a       0x22 D:/STM32 IDE/STM32CubeIDE_1.16.0/STM32CubeIDE/plugins/com.st.stm32cube.ide.mcu.externaltools.gnu-tools-for-stm32.12.3.rel1.win32_1.0.200.202406191623/tools/bin/../lib/gcc/arm-none-eabi/12.3.1/thumb/v7e-m+fp/hard\libgcc.a(_arm_muldf3.o)
 .ARM.attributes
                0x000009bc       0x22 D:/STM32 IDE/STM32CubeIDE_1.16.0/STM32CubeIDE/plugins/com.st.stm32cube.ide.mcu.externaltools.gnu-tools-for-stm32.12.3.rel1.win32_1.0.200.202406191623/tools/bin/../lib/gcc/arm-none-eabi/12.3.1/thumb/v7e-m+fp/hard\libgcc.a(_arm_addsubdf3.o)
 .ARM.attributes
                0x000009de       0x22 D:/STM32 IDE/STM32CubeIDE_1.16.0/STM32CubeIDE/plugins/com.st.stm32cube.ide.mcu.externaltools.gnu-tools-for-stm32.12.3.rel1.win32_1.0.200.202406191623/tools/bin/../lib/gcc/arm-none-eabi/12.3.1/thumb/v7e-m+fp/hard\libgcc.a(_arm_cmpdf2.o)
 .ARM.attributes
                0x00000a00       0x22 D:/STM32 IDE/STM32CubeIDE_1.16.0/STM32CubeIDE/plugins/com.st.stm32cube.ide.mcu.externaltools.gnu-tools-for-stm32.12.3.rel1.win32_1.0.200.202406191623/tools/bin/../lib/gcc/arm-none-eabi/12.3.1/thumb/v7e-m+fp/hard\libgcc.a(_arm_fixdfsi.o)
 .ARM.attributes
                0x00000a22       0x22 D:/STM32 IDE/STM32CubeIDE_1.16.0/STM32CubeIDE/plugins/com.st.stm32cube.ide.mcu.externaltools.gnu-tools-for-stm32.12.3.rel1.win32_1.0.200.202406191623/tools/bin/../lib/gcc/arm-none-eabi/12.3.1/thumb/v7e-m+fp/hard\libgcc.a(_arm_fixunsdfsi.o)
 .ARM.attributes
                0x00000a44       0x22 D:/STM32 IDE/STM32CubeIDE_1.16.0/STM32CubeIDE/plugins/com.st.stm32cube.ide.mcu.externaltools.gnu-tools-for-stm32.12.3.rel1.win32_1.0.200.202406191623/tools/bin/../lib/gcc/arm-none-eabi/12.3.1/thumb/v7e-m+fp/hard\libgcc.a(_arm_truncdfsf2.o)
 .ARM.attributes
                0x00000a66       0x22 D:/STM32 IDE/STM32CubeIDE_1.16.0/STM32CubeIDE/plugins/com.st.stm32cube.ide.mcu.externaltools.gnu-tools-for-stm32.12.3.rel1.win32_1.0.200.202406191623/tools/bin/../lib/gcc/arm-none-eabi/12.3.1/thumb/v7e-m+fp/hard\libgcc.a(_aeabi_uldivmod.o)
 .ARM.attributes
                0x00000a88       0x34 D:/STM32 IDE/STM32CubeIDE_1.16.0/STM32CubeIDE/plugins/com.st.stm32cube.ide.mcu.externaltools.gnu-tools-for-stm32.12.3.rel1.win32_1.0.200.202406191623/tools/bin/../lib/gcc/arm-none-eabi/12.3.1/thumb/v7e-m+fp/hard\libgcc.a(_udivmoddi4.o)
 .ARM.attributes
                0x00000abc       0x22 D:/STM32 IDE/STM32CubeIDE_1.16.0/STM32CubeIDE/plugins/com.st.stm32cube.ide.mcu.externaltools.gnu-tools-for-stm32.12.3.rel1.win32_1.0.200.202406191623/tools/bin/../lib/gcc/arm-none-eabi/12.3.1/thumb/v7e-m+fp/hard\libgcc.a(_dvmd_tls.o)
 .ARM.attributes
                0x00000ade       0x22 D:/STM32 IDE/STM32CubeIDE_1.16.0/STM32CubeIDE/plugins/com.st.stm32cube.ide.mcu.externaltools.gnu-tools-for-stm32.12.3.rel1.win32_1.0.200.202406191623/tools/bin/../lib/gcc/arm-none-eabi/12.3.1/thumb/v7e-m+fp/hard/crtn.o
OUTPUT(QRS_ECG.elf elf32-littlearm)
LOAD linker stubs
LOAD D:/STM32 IDE/STM32CubeIDE_1.16.0/STM32CubeIDE/plugins/com.st.stm32cube.ide.mcu.externaltools.gnu-tools-for-stm32.12.3.rel1.win32_1.0.200.202406191623/tools/bin/../lib/gcc/arm-none-eabi/12.3.1/../../../../arm-none-eabi/lib/thumb/v7e-m+fp/hard\libc.a
LOAD D:/STM32 IDE/STM32CubeIDE_1.16.0/STM32CubeIDE/plugins/com.st.stm32cube.ide.mcu.externaltools.gnu-tools-for-stm32.12.3.rel1.win32_1.0.200.202406191623/tools/bin/../lib/gcc/arm-none-eabi/12.3.1/../../../../arm-none-eabi/lib/thumb/v7e-m+fp/hard\libm.a
LOAD D:/STM32 IDE/STM32CubeIDE_1.16.0/STM32CubeIDE/plugins/com.st.stm32cube.ide.mcu.externaltools.gnu-tools-for-stm32.12.3.rel1.win32_1.0.200.202406191623/tools/bin/../lib/gcc/arm-none-eabi/12.3.1/thumb/v7e-m+fp/hard\libgcc.a

.debug_info     0x00000000     0xfc18
 .debug_info    0x00000000      0x364 ./Core/Src/cbuffer.o
 .debug_info    0x00000364      0x19b ./Core/Src/filter.o
 .debug_info    0x000004ff     0x1931 ./Core/Src/main.o
 .debug_info    0x00001e30       0xd7 ./Core/Src/mylib.o
 .debug_info    0x00001f07      0xfe1 ./Core/Src/qrs_detector.o
 .debug_info    0x00002ee8     0x1234 ./Core/Src/stm32f4xx_hal_msp.o
 .debug_info    0x0000411c      0xb06 ./Core/Src/stm32f4xx_it.o
 .debug_info    0x00004c22      0x168 ./Core/Src/sysmem.o
 .debug_info    0x00004d8a      0x53e ./Core/Src/system_stm32f4xx.o
 .debug_info    0x000052c8       0x30 ./Core/Startup/startup_stm32f411vetx.o
 .debug_info    0x000052f8      0x8c4 ./Drivers/STM32F4xx_HAL_Driver/Src/stm32f4xx_hal.o
 .debug_info    0x00005bbc      0xcd1 ./Drivers/STM32F4xx_HAL_Driver/Src/stm32f4xx_hal_adc.o
 .debug_info    0x0000688d      0xcfc ./Drivers/STM32F4xx_HAL_Driver/Src/stm32f4xx_hal_cortex.o
 .debug_info    0x00007589      0x8e6 ./Drivers/STM32F4xx_HAL_Driver/Src/stm32f4xx_hal_dma.o
 .debug_info    0x00007e6f      0x6f9 ./Drivers/STM32F4xx_HAL_Driver/Src/stm32f4xx_hal_gpio.o
 .debug_info    0x00008568      0x8f0 ./Drivers/STM32F4xx_HAL_Driver/Src/stm32f4xx_hal_rcc.o
 .debug_info    0x00008e58     0x2996 ./Drivers/STM32F4xx_HAL_Driver/Src/stm32f4xx_hal_tim.o
 .debug_info    0x0000b7ee     0x14d4 ./Drivers/STM32F4xx_HAL_Driver/Src/stm32f4xx_hal_tim_ex.o
 .debug_info    0x0000ccc2     0x2f56 ./Drivers/STM32F4xx_HAL_Driver/Src/stm32f4xx_hal_uart.o

.debug_abbrev   0x00000000     0x2561
 .debug_abbrev  0x00000000      0x13b ./Core/Src/cbuffer.o
 .debug_abbrev  0x0000013b       0xda ./Core/Src/filter.o
 .debug_abbrev  0x00000215      0x33c ./Core/Src/main.o
 .debug_abbrev  0x00000551       0x5b ./Core/Src/mylib.o
 .debug_abbrev  0x000005ac      0x2ef ./Core/Src/qrs_detector.o
 .debug_abbrev  0x0000089b      0x249 ./Core/Src/stm32f4xx_hal_msp.o
 .debug_abbrev  0x00000ae4      0x227 ./Core/Src/stm32f4xx_it.o
 .debug_abbrev  0x00000d0b       0xbc ./Core/Src/sysmem.o
 .debug_abbrev  0x00000dc7      0x11a ./Core/Src/system_stm32f4xx.o
 .debug_abbrev  0x00000ee1       0x24 ./Core/Startup/startup_stm32f411vetx.o
 .debug_abbrev  0x00000f05      0x24b ./Drivers/STM32F4xx_HAL_Driver/Src/stm32f4xx_hal.o
 .debug_abbrev  0x00001150      0x20e ./Drivers/STM32F4xx_HAL_Driver/Src/stm32f4xx_hal_adc.o
 .debug_abbrev  0x0000135e      0x31d ./Drivers/STM32F4xx_HAL_Driver/Src/stm32f4xx_hal_cortex.o
 .debug_abbrev  0x0000167b      0x221 ./Drivers/STM32F4xx_HAL_Driver/Src/stm32f4xx_hal_dma.o
 .debug_abbrev  0x0000189c      0x1d3 ./Drivers/STM32F4xx_HAL_Driver/Src/stm32f4xx_hal_gpio.o
 .debug_abbrev  0x00001a6f      0x2b6 ./Drivers/STM32F4xx_HAL_Driver/Src/stm32f4xx_hal_rcc.o
 .debug_abbrev  0x00001d25      0x28b ./Drivers/STM32F4xx_HAL_Driver/Src/stm32f4xx_hal_tim.o
 .debug_abbrev  0x00001fb0      0x296 ./Drivers/STM32F4xx_HAL_Driver/Src/stm32f4xx_hal_tim_ex.o
 .debug_abbrev  0x00002246      0x31b ./Drivers/STM32F4xx_HAL_Driver/Src/stm32f4xx_hal_uart.o

.debug_aranges  0x00000000      0xe68
 .debug_aranges
                0x00000000       0x58 ./Core/Src/cbuffer.o
 .debug_aranges
                0x00000058       0x28 ./Core/Src/filter.o
 .debug_aranges
                0x00000080       0x58 ./Core/Src/main.o
 .debug_aranges
                0x000000d8       0x18 ./Core/Src/mylib.o
 .debug_aranges
                0x000000f0       0x90 ./Core/Src/qrs_detector.o
 .debug_aranges
                0x00000180       0x50 ./Core/Src/stm32f4xx_hal_msp.o
 .debug_aranges
                0x000001d0       0x70 ./Core/Src/stm32f4xx_it.o
 .debug_aranges
                0x00000240       0x20 ./Core/Src/sysmem.o
 .debug_aranges
                0x00000260       0x28 ./Core/Src/system_stm32f4xx.o
 .debug_aranges
                0x00000288       0x28 ./Core/Startup/startup_stm32f411vetx.o
 .debug_aranges
                0x000002b0       0xf0 ./Drivers/STM32F4xx_HAL_Driver/Src/stm32f4xx_hal.o
 .debug_aranges
                0x000003a0       0xe8 ./Drivers/STM32F4xx_HAL_Driver/Src/stm32f4xx_hal_adc.o
 .debug_aranges
                0x00000488      0x130 ./Drivers/STM32F4xx_HAL_Driver/Src/stm32f4xx_hal_cortex.o
 .debug_aranges
                0x000005b8       0x90 ./Drivers/STM32F4xx_HAL_Driver/Src/stm32f4xx_hal_dma.o
 .debug_aranges
                0x00000648       0x58 ./Drivers/STM32F4xx_HAL_Driver/Src/stm32f4xx_hal_gpio.o
 .debug_aranges
                0x000006a0       0x88 ./Drivers/STM32F4xx_HAL_Driver/Src/stm32f4xx_hal_rcc.o
 .debug_aranges
                0x00000728      0x3d0 ./Drivers/STM32F4xx_HAL_Driver/Src/stm32f4xx_hal_tim.o
 .debug_aranges
                0x00000af8      0x168 ./Drivers/STM32F4xx_HAL_Driver/Src/stm32f4xx_hal_tim_ex.o
 .debug_aranges
                0x00000c60      0x208 ./Drivers/STM32F4xx_HAL_Driver/Src/stm32f4xx_hal_uart.o

.debug_rnglists
                0x00000000      0xb2f
 .debug_rnglists
                0x00000000       0x3f ./Core/Src/cbuffer.o
 .debug_rnglists
                0x0000003f       0x1a ./Core/Src/filter.o
 .debug_rnglists
                0x00000059       0x41 ./Core/Src/main.o
 .debug_rnglists
                0x0000009a       0x72 ./Core/Src/qrs_detector.o
 .debug_rnglists
                0x0000010c       0x39 ./Core/Src/stm32f4xx_hal_msp.o
 .debug_rnglists
                0x00000145       0x50 ./Core/Src/stm32f4xx_it.o
 .debug_rnglists
                0x00000195       0x13 ./Core/Src/sysmem.o
 .debug_rnglists
                0x000001a8       0x1a ./Core/Src/system_stm32f4xx.o
 .debug_rnglists
                0x000001c2       0x19 ./Core/Startup/startup_stm32f411vetx.o
 .debug_rnglists
                0x000001db       0xaf ./Drivers/STM32F4xx_HAL_Driver/Src/stm32f4xx_hal.o
 .debug_rnglists
                0x0000028a       0xb5 ./Drivers/STM32F4xx_HAL_Driver/Src/stm32f4xx_hal_adc.o
 .debug_rnglists
                0x0000033f       0xe0 ./Drivers/STM32F4xx_HAL_Driver/Src/stm32f4xx_hal_cortex.o
 .debug_rnglists
                0x0000041f       0x70 ./Drivers/STM32F4xx_HAL_Driver/Src/stm32f4xx_hal_dma.o
 .debug_rnglists
                0x0000048f       0x3f ./Drivers/STM32F4xx_HAL_Driver/Src/stm32f4xx_hal_gpio.o
 .debug_rnglists
                0x000004ce       0x66 ./Drivers/STM32F4xx_HAL_Driver/Src/stm32f4xx_hal_rcc.o
 .debug_rnglists
                0x00000534      0x31a ./Drivers/STM32F4xx_HAL_Driver/Src/stm32f4xx_hal_tim.o
 .debug_rnglists
                0x0000084e      0x125 ./Drivers/STM32F4xx_HAL_Driver/Src/stm32f4xx_hal_tim_ex.o
 .debug_rnglists
                0x00000973      0x1bc ./Drivers/STM32F4xx_HAL_Driver/Src/stm32f4xx_hal_uart.o

.debug_macro    0x00000000    0x1897e
 .debug_macro   0x00000000      0x1bc ./Core/Src/cbuffer.o
 .debug_macro   0x000001bc      0xab4 ./Core/Src/cbuffer.o
 .debug_macro   0x00000c70       0x22 ./Core/Src/cbuffer.o
 .debug_macro   0x00000c92       0x22 ./Core/Src/cbuffer.o
 .debug_macro   0x00000cb4       0x8e ./Core/Src/cbuffer.o
 .debug_macro   0x00000d42       0x51 ./Core/Src/cbuffer.o
 .debug_macro   0x00000d93      0x103 ./Core/Src/cbuffer.o
 .debug_macro   0x00000e96       0x6a ./Core/Src/cbuffer.o
 .debug_macro   0x00000f00      0x1df ./Core/Src/cbuffer.o
 .debug_macro   0x000010df       0x61 ./Core/Src/cbuffer.o
 .debug_macro   0x00001140       0x2a ./Core/Src/cbuffer.o
 .debug_macro   0x0000116a       0x43 ./Core/Src/cbuffer.o
 .debug_macro   0x000011ad       0x34 ./Core/Src/cbuffer.o
 .debug_macro   0x000011e1       0x16 ./Core/Src/cbuffer.o
 .debug_macro   0x000011f7       0x9e ./Core/Src/cbuffer.o
 .debug_macro   0x00001295      0x369 ./Core/Src/cbuffer.o
 .debug_macro   0x000015fe      0x10b ./Core/Src/cbuffer.o
 .debug_macro   0x00001709       0x10 ./Core/Src/cbuffer.o
 .debug_macro   0x00001719       0x16 ./Core/Src/cbuffer.o
 .debug_macro   0x0000172f       0x43 ./Core/Src/cbuffer.o
 .debug_macro   0x00001772       0x34 ./Core/Src/cbuffer.o
 .debug_macro   0x000017a6       0x10 ./Core/Src/cbuffer.o
 .debug_macro   0x000017b6       0x58 ./Core/Src/cbuffer.o
 .debug_macro   0x0000180e       0x8e ./Core/Src/cbuffer.o
 .debug_macro   0x0000189c       0x1c ./Core/Src/cbuffer.o
 .debug_macro   0x000018b8      0x177 ./Core/Src/cbuffer.o
 .debug_macro   0x00001a2f       0x16 ./Core/Src/cbuffer.o
 .debug_macro   0x00001a45       0x16 ./Core/Src/cbuffer.o
 .debug_macro   0x00001a5b      0x146 ./Core/Src/cbuffer.o
 .debug_macro   0x00001ba1       0x16 ./Core/Src/cbuffer.o
 .debug_macro   0x00001bb7       0x35 ./Core/Src/cbuffer.o
 .debug_macro   0x00001bec       0x16 ./Core/Src/cbuffer.o
 .debug_macro   0x00001c02       0x29 ./Core/Src/cbuffer.o
 .debug_macro   0x00001c2b       0x16 ./Core/Src/cbuffer.o
 .debug_macro   0x00001c41       0x20 ./Core/Src/cbuffer.o
 .debug_macro   0x00001c61       0x16 ./Core/Src/cbuffer.o
 .debug_macro   0x00001c77       0x73 ./Core/Src/filter.o
 .debug_macro   0x00001cea      0x36e ./Core/Src/main.o
 .debug_macro   0x00002058       0x5b ./Core/Src/main.o
 .debug_macro   0x000020b3       0x94 ./Core/Src/main.o
 .debug_macro   0x00002147       0x57 ./Core/Src/main.o
 .debug_macro   0x0000219e      0x2a1 ./Core/Src/main.o
 .debug_macro   0x0000243f       0x2e ./Core/Src/main.o
 .debug_macro   0x0000246d       0x28 ./Core/Src/main.o
 .debug_macro   0x00002495       0x1c ./Core/Src/main.o
 .debug_macro   0x000024b1       0x22 ./Core/Src/main.o
 .debug_macro   0x000024d3       0xfb ./Core/Src/main.o
 .debug_macro   0x000025ce     0x1011 ./Core/Src/main.o
 .debug_macro   0x000035df      0x11f ./Core/Src/main.o
 .debug_macro   0x000036fe     0xb953 ./Core/Src/main.o
 .debug_macro   0x0000f051       0x6d ./Core/Src/main.o
 .debug_macro   0x0000f0be     0x369a ./Core/Src/main.o
 .debug_macro   0x00012758       0x56 ./Core/Src/main.o
 .debug_macro   0x000127ae      0x45c ./Core/Src/main.o
 .debug_macro   0x00012c0a      0x9e9 ./Core/Src/main.o
 .debug_macro   0x000135f3      0x115 ./Core/Src/main.o
 .debug_macro   0x00013708      0x11b ./Core/Src/main.o
 .debug_macro   0x00013823       0xa5 ./Core/Src/main.o
 .debug_macro   0x000138c8      0x15f ./Core/Src/main.o
 .debug_macro   0x00013a27      0x287 ./Core/Src/main.o
 .debug_macro   0x00013cae       0x5f ./Core/Src/main.o
 .debug_macro   0x00013d0d      0x236 ./Core/Src/main.o
 .debug_macro   0x00013f43      0x9e1 ./Core/Src/main.o
 .debug_macro   0x00014924      0x38b ./Core/Src/main.o
 .debug_macro   0x00014caf      0x17d ./Core/Src/main.o
 .debug_macro   0x00014e2c       0xf9 ./Core/Src/main.o
 .debug_macro   0x00014f25      0x132 ./Core/Src/main.o
 .debug_macro   0x00015057      0x264 ./Core/Src/main.o
 .debug_macro   0x000152bb       0x2e ./Core/Src/main.o
 .debug_macro   0x000152e9      0x127 ./Core/Src/main.o
 .debug_macro   0x00015410       0x85 ./Core/Src/main.o
 .debug_macro   0x00015495       0x89 ./Core/Src/main.o
 .debug_macro   0x0001551e      0x8ed ./Core/Src/main.o
 .debug_macro   0x00015e0b       0x47 ./Core/Src/main.o
 .debug_macro   0x00015e52      0x2aa ./Core/Src/main.o
 .debug_macro   0x000160fc      0x126 ./Core/Src/main.o
 .debug_macro   0x00016222       0x10 ./Core/Src/main.o
 .debug_macro   0x00016232       0x28 ./Core/Src/main.o
 .debug_macro   0x0001625a      0x30c ./Core/Src/mylib.o
 .debug_macro   0x00016566      0x189 ./Core/Src/mylib.o
 .debug_macro   0x000166ef       0x5c ./Core/Src/mylib.o
 .debug_macro   0x0001674b       0x10 ./Core/Src/mylib.o
 .debug_macro   0x0001675b      0x34c ./Core/Src/qrs_detector.o
 .debug_macro   0x00016aa7       0x22 ./Core/Src/qrs_detector.o
 .debug_macro   0x00016ac9      0x19b ./Core/Src/qrs_detector.o
 .debug_macro   0x00016c64      0x200 ./Core/Src/stm32f4xx_hal_msp.o
 .debug_macro   0x00016e64      0x378 ./Core/Src/stm32f4xx_it.o
 .debug_macro   0x000171dc       0x1c ./Core/Src/stm32f4xx_it.o
 .debug_macro   0x000171f8       0x1c ./Core/Src/stm32f4xx_it.o
 .debug_macro   0x00017214       0xff ./Core/Src/sysmem.o
 .debug_macro   0x00017313      0x23c ./Core/Src/sysmem.o
 .debug_macro   0x0001754f      0x1f6 ./Core/Src/system_stm32f4xx.o
 .debug_macro   0x00017745      0x256 ./Drivers/STM32F4xx_HAL_Driver/Src/stm32f4xx_hal.o
 .debug_macro   0x0001799b      0x1f7 ./Drivers/STM32F4xx_HAL_Driver/Src/stm32f4xx_hal_adc.o
 .debug_macro   0x00017b92      0x1f6 ./Drivers/STM32F4xx_HAL_Driver/Src/stm32f4xx_hal_cortex.o
 .debug_macro   0x00017d88      0x1fc ./Drivers/STM32F4xx_HAL_Driver/Src/stm32f4xx_hal_dma.o
 .debug_macro   0x00017f84      0x1fc ./Drivers/STM32F4xx_HAL_Driver/Src/stm32f4xx_hal_gpio.o
 .debug_macro   0x00018180      0x21a ./Drivers/STM32F4xx_HAL_Driver/Src/stm32f4xx_hal_rcc.o
 .debug_macro   0x0001839a      0x1f7 ./Drivers/STM32F4xx_HAL_Driver/Src/stm32f4xx_hal_tim.o
 .debug_macro   0x00018591      0x1f6 ./Drivers/STM32F4xx_HAL_Driver/Src/stm32f4xx_hal_tim_ex.o
 .debug_macro   0x00018787      0x1f7 ./Drivers/STM32F4xx_HAL_Driver/Src/stm32f4xx_hal_uart.o

.debug_line     0x00000000    0x1264c
 .debug_line    0x00000000      0x929 ./Core/Src/cbuffer.o
 .debug_line    0x00000929      0x49a ./Core/Src/filter.o
 .debug_line    0x00000dc3      0xca6 ./Core/Src/main.o
 .debug_line    0x00001a69      0x9e0 ./Core/Src/mylib.o
 .debug_line    0x00002449     0x1264 ./Core/Src/qrs_detector.o
 .debug_line    0x000036ad      0x879 ./Core/Src/stm32f4xx_hal_msp.o
 .debug_line    0x00003f26      0xb79 ./Core/Src/stm32f4xx_it.o
 .debug_line    0x00004a9f      0x660 ./Core/Src/sysmem.o
 .debug_line    0x000050ff      0x806 ./Core/Src/system_stm32f4xx.o
 .debug_line    0x00005905       0x7a ./Core/Startup/startup_stm32f411vetx.o
 .debug_line    0x0000597f      0xa6f ./Drivers/STM32F4xx_HAL_Driver/Src/stm32f4xx_hal.o
 .debug_line    0x000063ee     0x1237 ./Drivers/STM32F4xx_HAL_Driver/Src/stm32f4xx_hal_adc.o
 .debug_line    0x00007625      0xd61 ./Drivers/STM32F4xx_HAL_Driver/Src/stm32f4xx_hal_cortex.o
 .debug_line    0x00008386      0xfdf ./Drivers/STM32F4xx_HAL_Driver/Src/stm32f4xx_hal_dma.o
 .debug_line    0x00009365      0xbbf ./Drivers/STM32F4xx_HAL_Driver/Src/stm32f4xx_hal_gpio.o
 .debug_line    0x00009f24      0xdfa ./Drivers/STM32F4xx_HAL_Driver/Src/stm32f4xx_hal_rcc.o
 .debug_line    0x0000ad1e     0x35ed ./Drivers/STM32F4xx_HAL_Driver/Src/stm32f4xx_hal_tim.o
 .debug_line    0x0000e30b     0x1a00 ./Drivers/STM32F4xx_HAL_Driver/Src/stm32f4xx_hal_tim_ex.o
 .debug_line    0x0000fd0b     0x2941 ./Drivers/STM32F4xx_HAL_Driver/Src/stm32f4xx_hal_uart.o

.debug_str      0x00000000    0x9afa1
 .debug_str     0x00000000     0x7837 ./Core/Src/cbuffer.o
                               0x7a5c (size before relaxing)
 .debug_str     0x00007837       0xa6 ./Core/Src/filter.o
                               0x3dd4 (size before relaxing)
 .debug_str     0x000078dd    0x8f8d4 ./Core/Src/main.o
                              0x974f8 (size before relaxing)
 .debug_str     0x000971b1       0x14 ./Core/Src/mylib.o
                              0x95996 (size before relaxing)
 .debug_str     0x000971c5      0xa6f ./Core/Src/qrs_detector.o
                              0x96ad9 (size before relaxing)
 .debug_str     0x00097c34      0x186 ./Core/Src/stm32f4xx_hal_msp.o
                              0x93693 (size before relaxing)
 .debug_str     0x00097dba      0x134 ./Core/Src/stm32f4xx_it.o
                              0x969b9 (size before relaxing)
 .debug_str     0x00097eee      0x4dc ./Core/Src/sysmem.o
                               0x60bd (size before relaxing)
 .debug_str     0x000983ca       0xdb ./Core/Src/system_stm32f4xx.o
                              0x92907 (size before relaxing)
 .debug_str     0x000984a5       0x44 ./Core/Startup/startup_stm32f411vetx.o
                                 0x70 (size before relaxing)
 .debug_str     0x000984e9      0x5fa ./Drivers/STM32F4xx_HAL_Driver/Src/stm32f4xx_hal.o
                              0x93333 (size before relaxing)
 .debug_str     0x00098ae3      0x29e ./Drivers/STM32F4xx_HAL_Driver/Src/stm32f4xx_hal_adc.o
                              0x92ee2 (size before relaxing)
 .debug_str     0x00098d81      0x361 ./Drivers/STM32F4xx_HAL_Driver/Src/stm32f4xx_hal_cortex.o
                              0x9309d (size before relaxing)
 .debug_str     0x000990e2      0x2cf ./Drivers/STM32F4xx_HAL_Driver/Src/stm32f4xx_hal_dma.o
                              0x92d0f (size before relaxing)
 .debug_str     0x000993b1      0x15d ./Drivers/STM32F4xx_HAL_Driver/Src/stm32f4xx_hal_gpio.o
                              0x92a82 (size before relaxing)
 .debug_str     0x0009950e      0x233 ./Drivers/STM32F4xx_HAL_Driver/Src/stm32f4xx_hal_rcc.o
                              0x92d3b (size before relaxing)
 .debug_str     0x00099741      0xdc8 ./Drivers/STM32F4xx_HAL_Driver/Src/stm32f4xx_hal_tim.o
                              0x93c7f (size before relaxing)
 .debug_str     0x0009a509      0x493 ./Drivers/STM32F4xx_HAL_Driver/Src/stm32f4xx_hal_tim_ex.o
                              0x9348b (size before relaxing)
 .debug_str     0x0009a99c      0x605 ./Drivers/STM32F4xx_HAL_Driver/Src/stm32f4xx_hal_uart.o
                              0x9330a (size before relaxing)

.comment        0x00000000       0x43
 .comment       0x00000000       0x43 ./Core/Src/cbuffer.o
                                 0x44 (size before relaxing)
 .comment       0x00000043       0x44 ./Core/Src/filter.o
 .comment       0x00000043       0x44 ./Core/Src/main.o
 .comment       0x00000043       0x44 ./Core/Src/mylib.o
 .comment       0x00000043       0x44 ./Core/Src/qrs_detector.o
 .comment       0x00000043       0x44 ./Core/Src/stm32f4xx_hal_msp.o
 .comment       0x00000043       0x44 ./Core/Src/stm32f4xx_it.o
 .comment       0x00000043       0x44 ./Core/Src/sysmem.o
 .comment       0x00000043       0x44 ./Core/Src/system_stm32f4xx.o
 .comment       0x00000043       0x44 ./Drivers/STM32F4xx_HAL_Driver/Src/stm32f4xx_hal.o
 .comment       0x00000043       0x44 ./Drivers/STM32F4xx_HAL_Driver/Src/stm32f4xx_hal_adc.o
 .comment       0x00000043       0x44 ./Drivers/STM32F4xx_HAL_Driver/Src/stm32f4xx_hal_cortex.o
 .comment       0x00000043       0x44 ./Drivers/STM32F4xx_HAL_Driver/Src/stm32f4xx_hal_dma.o
 .comment       0x00000043       0x44 ./Drivers/STM32F4xx_HAL_Driver/Src/stm32f4xx_hal_gpio.o
 .comment       0x00000043       0x44 ./Drivers/STM32F4xx_HAL_Driver/Src/stm32f4xx_hal_rcc.o
 .comment       0x00000043       0x44 ./Drivers/STM32F4xx_HAL_Driver/Src/stm32f4xx_hal_tim.o
 .comment       0x00000043       0x44 ./Drivers/STM32F4xx_HAL_Driver/Src/stm32f4xx_hal_tim_ex.o
 .comment       0x00000043       0x44 ./Drivers/STM32F4xx_HAL_Driver/Src/stm32f4xx_hal_uart.o

.debug_frame    0x00000000     0x4508
 .debug_frame   0x00000000      0x148 ./Core/Src/cbuffer.o
 .debug_frame   0x00000148       0x60 ./Core/Src/filter.o
 .debug_frame   0x000001a8      0x120 ./Core/Src/main.o
 .debug_frame   0x000002c8      0x264 ./Core/Src/qrs_detector.o
 .debug_frame   0x0000052c      0x10c ./Core/Src/stm32f4xx_hal_msp.o
 .debug_frame   0x00000638      0x144 ./Core/Src/stm32f4xx_it.o
 .debug_frame   0x0000077c       0x34 ./Core/Src/sysmem.o
 .debug_frame   0x000007b0       0x58 ./Core/Src/system_stm32f4xx.o
 .debug_frame   0x00000808      0x374 ./Drivers/STM32F4xx_HAL_Driver/Src/stm32f4xx_hal.o
 .debug_frame   0x00000b7c      0x3fc ./Drivers/STM32F4xx_HAL_Driver/Src/stm32f4xx_hal_adc.o
 .debug_frame   0x00000f78      0x508 ./Drivers/STM32F4xx_HAL_Driver/Src/stm32f4xx_hal_cortex.o
 .debug_frame   0x00001480      0x250 ./Drivers/STM32F4xx_HAL_Driver/Src/stm32f4xx_hal_dma.o
 .debug_frame   0x000016d0      0x14c ./Drivers/STM32F4xx_HAL_Driver/Src/stm32f4xx_hal_gpio.o
 .debug_frame   0x0000181c      0x1f4 ./Drivers/STM32F4xx_HAL_Driver/Src/stm32f4xx_hal_rcc.o
 .debug_frame   0x00001a10     0x11b8 ./Drivers/STM32F4xx_HAL_Driver/Src/stm32f4xx_hal_tim.o
 .debug_frame   0x00002bc8      0x638 ./Drivers/STM32F4xx_HAL_Driver/Src/stm32f4xx_hal_tim_ex.o
 .debug_frame   0x00003200      0x954 ./Drivers/STM32F4xx_HAL_Driver/Src/stm32f4xx_hal_uart.o
 .debug_frame   0x00003b54      0x144 D:/STM32 IDE/STM32CubeIDE_1.16.0/STM32CubeIDE/plugins/com.st.stm32cube.ide.mcu.externaltools.gnu-tools-for-stm32.12.3.rel1.win32_1.0.200.202406191623/tools/bin/../lib/gcc/arm-none-eabi/12.3.1/../../../../arm-none-eabi/lib/thumb/v7e-m+fp/hard\libc_nano.a(libc_a-findfp.o)
 .debug_frame   0x00003c98       0x6c D:/STM32 IDE/STM32CubeIDE_1.16.0/STM32CubeIDE/plugins/com.st.stm32cube.ide.mcu.externaltools.gnu-tools-for-stm32.12.3.rel1.win32_1.0.200.202406191623/tools/bin/../lib/gcc/arm-none-eabi/12.3.1/../../../../arm-none-eabi/lib/thumb/v7e-m+fp/hard\libc_nano.a(libc_a-sprintf.o)
 .debug_frame   0x00003d04       0x20 D:/STM32 IDE/STM32CubeIDE_1.16.0/STM32CubeIDE/plugins/com.st.stm32cube.ide.mcu.externaltools.gnu-tools-for-stm32.12.3.rel1.win32_1.0.200.202406191623/tools/bin/../lib/gcc/arm-none-eabi/12.3.1/../../../../arm-none-eabi/lib/thumb/v7e-m+fp/hard\libc_nano.a(libc_a-memset.o)
 .debug_frame   0x00003d24       0x38 D:/STM32 IDE/STM32CubeIDE_1.16.0/STM32CubeIDE/plugins/com.st.stm32cube.ide.mcu.externaltools.gnu-tools-for-stm32.12.3.rel1.win32_1.0.200.202406191623/tools/bin/../lib/gcc/arm-none-eabi/12.3.1/../../../../arm-none-eabi/lib/thumb/v7e-m+fp/hard\libc_nano.a(libc_a-reent.o)
 .debug_frame   0x00003d5c       0x20 D:/STM32 IDE/STM32CubeIDE_1.16.0/STM32CubeIDE/plugins/com.st.stm32cube.ide.mcu.externaltools.gnu-tools-for-stm32.12.3.rel1.win32_1.0.200.202406191623/tools/bin/../lib/gcc/arm-none-eabi/12.3.1/../../../../arm-none-eabi/lib/thumb/v7e-m+fp/hard\libc_nano.a(libc_a-errno.o)