Archive member included to satisfy reference by file (symbol)

D:/STM32 IDE/STM32CubeIDE_1.16.0/STM32CubeIDE/plugins/com.st.stm32cube.ide.mcu.externaltools.gnu-tools-for-stm32.12.3.rel1.win32_1.0.200.202406191623/tools/bin/../lib/gcc/arm-none-eabi/12.3.1/../../../../arm-none-eabi/lib/thumb/v7e-m+fp/hard\libc_nano.a(libc_a-exit.o)
                              D:/STM32 IDE/STM32CubeIDE_1.16.0/STM32CubeIDE/plugins/com.st.stm32cube.ide.mcu.externaltools.gnu-tools-for-stm32.12.3.rel1.win32_1.0.200.202406191623/tools/bin/../lib/gcc/arm-none-eabi/12.3.1/../../../../arm-none-eabi/lib/thumb/v7e-m+fp/hard/crt0.o (exit)
D:/STM32 IDE/STM32CubeIDE_1.16.0/STM32CubeIDE/plugins/com.st.stm32cube.ide.mcu.externaltools.gnu-tools-for-stm32.12.3.rel1.win32_1.0.200.202406191623/tools/bin/../lib/gcc/arm-none-eabi/12.3.1/../../../../arm-none-eabi/lib/thumb/v7e-m+fp/hard\libc_nano.a(libc_a-findfp.o)
                              D:/STM32 IDE/STM32CubeIDE_1.16.0/STM32CubeIDE/plugins/com.st.stm32cube.ide.mcu.externaltools.gnu-tools-for-stm32.12.3.rel1.win32_1.0.200.202406191623/tools/bin/../lib/gcc/arm-none-eabi/12.3.1/../../../../arm-none-eabi/lib/thumb/v7e-m+fp/hard\libc_nano.a(libc_a-exit.o) (__stdio_exit_handler)
D:/STM32 IDE/STM32CubeIDE_1.16.0/STM32CubeIDE/plugins/com.st.stm32cube.ide.mcu.externaltools.gnu-tools-for-stm32.12.3.rel1.win32_1.0.200.202406191623/tools/bin/../lib/gcc/arm-none-eabi/12.3.1/../../../../arm-none-eabi/lib/thumb/v7e-m+fp/hard\libc_nano.a(libc_a-fwalk.o)
                              D:/STM32 IDE/STM32CubeIDE_1.16.0/STM32CubeIDE/plugins/com.st.stm32cube.ide.mcu.externaltools.gnu-tools-for-stm32.12.3.rel1.win32_1.0.200.202406191623/tools/bin/../lib/gcc/arm-none-eabi/12.3.1/../../../../arm-none-eabi/lib/thumb/v7e-m+fp/hard\libc_nano.a(libc_a-findfp.o) (_fwalk_sglue)
D:/STM32 IDE/STM32CubeIDE_1.16.0/STM32CubeIDE/plugins/com.st.stm32cube.ide.mcu.externaltools.gnu-tools-for-stm32.12.3.rel1.win32_1.0.200.202406191623/tools/bin/../lib/gcc/arm-none-eabi/12.3.1/../../../../arm-none-eabi/lib/thumb/v7e-m+fp/hard\libc_nano.a(libc_a-stdio.o)
                              D:/STM32 IDE/STM32CubeIDE_1.16.0/STM32CubeIDE/plugins/com.st.stm32cube.ide.mcu.externaltools.gnu-tools-for-stm32.12.3.rel1.win32_1.0.200.202406191623/tools/bin/../lib/gcc/arm-none-eabi/12.3.1/../../../../arm-none-eabi/lib/thumb/v7e-m+fp/hard\libc_nano.a(libc_a-findfp.o) (__sread)
D:/STM32 IDE/STM32CubeIDE_1.16.0/STM32CubeIDE/plugins/com.st.stm32cube.ide.mcu.externaltools.gnu-tools-for-stm32.12.3.rel1.win32_1.0.200.202406191623/tools/bin/../lib/gcc/arm-none-eabi/12.3.1/../../../../arm-none-eabi/lib/thumb/v7e-m+fp/hard\libc_nano.a(libc_a-memset.o)
                              D:/STM32 IDE/STM32CubeIDE_1.16.0/STM32CubeIDE/plugins/com.st.stm32cube.ide.mcu.externaltools.gnu-tools-for-stm32.12.3.rel1.win32_1.0.200.202406191623/tools/bin/../lib/gcc/arm-none-eabi/12.3.1/../../../../arm-none-eabi/lib/thumb/v7e-m+fp/hard/crt0.o (memset)
D:/STM32 IDE/STM32CubeIDE_1.16.0/STM32CubeIDE/plugins/com.st.stm32cube.ide.mcu.externaltools.gnu-tools-for-stm32.12.3.rel1.win32_1.0.200.202406191623/tools/bin/../lib/gcc/arm-none-eabi/12.3.1/../../../../arm-none-eabi/lib/thumb/v7e-m+fp/hard\libc_nano.a(libc_a-closer.o)
                              D:/STM32 IDE/STM32CubeIDE_1.16.0/STM32CubeIDE/plugins/com.st.stm32cube.ide.mcu.externaltools.gnu-tools-for-stm32.12.3.rel1.win32_1.0.200.202406191623/tools/bin/../lib/gcc/arm-none-eabi/12.3.1/../../../../arm-none-eabi/lib/thumb/v7e-m+fp/hard\libc_nano.a(libc_a-stdio.o) (_close_r)
D:/STM32 IDE/STM32CubeIDE_1.16.0/STM32CubeIDE/plugins/com.st.stm32cube.ide.mcu.externaltools.gnu-tools-for-stm32.12.3.rel1.win32_1.0.200.202406191623/tools/bin/../lib/gcc/arm-none-eabi/12.3.1/../../../../arm-none-eabi/lib/thumb/v7e-m+fp/hard\libc_nano.a(libc_a-reent.o)
                              D:/STM32 IDE/STM32CubeIDE_1.16.0/STM32CubeIDE/plugins/com.st.stm32cube.ide.mcu.externaltools.gnu-tools-for-stm32.12.3.rel1.win32_1.0.200.202406191623/tools/bin/../lib/gcc/arm-none-eabi/12.3.1/../../../../arm-none-eabi/lib/thumb/v7e-m+fp/hard\libc_nano.a(libc_a-closer.o) (errno)
D:/STM32 IDE/STM32CubeIDE_1.16.0/STM32CubeIDE/plugins/com.st.stm32cube.ide.mcu.externaltools.gnu-tools-for-stm32.12.3.rel1.win32_1.0.200.202406191623/tools/bin/../lib/gcc/arm-none-eabi/12.3.1/../../../../arm-none-eabi/lib/thumb/v7e-m+fp/hard\libc_nano.a(libc_a-impure.o)
                              D:/STM32 IDE/STM32CubeIDE_1.16.0/STM32CubeIDE/plugins/com.st.stm32cube.ide.mcu.externaltools.gnu-tools-for-stm32.12.3.rel1.win32_1.0.200.202406191623/tools/bin/../lib/gcc/arm-none-eabi/12.3.1/../../../../arm-none-eabi/lib/thumb/v7e-m+fp/hard\libc_nano.a(libc_a-reent.o) (_impure_ptr)
D:/STM32 IDE/STM32CubeIDE_1.16.0/STM32CubeIDE/plugins/com.st.stm32cube.ide.mcu.externaltools.gnu-tools-for-stm32.12.3.rel1.win32_1.0.200.202406191623/tools/bin/../lib/gcc/arm-none-eabi/12.3.1/../../../../arm-none-eabi/lib/thumb/v7e-m+fp/hard\libc_nano.a(libc_a-lseekr.o)
[...]
Memory Configuration

Name             Origin             Length             Attributes
RAM              0x20000000         0x00020000         xrw
FLASH            0x08000000         0x00080000         xr
*default*        0x00000000         0xffffffff

Linker script and memory map

LOAD D:/STM32 IDE/STM32CubeIDE_1.16.0/STM32CubeIDE/plugins/com.st.stm32cube.ide.mcu.externaltools.gnu-tools-for-stm32.12.3.rel1.win32_1.0.200.202406191623/tools/bin/../lib/gcc/arm-none-eabi/12.3.1/thumb/v7e-m+fp/hard/crti.o
LOAD D:/STM32 IDE/STM32CubeIDE_1.16.0/STM32CubeIDE/plugins/com.st.stm32cube.ide.mcu.externaltools.gnu-tools-for-stm32.12.3.rel1.win32_1.0.200.202406191623/tools/bin/../lib/gcc/arm-none-eabi/12.3.1/thumb/v7e-m+fp/hard/crtbegin.o
LOAD D:/STM32 IDE/STM32CubeIDE_1.16.0/STM32CubeIDE/plugins/com.st.stm32cube.ide.mcu.externaltools.gnu-tools-for-stm32.12.3.rel1.win32_1.0.200.202406191623/tools/bin/../lib/gcc/arm-none-eabi/12.3.1/../../../../arm-none-eabi/lib/thumb/v7e-m+fp/hard/crt0.o
LOAD ./Core/Src/cbuffer.o
LOAD ./Core/Src/filter.o
LOAD ./Core/Src/main.o
LOAD ./Core/Src/mylib.o
LOAD ./Core/Src/qrs_detector.o
LOAD ./Core/Src/stm32f4xx_hal_msp.o
LOAD ./Core/Src/stm32f4xx_it.o
LOAD ./Core/Src/syscalls.o
LOAD ./Core/Src/sysmem.o
LOAD ./Core/Src/system_stm32f4xx.o
LOAD ./Core/Startup/startup_stm32f411vetx.o
LOAD ./Drivers/STM32F4xx_HAL_Driver/Src/stm32f4xx_hal.o
LOAD ./Drivers/STM32F4xx_HAL_Driver/Src/stm32f4xx_hal_adc.o
LOAD ./Drivers/STM32F4xx_HAL_Driver/Src/stm32f4xx_hal_adc_ex.o
LOAD ./Drivers/STM32F4xx_HAL_Driver/Src/stm32f4xx_hal_cortex.o
LOAD ./Drivers/STM32F4xx_HAL_Driver/Src/stm32f4xx_hal_dma.o
LOAD ./Drivers/STM32F4xx_HAL_Driver/Src/stm32f4xx_hal_dma_ex.o
LOAD ./Drivers/STM32F4xx_HAL_Driver/Src/stm32f4xx_hal_exti.o
LOAD ./Drivers/STM32F4xx_HAL_Driver/Src/stm32f4xx_hal_flash.o
LOAD ./Drivers/STM32F4xx_HAL_Driver/Src/stm32f4xx_hal_flash_ex.o
LOAD ./Drivers/STM32F4xx_HAL_Driver/Src/stm32f4xx_hal_flash_ramfunc.o
LOAD ./Drivers/STM32F4xx_HAL_Driver/Src/stm32f4xx_hal_gpio.o
LOAD ./Drivers/STM32F4xx_HAL_Driver/Src/stm32f4xx_hal_pwr.o
LOAD ./Drivers/STM32F4xx_HAL_Driver/Src/stm32f4xx_hal_pwr_ex.o
LOAD ./Drivers/STM32F4xx_HAL_Driver/Src/stm32f4xx_hal_rcc.o
LOAD ./Drivers/STM32F4xx_HAL_Driver/Src/stm32f4xx_hal_rcc_ex.o
LOAD ./Drivers/STM32F4xx_HAL_Driver/Src/stm32f4xx_hal_tim.o
LOAD ./Drivers/STM32F4xx_HAL_Driver/Src/stm32f4xx_hal_tim_ex.o
LOAD ./Drivers/STM32F4xx_HAL_Driver/Src/stm32f4xx_hal_uart.o
LOAD ./Drivers/STM32F4xx_HAL_Driver/Src/stm32f4xx_ll_adc.o
START GROUP
LOAD D:/STM32 IDE/STM32CubeIDE_1.16.0/STM32CubeIDE/plugins/com.st.stm32cube.ide.mcu.externaltools.gnu-tools-for-stm32.12.3.rel1.win32_1.0.200.202406191623/tools/bin/../lib/gcc/arm-none-eabi/12.3.1/../../../../arm-none-eabi/lib/thumb/v7e-m+fp/hard\libc_nano.a
LOAD D:/STM32 IDE/STM32CubeIDE_1.16.0/STM32CubeIDE/plugins/com.st.stm32cube.ide.mcu.externaltools.gnu-tools-for-stm32.12.3.rel1.win32_1.0.200.202406191623/tools/bin/../lib/gcc/arm-none-eabi/12.3.1/../../../../arm-none-eabi/lib/thumb/v7e-m+fp/hard\libm.a
END GROUP
START GROUP
LOAD D:/STM32 IDE/STM32CubeIDE_1.16.0/STM32CubeIDE/plugins/com.st.stm32cube.ide.mcu.externaltools.gnu-tools-for-stm32.12.3.rel1.win32_1.0.200.202406191623/tools/bin/../lib/gcc/arm-none-eabi/12.3.1/thumb/v7e-m+fp/hard\libgcc.a
LOAD D:/STM32 IDE/STM32CubeIDE_1.16.0/STM32CubeIDE/plugins/com.st.stm32cube.ide.mcu.externaltools.gnu-tools-for-stm32.12.3.rel1.win32_1.0.200.202406191623/tools/bin/../lib/gcc/arm-none-eabi/12.3.1/../../../../arm-none-eabi/lib/thumb/v7e-m+fp/hard\libc_nano.a
END GROUP
START GROUP
LOAD D:/STM32 IDE/STM32CubeIDE_1.16.0/STM32CubeIDE/plugins/com.st.stm32cube.ide.mcu.externaltools.gnu-tools-for-stm32.12.3.rel1.win32_1.0.200.202406191623/tools/bin/../lib/gcc/arm-none-eabi/12.3.1/thumb/v7e-m+fp/hard\libgcc.a
LOAD D:/STM32 IDE/STM32CubeIDE_1.16.0/STM32CubeIDE/plugins/com.st.stm32cube.ide.mcu.externaltools.gnu-tools-for-stm32.12.3.rel1.win32_1.0.200.202406191623/tools/bin/../lib/gcc/arm-none-eabi/12.3.1/../../../../arm-none-eabi/lib/thumb/v7e-m+fp/hard\libc_nano.a
LOAD D:/STM32 IDE/STM32CubeIDE_1.16.0/STM32CubeIDE/plugins/com.st.stm32cube.ide.mcu.externaltools.gnu-tools-for-stm32.12.3.rel1.win32_1.0.200.202406191623/tools/bin/../lib/gcc/arm-none-eabi/12.3.1/../../../../arm-none-eabi/lib/thumb/v7e-m+fp/hard\libnosys.a
END GROUP
START GROUP
LOAD D:/STM32 IDE/STM32CubeIDE_1.16.0/STM32CubeIDE/plugins/com.st.stm32cube.ide.mcu.externaltools.gnu-tools-for-stm32.12.3.rel1.win32_1.0.200.202406191623/tools/bin/../lib/gcc/arm-none-eabi/12.3.1/thumb/v7e-m+fp/hard\libgcc.a
LOAD D:/STM32 IDE/STM32CubeIDE_1.16.0/STM32CubeIDE/plugins/com.st.stm32cube.ide.mcu.externaltools.gnu-tools-for-stm32.12.3.rel1.win32_1.0.200.202406191623/tools/bin/../lib/gcc/arm-none-eabi/12.3.1/../../../../arm-none-eabi/lib/thumb/v7e-m+fp/hard\libc_nano.a
LOAD D:/STM32 IDE/STM32CubeIDE_1.16.0/STM32CubeIDE/plugins/com.st.stm32cube.ide.mcu.externaltools.gnu-tools-for-stm32.12.3.rel1.win32_1.0.200.202406191623/tools/bin/../lib/gcc/arm-none-eabi/12.3.1/../../../../arm-none-eabi/lib/thumb/v7e-m+fp/hard\libnosys.a
END GROUP
LOAD D:/STM32 IDE/STM32CubeIDE_1.16.0/STM32CubeIDE/plugins/com.st.stm32cube.ide.mcu.externaltools.gnu-tools-for-stm32.12.3.rel1.win32_1.0.200.202406191623/tools/bin/../lib/gcc/arm-none-eabi/12.3.1/thumb/v7e-m+fp/hard/crtend.o
LOAD D:/STM32 IDE/STM32CubeIDE_1.16.0/STM32CubeIDE/plugins/com.st.stm32cube.ide.mcu.externaltools.gnu-tools-for-stm32.12.3.rel1.win32_1.0.200.202406191623/tools/bin/../lib/gcc/arm-none-eabi/12.3.1/thumb/v7e-m+fp/hard/crtn.o
                0x20020000                        _estack = (ORIGIN (RAM) + LENGTH (RAM))
                0x00000200                        _Min_Heap_Size = 0x200
                0x00000400                        _Min_Stack_Size = 0x400

.isr_vector     0x08000000      0x198
                0x08000000                        . = ALIGN (0x4)
 *(.isr_vector)
 .isr_vector    0x08000000      0x198 ./Core/Startup/startup_stm32f411vetx.o
                0x08000000                g_pfnVectors
                0x08000198                        . = ALIGN (0x4)

.text           0x08000198     0x5070
                0x08000198                        . = ALIGN (0x4)
 *(.text)
 .text          0x08000198       0x40 D:/STM32 IDE/STM32CubeIDE_1.16.0/STM32CubeIDE/plugins/com.st.stm32cube.ide.mcu.externaltools.gnu-tools-for-stm32.12.3.rel1.win32_1.0.200.202406191623/tools/bin/../lib/gcc/arm-none-eabi/12.3.1/thumb/v7e-m+fp/hard/crtbegin.o
 .text          0x080001d8       0x10 D:/STM32 IDE/STM32CubeIDE_1.16.0/STM32CubeIDE/plugins/com.st.stm32cube.ide.mcu.externaltools.gnu-tools-for-stm32.12.3.rel1.win32_1.0.200.202406191623/tools/bin/../lib/gcc/arm-none-eabi/12.3.1/../../../../arm-none-eabi/lib/thumb/v7e-m+fp/hard\libc_nano.a(libc_a-strlen.o)
                0x080001d8                strlen
 .text          0x080001e8      0x254 D:/STM32 IDE/STM32CubeIDE_1.16.0/STM32CubeIDE/plugins/com.st.stm32cube.ide.mcu.externaltools.gnu-tools-for-stm32.12.3.rel1.win32_1.0.200.202406191623/tools/bin/../lib/gcc/arm-none-eabi/12.3.1/thumb/v7e-m+fp/hard\libgcc.a(_arm_muldf3.o)
                0x080001e8                __muldf3
                0x080001e8                __aeabi_dmul
 .text          0x0800043c      0x378 D:/STM32 IDE/STM32CubeIDE_1.16.0/STM32CubeIDE/plugins/com.st.stm32cube.ide.mcu.externaltools.gnu-tools-for-stm32.12.3.rel1.win32_1.0.200.202406191623/tools/bin/../lib/gcc/arm-none-eabi/12.3.1/thumb/v7e-m+fp/hard\libgcc.a(_arm_addsubdf3.o)
                0x0800043c                __aeabi_drsub
                0x08000444                __aeabi_dsub
                0x08000444                __subdf3
                0x08000448                __aeabi_dadd
                0x08000448                __adddf3
                0x080006c0                __floatunsidf
                0x080006c0                __aeabi_ui2d
                0x080006e0                __floatsidf
                0x080006e0                __aeabi_i2d
                0x08000704                __aeabi_f2d
                0x08000704                __extendsfdf2
                0x08000748                __floatundidf
                0x08000748                __aeabi_ul2d
                0x08000758                __floatdidf
                0x08000758                __aeabi_l2d
 .text          0x080007b4       0x50 D:/STM32 IDE/STM32CubeIDE_1.16.0/STM32CubeIDE/plugins/com.st.stm32cube.ide.mcu.externaltools.gnu-tools-for-stm32.12.3.rel1.win32_1.0.200.202406191623/tools/bin/../lib/gcc/arm-none-eabi/12.3.1/thumb/v7e-m+fp/hard\libgcc.a(_arm_fixdfsi.o)
                0x080007b4                __aeabi_d2iz
                0x080007b4                __fixdfsi
 .text          0x08000804       0x40 D:/STM32 IDE/STM32CubeIDE_1.16.0/STM32CubeIDE/plugins/com.st.stm32cube.ide.mcu.externaltools.gnu-tools-for-stm32.12.3.rel1.win32_1.0.200.202406191623/tools/bin/../lib/gcc/arm-none-eabi/12.3.1/thumb/v7e-m+fp/hard\libgcc.a(_arm_fixunsdfsi.o)
                0x08000804                __aeabi_d2uiz
                0x08000804                __fixunsdfsi
 .text          0x08000844       0x30 D:/STM32 IDE/STM32CubeIDE_1.16.0/STM32CubeIDE/plugins/com.st.stm32cube.ide.mcu.externaltools.gnu-tools-for-stm32.12.3.rel1.win32_1.0.200.202406191623/tools/bin/../lib/gcc/arm-none-eabi/12.3.1/thumb/v7e-m+fp/hard\libgcc.a(_aeabi_uldivmod.o)
                0x08000844                __aeabi_uldivmod
 .text          0x08000874      0x2bc D:/STM32 IDE/STM32CubeIDE_1.16.0/STM32CubeIDE/plugins/com.st.stm32cube.ide.mcu.externaltools.gnu-tools-for-stm32.12.3.rel1.win32_1.0.200.202406191623/tools/bin/../lib/gcc/arm-none-eabi/12.3.1/thumb/v7e-m+fp/hard\libgcc.a(_udivmoddi4.o)
                0x08000874                __udivmoddi4
 .text          0x08000b30        0x4 D:/STM32 IDE/STM32CubeIDE_1.16.0/STM32CubeIDE/plugins/com.st.stm32cube.ide.mcu.externaltools.gnu-tools-for-stm32.12.3.rel1.win32_1.0.200.202406191623/tools/bin/../lib/gcc/arm-none-eabi/12.3.1/thumb/v7e-m+fp/hard\libgcc.a(_dvmd_tls.o)
                0x08000b30                __aeabi_idiv0
                0x08000b30                __aeabi_ldiv0
 *(.text*)
 .text.cb_init  0x08000b34       0x58 ./Core/Src/cbuffer.o
                0x08000b34                cb_init
 .text.cb_read  0x08000b8c       0x8a ./Core/Src/cbuffer.o
                0x08000b8c                cb_read
 .text.cb_write
                0x08000c16       0x9c ./Core/Src/cbuffer.o
                0x08000c16                cb_write
 .text.cb_data_count
                0x08000cb2       0x52 ./Core/Src/cbuffer.o
                0x08000cb2                cb_data_count
 .text.cb_space_count
                0x08000d04       0x6c ./Core/Src/cbuffer.o
                0x08000d04                cb_space_count
 .text.cb_write_byte
                0x08000d70       0x54 ./Core/Src/cbuffer.o
 .text.cb_read_byte
                0x08000dc4       0x56 ./Core/Src/cbuffer.o
 .text.MovingAverageFilter_Init
                0x08000e1a       0x3c ./Core/Src/filter.o
                0x08000e1a                MovingAverageFilter_Init
 .text.BandpassFilter_Init
                0x08000e56       0x60 ./Core/Src/filter.o
                0x08000e56                BandpassFilter_Init
 *fill*         0x08000eb6        0x2 
 .text.BandpassFilter_Apply
                0x08000eb8       0xe8 ./Core/Src/filter.o
                0x08000eb8                BandpassFilter_Apply
 .text.main     0x08000fa0      0x2a4 ./Core/Src/main.o
                0x08000fa0                main
 .text.SystemClock_Config
                0x08001244       0xd0 ./Core/Src/main.o
                0x08001244                SystemClock_Config
 .text.MX_ADC1_Init
                0x08001314       0xa4 ./Core/Src/main.o
 .text.MX_TIM2_Init
                0x080013b8       0x98 ./Core/Src/main.o
 .text.MX_USART2_UART_Init
                0x08001450       0x54 ./Core/Src/main.o
 .text.MX_DMA_Init
                0x080014a4       0x40 ./Core/Src/main.o
 .text.MX_GPIO_Init
                0x080014e4       0x50 ./Core/Src/main.o
 .text.Error_Handler
                0x08001534        0xc ./Core/Src/main.o
                0x08001534                Error_Handler
 .text.QRSDetector_Init
                0x08001540       0xd8 ./Core/Src/qrs_detector.o
                0x08001540                QRSDetector_Init
 .text.QRSDetector_Detect
                0x08001618      0x37c ./Core/Src/qrs_detector.o
                0x08001618                QRSDetector_Detect
 .text.derivative
                0x08001994       0x46 ./Core/Src/qrs_detector.o
 .text.squaring
                0x080019da       0x1a ./Core/Src/qrs_detector.o
 .text.moving_window_integration
                0x080019f4       0x88 ./Core/Src/qrs_detector.o
 *fill*         0x08001a7c        0x4 
 .text.update_thresholds
                0x08001a80      0x14c ./Core/Src/qrs_detector.o
 *fill*         0x08001bcc        0x4 
 .text.update_rr_intervals
                0x08001bd0      0x170 ./Core/Src/qrs_detector.o
 .text.calculate_slope
                0x08001d40       0x28 ./Core/Src/qrs_detector.o
 .text.HAL_MspInit
                0x08001d68       0x50 ./Core/Src/stm32f4xx_hal_msp.o
                0x08001d68                HAL_MspInit
 .text.HAL_ADC_MspInit
                0x08001db8       0xf0 ./Core/Src/stm32f4xx_hal_msp.o
                0x08001db8                HAL_ADC_MspInit
 .text.HAL_TIM_Base_MspInit
                0x08001ea8       0x4c ./Core/Src/stm32f4xx_hal_msp.o
                0x08001ea8                HAL_TIM_Base_MspInit
 .text.HAL_UART_MspInit
                0x08001ef4       0x90 ./Core/Src/stm32f4xx_hal_msp.o
                0x08001ef4                HAL_UART_MspInit
 .text.NMI_Handler
                0x08001f84        0x8 ./Core/Src/stm32f4xx_it.o
                0x08001f84                NMI_Handler
 .text.HardFault_Handler
                0x08001f8c        0x8 ./Core/Src/stm32f4xx_it.o
                0x08001f8c                HardFault_Handler
 .text.MemManage_Handler
                0x08001f94        0x8 ./Core/Src/stm32f4xx_it.o
                0x08001f94                MemManage_Handler
 .text.BusFault_Handler
                0x08001f9c        0x8 ./Core/Src/stm32f4xx_it.o
                0x08001f9c                BusFault_Handler
 .text.UsageFault_Handler
                0x08001fa4        0x8 ./Core/Src/stm32f4xx_it.o
                0x08001fa4                UsageFault_Handler
 .text.SVC_Handler
                0x08001fac        0xe ./Core/Src/stm32f4xx_it.o
                0x08001fac                SVC_Handler
 .text.DebugMon_Handler
                0x08001fba        0xe ./Core/Src/stm32f4xx_it.o
                0x08001fba                DebugMon_Handler
 .text.PendSV_Handler
                0x08001fc8        0xe ./Core/Src/stm32f4xx_it.o
                0x08001fc8                PendSV_Handler
 .text.SysTick_Handler
                0x08001fd6        0xc ./Core/Src/stm32f4xx_it.o
                0x08001fd6                SysTick_Handler
 *fill*         0x08001fe2        0x2 
 .text.TIM2_IRQHandler
                0x08001fe4       0xe8 ./Core/Src/stm32f4xx_it.o
                0x08001fe4                TIM2_IRQHandler
 .text.DMA2_Stream0_IRQHandler
                0x080020cc       0x14 ./Core/Src/stm32f4xx_it.o
                0x080020cc                DMA2_Stream0_IRQHandler
 .text.SystemInit
                0x080020e0       0x24 ./Core/Src/system_stm32f4xx.o
                0x080020e0                SystemInit
 .text.Reset_Handler
                0x08002104       0x50 ./Core/Startup/startup_stm32f411vetx.o
                0x08002104                Reset_Handler
 .text.Default_Handler
                0x08002154        0x2 ./Core/Startup/startup_stm32f411vetx.o
                0x08002154                RTC_Alarm_IRQHandler
                0x08002154                EXTI2_IRQHandler
                0x08002154                SPI4_IRQHandler
                0x08002154                TIM1_CC_IRQHandler
                0x08002154                DMA2_Stream5_IRQHandler
                0x08002154                DMA1_Stream5_IRQHandler
                0x08002154                PVD_IRQHandler
                0x08002154                SDIO_IRQHandler
                0x08002154                TAMP_STAMP_IRQHandler
                0x08002154                EXTI3_IRQHandler
                0x08002154                TIM1_UP_TIM10_IRQHandler
                0x08002154                I2C3_ER_IRQHandler
                0x08002154                EXTI0_IRQHandler
                0x08002154                I2C2_EV_IRQHandler
                0x08002154                DMA1_Stream2_IRQHandler
                0x08002154                FPU_IRQHandler
                0x08002154                DMA2_Stream2_IRQHandler
                0x08002154                SPI1_IRQHandler
                0x08002154                TIM1_BRK_TIM9_IRQHandler
                0x08002154                DMA2_Stream3_IRQHandler
                0x08002154                USART6_IRQHandler
                0x08002154                TIM4_IRQHandler
                0x08002154                I2C1_EV_IRQHandler
                0x08002154                DMA1_Stream6_IRQHandler
                0x08002154                DMA1_Stream1_IRQHandler
                0x08002154                TIM3_IRQHandler
                0x08002154                RCC_IRQHandler
                0x08002154                Default_Handler
                0x08002154                EXTI15_10_IRQHandler
                0x08002154                ADC_IRQHandler
                0x08002154                DMA1_Stream7_IRQHandler
                0x08002154                SPI5_IRQHandler
                0x08002154                TIM5_IRQHandler
                0x08002154                DMA2_Stream7_IRQHandler
                0x08002154                I2C3_EV_IRQHandler
                0x08002154                EXTI9_5_IRQHandler
                0x08002154                RTC_WKUP_IRQHandler
                0x08002154                SPI2_IRQHandler
                0x08002154                DMA1_Stream0_IRQHandler
                0x08002154                EXTI4_IRQHandler
                0x08002154                WWDG_IRQHandler
                0x08002154                OTG_FS_WKUP_IRQHandler
                0x08002154                TIM1_TRG_COM_TIM11_IRQHandler
                0x08002154                EXTI1_IRQHandler
                0x08002154                USART2_IRQHandler
                0x08002154                I2C2_ER_IRQHandler
                0x08002154                DMA2_Stream1_IRQHandler
                0x08002154                FLASH_IRQHandler
                0x08002154                DMA2_Stream4_IRQHandler
                0x08002154                USART1_IRQHandler
                0x08002154                OTG_FS_IRQHandler
                0x08002154                SPI3_IRQHandler
                0x08002154                DMA1_Stream4_IRQHandler
                0x08002154                I2C1_ER_IRQHandler
                0x08002154                DMA2_Stream6_IRQHandler
                0x08002154                DMA1_Stream3_IRQHandler
 *fill*         0x08002156        0x2 
 .text.HAL_Init
                0x08002158       0x44 ./Drivers/STM32F4xx_HAL_Driver/Src/stm32f4xx_hal.o
                0x08002158                HAL_Init
 .text.HAL_InitTick
                0x0800219c       0x60 ./Drivers/STM32F4xx_HAL_Driver/Src/stm32f4xx_hal.o
                0x0800219c                HAL_InitTick
 .text.HAL_IncTick
                0x080021fc       0x28 ./Drivers/STM32F4xx_HAL_Driver/Src/stm32f4xx_hal.o
                0x080021fc                HAL_IncTick
 .text.HAL_GetTick
                0x08002224       0x18 ./Drivers/STM32F4xx_HAL_Driver/Src/stm32f4xx_hal.o
                0x08002224                HAL_GetTick
 .text.HAL_ADC_Init
                0x0800223c       0x86 ./Drivers/STM32F4xx_HAL_Driver/Src/stm32f4xx_hal_adc.o
                0x0800223c                HAL_ADC_Init
 *fill*         0x080022c2        0x2 
 .text.HAL_ADC_Start_IT
                0x080022c4      0x17c ./Drivers/STM32F4xx_HAL_Driver/Src/stm32f4xx_hal_adc.o
                0x080022c4                HAL_ADC_Start_IT
 .text.HAL_ADC_Start_DMA
                0x08002440      0x1e0 ./Drivers/STM32F4xx_HAL_Driver/Src/stm32f4xx_hal_adc.o
                0x08002440                HAL_ADC_Start_DMA
 .text.HAL_ADC_ConvCpltCallback
                0x08002620       0x14 ./Drivers/STM32F4xx_HAL_Driver/Src/stm32f4xx_hal_adc.o
                0x08002620                HAL_ADC_ConvCpltCallback
 .text.HAL_ADC_ConvHalfCpltCallback
                0x08002634       0x14 ./Drivers/STM32F4xx_HAL_Driver/Src/stm32f4xx_hal_adc.o
                0x08002634                HAL_ADC_ConvHalfCpltCallback
 .text.HAL_ADC_ErrorCallback
                0x08002648       0x14 ./Drivers/STM32F4xx_HAL_Driver/Src/stm32f4xx_hal_adc.o
                0x08002648                HAL_ADC_ErrorCallback
 .text.HAL_ADC_ConfigChannel
                0x0800265c      0x264 ./Drivers/STM32F4xx_HAL_Driver/Src/stm32f4xx_hal_adc.o
                0x0800265c                HAL_ADC_ConfigChannel
 .text.ADC_Init
                0x080028c0      0x1f8 ./Drivers/STM32F4xx_HAL_Driver/Src/stm32f4xx_hal_adc.o
 .text.ADC_DMAConvCplt
                0x08002ab8       0xba ./Drivers/STM32F4xx_HAL_Driver/Src/stm32f4xx_hal_adc.o
 .text.ADC_DMAHalfConvCplt
                0x08002b72       0x1c ./Drivers/STM32F4xx_HAL_Driver/Src/stm32f4xx_hal_adc.o
 .text.ADC_DMAError
                0x08002b8e       0x2e ./Drivers/STM32F4xx_HAL_Driver/Src/stm32f4xx_hal_adc.o
 .text.__NVIC_SetPriorityGrouping
                0x08002bbc       0x48 ./Drivers/STM32F4xx_HAL_Driver/Src/stm32f4xx_hal_cortex.o
 .text.__NVIC_GetPriorityGrouping
                0x08002c04       0x1c ./Drivers/STM32F4xx_HAL_Driver/Src/stm32f4xx_hal_cortex.o
 .text.__NVIC_EnableIRQ
                0x08002c20       0x3c ./Drivers/STM32F4xx_HAL_Driver/Src/stm32f4xx_hal_cortex.o
 .text.__NVIC_SetPriority
                0x08002c5c       0x54 ./Drivers/STM32F4xx_HAL_Driver/Src/stm32f4xx_hal_cortex.o
 .text.NVIC_EncodePriority
                0x08002cb0       0x66 ./Drivers/STM32F4xx_HAL_Driver/Src/stm32f4xx_hal_cortex.o
 *fill*         0x08002d16        0x2 
 .text.SysTick_Config
                0x08002d18       0x44 ./Drivers/STM32F4xx_HAL_Driver/Src/stm32f4xx_hal_cortex.o
 .text.HAL_NVIC_SetPriorityGrouping
                0x08002d5c       0x16 ./Drivers/STM32F4xx_HAL_Driver/Src/stm32f4xx_hal_cortex.o
                0x08002d5c                HAL_NVIC_SetPriorityGrouping
 .text.HAL_NVIC_SetPriority
                0x08002d72       0x38 ./Drivers/STM32F4xx_HAL_Driver/Src/stm32f4xx_hal_cortex.o
                0x08002d72                HAL_NVIC_SetPriority
 .text.HAL_NVIC_EnableIRQ
                0x08002daa       0x1c ./Drivers/STM32F4xx_HAL_Driver/Src/stm32f4xx_hal_cortex.o
                0x08002daa                HAL_NVIC_EnableIRQ
 .text.HAL_SYSTICK_Config
                0x08002dc6       0x18 ./Drivers/STM32F4xx_HAL_Driver/Src/stm32f4xx_hal_cortex.o
                0x08002dc6                HAL_SYSTICK_Config
 *fill*         0x08002dde        0x2 
 .text.HAL_DMA_Init
                0x08002de0      0x15c ./Drivers/STM32F4xx_HAL_Driver/Src/stm32f4xx_hal_dma.o
                0x08002de0                HAL_DMA_Init
 .text.HAL_DMA_Start_IT
                0x08002f3c       0xb0 ./Drivers/STM32F4xx_HAL_Driver/Src/stm32f4xx_hal_dma.o
                0x08002f3c                HAL_DMA_Start_IT
 .text.HAL_DMA_IRQHandler
                0x08002fec      0x314 ./Drivers/STM32F4xx_HAL_Driver/Src/stm32f4xx_hal_dma.o
                0x08002fec                HAL_DMA_IRQHandler
 .text.DMA_SetConfig
                0x08003300       0x5c ./Drivers/STM32F4xx_HAL_Driver/Src/stm32f4xx_hal_dma.o
 .text.DMA_CalcBaseAndBitshift
                0x0800335c       0x6c ./Drivers/STM32F4xx_HAL_Driver/Src/stm32f4xx_hal_dma.o
 .text.DMA_CheckFifoParam
                0x080033c8       0xf8 ./Drivers/STM32F4xx_HAL_Driver/Src/stm32f4xx_hal_dma.o
 .text.HAL_GPIO_Init
                0x080034c0      0x308 ./Drivers/STM32F4xx_HAL_Driver/Src/stm32f4xx_hal_gpio.o
                0x080034c0                HAL_GPIO_Init
 .text.HAL_RCC_OscConfig
                0x080037c8      0x4f0 ./Drivers/STM32F4xx_HAL_Driver/Src/stm32f4xx_hal_rcc.o
                0x080037c8                HAL_RCC_OscConfig
 .text.HAL_RCC_ClockConfig
                0x08003cb8      0x1cc ./Drivers/STM32F4xx_HAL_Driver/Src/stm32f4xx_hal_rcc.o
                0x08003cb8                HAL_RCC_ClockConfig
 .text.HAL_RCC_GetSysClockFreq
                0x08003e84      0x20c ./Drivers/STM32F4xx_HAL_Driver/Src/stm32f4xx_hal_rcc.o
                0x08003e84                HAL_RCC_GetSysClockFreq
 .text.HAL_RCC_GetHCLKFreq
                0x08004090       0x18 ./Drivers/STM32F4xx_HAL_Driver/Src/stm32f4xx_hal_rcc.o
                0x08004090                HAL_RCC_GetHCLKFreq
 .text.HAL_RCC_GetPCLK1Freq
                0x080040a8       0x28 ./Drivers/STM32F4xx_HAL_Driver/Src/stm32f4xx_hal_rcc.o
                0x080040a8                HAL_RCC_GetPCLK1Freq
 .text.HAL_RCC_GetPCLK2Freq
                0x080040d0       0x28 ./Drivers/STM32F4xx_HAL_Driver/Src/stm32f4xx_hal_rcc.o
                0x080040d0                HAL_RCC_GetPCLK2Freq
 .text.HAL_TIM_Base_Init
                0x080040f8       0x9e ./Drivers/STM32F4xx_HAL_Driver/Src/stm32f4xx_hal_tim.o
                0x080040f8                HAL_TIM_Base_Init
 *fill*         0x08004196        0x2 
 .text.HAL_TIM_Base_Start_IT
                0x08004198       0xc4 ./Drivers/STM32F4xx_HAL_Driver/Src/stm32f4xx_hal_tim.o
                0x08004198                HAL_TIM_Base_Start_IT
 .text.HAL_TIM_IRQHandler
                0x0800425c      0x1e0 ./Drivers/STM32F4xx_HAL_Driver/Src/stm32f4xx_hal_tim.o
                0x0800425c                HAL_TIM_IRQHandler
 .text.HAL_TIM_ConfigClockSource
                0x0800443c      0x18e ./Drivers/STM32F4xx_HAL_Driver/Src/stm32f4xx_hal_tim.o
                0x0800443c                HAL_TIM_ConfigClockSource
 .text.HAL_TIM_PeriodElapsedCallback
                0x080045ca       0x14 ./Drivers/STM32F4xx_HAL_Driver/Src/stm32f4xx_hal_tim.o
                0x080045ca                HAL_TIM_PeriodElapsedCallback
 .text.HAL_TIM_OC_DelayElapsedCallback
                0x080045de       0x14 ./Drivers/STM32F4xx_HAL_Driver/Src/stm32f4xx_hal_tim.o
                0x080045de                HAL_TIM_OC_DelayElapsedCallback
 .text.HAL_TIM_IC_CaptureCallback
                0x080045f2       0x14 ./Drivers/STM32F4xx_HAL_Driver/Src/stm32f4xx_hal_tim.o
                0x080045f2                HAL_TIM_IC_CaptureCallback
 .text.HAL_TIM_PWM_PulseFinishedCallback
                0x08004606       0x14 ./Drivers/STM32F4xx_HAL_Driver/Src/stm32f4xx_hal_tim.o
                0x08004606                HAL_TIM_PWM_PulseFinishedCallback
 .text.HAL_TIM_TriggerCallback
                0x0800461a       0x14 ./Drivers/STM32F4xx_HAL_Driver/Src/stm32f4xx_hal_tim.o
                0x0800461a                HAL_TIM_TriggerCallback
 *fill*         0x0800462e        0x2 
 .text.TIM_Base_SetConfig
                0x08004630      0x118 ./Drivers/STM32F4xx_HAL_Driver/Src/stm32f4xx_hal_tim.o
                0x08004630                TIM_Base_SetConfig
 .text.TIM_TI1_ConfigInputStage
                0x08004748       0x5e ./Drivers/STM32F4xx_HAL_Driver/Src/stm32f4xx_hal_tim.o
 .text.TIM_TI2_ConfigInputStage
                0x080047a6       0x60 ./Drivers/STM32F4xx_HAL_Driver/Src/stm32f4xx_hal_tim.o
 .text.TIM_ITRx_SetConfig
                0x08004806       0x36 ./Drivers/STM32F4xx_HAL_Driver/Src/stm32f4xx_hal_tim.o
 .text.TIM_ETR_SetConfig
                0x0800483c       0x40 ./Drivers/STM32F4xx_HAL_Driver/Src/stm32f4xx_hal_tim.o
                0x0800483c                TIM_ETR_SetConfig
 .text.HAL_TIMEx_MasterConfigSynchronization
                0x0800487c       0xdc ./Drivers/STM32F4xx_HAL_Driver/Src/stm32f4xx_hal_tim_ex.o
                0x0800487c                HAL_TIMEx_MasterConfigSynchronization
 .text.HAL_TIMEx_CommutCallback
                0x08004958       0x14 ./Drivers/STM32F4xx_HAL_Driver/Src/stm32f4xx_hal_tim_ex.o
                0x08004958                HAL_TIMEx_CommutCallback
 .text.HAL_TIMEx_BreakCallback
                0x0800496c       0x14 ./Drivers/STM32F4xx_HAL_Driver/Src/stm32f4xx_hal_tim_ex.o
                0x0800496c                HAL_TIMEx_BreakCallback
 .text.HAL_UART_Init
                0x08004980       0xa0 ./Drivers/STM32F4xx_HAL_Driver/Src/stm32f4xx_hal_uart.o
                0x08004980                HAL_UART_Init
 .text.HAL_UART_Transmit
                0x08004a20      0x116 ./Drivers/STM32F4xx_HAL_Driver/Src/stm32f4xx_hal_uart.o
                0x08004a20                HAL_UART_Transmit
 .text.UART_WaitOnFlagUntilTimeout
                0x08004b36       0xb2 ./Drivers/STM32F4xx_HAL_Driver/Src/stm32f4xx_hal_uart.o
 .text.UART_EndRxTransfer
                0x08004be8       0xc6 ./Drivers/STM32F4xx_HAL_Driver/Src/stm32f4xx_hal_uart.o
 *fill*         0x08004cae        0x2 
 .text.UART_SetConfig
                0x08004cb0      0x4e8 ./Drivers/STM32F4xx_HAL_Driver/Src/stm32f4xx_hal_uart.o
 .text.memset   0x08005198       0x10 D:/STM32 IDE/STM32CubeIDE_1.16.0/STM32CubeIDE/plugins/com.st.stm32cube.ide.mcu.externaltools.gnu-tools-for-stm32.12.3.rel1.win32_1.0.200.202406191623/tools/bin/../lib/gcc/arm-none-eabi/12.3.1/../../../../arm-none-eabi/lib/thumb/v7e-m+fp/hard\libc_nano.a(libc_a-memset.o)
                0x08005198                memset
 .text.__libc_init_array
                0x080051a8       0x48 D:/STM32 IDE/STM32CubeIDE_1.16.0/STM32CubeIDE/plugins/com.st.stm32cube.ide.mcu.externaltools.gnu-tools-for-stm32.12.3.rel1.win32_1.0.200.202406191623/tools/bin/../lib/gcc/arm-none-eabi/12.3.1/../../../../arm-none-eabi/lib/thumb/v7e-m+fp/hard\libc_nano.a(libc_a-init.o)
                0x080051a8                __libc_init_array
 *(.glue_7)
 .glue_7        0x080051f0        0x0 linker stubs
 *(.glue_7t)
 .glue_7t       0x080051f0        0x0 linker stubs
 *(.eh_frame)
 .eh_frame      0x080051f0        0x0 D:/STM32 IDE/STM32CubeIDE_1.16.0/STM32CubeIDE/plugins/com.st.stm32cube.ide.mcu.externaltools.gnu-tools-for-stm32.12.3.rel1.win32_1.0.200.202406191623/tools/bin/../lib/gcc/arm-none-eabi/12.3.1/thumb/v7e-m+fp/hard/crtbegin.o
 *(.init)
 .init          0x080051f0        0x4 D:/STM32 IDE/STM32CubeIDE_1.16.0/STM32CubeIDE/plugins/com.st.stm32cube.ide.mcu.externaltools.gnu-tools-for-stm32.12.3.rel1.win32_1.0.200.202406191623/tools/bin/../lib/gcc/arm-none-eabi/12.3.1/thumb/v7e-m+fp/hard/crti.o
                0x080051f0                _init
 .init          0x080051f4        0x8 D:/STM32 IDE/STM32CubeIDE_1.16.0/STM32CubeIDE/plugins/com.st.stm32cube.ide.mcu.externaltools.gnu-tools-for-stm32.12.3.rel1.win32_1.0.200.202406191623/tools/bin/../lib/gcc/arm-none-eabi/12.3.1/thumb/v7e-m+fp/hard/crtn.o
 *(.fini)
 .fini          0x080051fc        0x4 D:/STM32 IDE/STM32CubeIDE_1.16.0/STM32CubeIDE/plugins/com.st.stm32cube.ide.mcu.externaltools.gnu-tools-for-stm32.12.3.rel1.win32_1.0.200.202406191623/tools/bin/../lib/gcc/arm-none-eabi/12.3.1/thumb/v7e-m+fp/hard/crti.o
                0x080051fc                _fini
 .fini          0x08005200        0x8 D:/STM32 IDE/STM32CubeIDE_1.16.0/STM32CubeIDE/plugins/com.st.stm32cube.ide.mcu.externaltools.gnu-tools-for-stm32.12.3.rel1.win32_1.0.200.202406191623/tools/bin/../lib/gcc/arm-none-eabi/12.3.1/thumb/v7e-m+fp/hard/crtn.o
                0x08005208                        . = ALIGN (0x4)
                0x08005208                        _etext = .

.vfp11_veneer   0x08005208        0x0
 .vfp11_veneer  0x08005208        0x0 linker stubs

.v4_bx          0x08005208        0x0
 .v4_bx         0x08005208        0x0 linker stubs

.iplt           0x08005208        0x0
 .iplt          0x08005208        0x0 D:/STM32 IDE/STM32CubeIDE_1.16.0/STM32CubeIDE/plugins/com.st.stm32cube.ide.mcu.externaltools.gnu-tools-for-stm32.12.3.rel1.win32_1.0.200.202406191623/tools/bin/../lib/gcc/arm-none-eabi/12.3.1/thumb/v7e-m+fp/hard/crtbegin.o

.rodata         0x08005208       0x3c
                0x08005208                        . = ALIGN (0x4)
 *(.rodata)
 .rodata        0x08005208       0x1b ./Core/Src/main.o
 *(.rodata*)
 *fill*         0x08005223        0x1 
 .rodata.AHBPrescTable
                0x08005224       0x10 ./Core/Src/system_stm32f4xx.o
                0x08005224                AHBPrescTable
 .rodata.APBPrescTable
                0x08005234        0x8 ./Core/Src/system_stm32f4xx.o
                0x08005234                APBPrescTable
 .rodata.flagBitshiftOffset.0
                0x0800523c        0x8 ./Drivers/STM32F4xx_HAL_Driver/Src/stm32f4xx_hal_dma.o
                0x08005244                        . = ALIGN (0x4)

.ARM.extab      0x08005244        0x0
                0x08005244                        . = ALIGN (0x4)
 *(.ARM.extab* .gnu.linkonce.armextab.*)
                0x08005244                        . = ALIGN (0x4)

.ARM            0x08005244        0x8
                0x08005244                        . = ALIGN (0x4)
                0x08005244                        __exidx_start = .
 *(.ARM.exidx*)
 .ARM.exidx     0x08005244        0x8 D:/STM32 IDE/STM32CubeIDE_1.16.0/STM32CubeIDE/plugins/com.st.stm32cube.ide.mcu.externaltools.gnu-tools-for-stm32.12.3.rel1.win32_1.0.200.202406191623/tools/bin/../lib/gcc/arm-none-eabi/12.3.1/../../../../arm-none-eabi/lib/thumb/v7e-m+fp/hard\libc_nano.a(libc_a-strlen.o)
 .ARM.exidx     0x0800524c        0x0 D:/STM32 IDE/STM32CubeIDE_1.16.0/STM32CubeIDE/plugins/com.st.stm32cube.ide.mcu.externaltools.gnu-tools-for-stm32.12.3.rel1.win32_1.0.200.202406191623/tools/bin/../lib/gcc/arm-none-eabi/12.3.1/thumb/v7e-m+fp/hard\libgcc.a(_udivmoddi4.o)
                                  0x8 (size before relaxing)
                0x0800524c                        __exidx_end = .
                0x0800524c                        . = ALIGN (0x4)

.preinit_array  0x0800524c        0x0
                0x0800524c                        . = ALIGN (0x4)
                0x0800524c                        PROVIDE (__preinit_array_start = .)
 *(.preinit_array*)
                0x0800524c                        PROVIDE (__preinit_array_end = .)
                0x0800524c                        . = ALIGN (0x4)

.init_array     0x0800524c        0x4
                0x0800524c                        . = ALIGN (0x4)
                0x0800524c                        PROVIDE (__init_array_start = .)
 *(SORT_BY_NAME(.init_array.*))
 *(.init_array*)
 .init_array    0x0800524c        0x4 D:/STM32 IDE/STM32CubeIDE_1.16.0/STM32CubeIDE/plugins/com.st.stm32cube.ide.mcu.externaltools.gnu-tools-for-stm32.12.3.rel1.win32_1.0.200.202406191623/tools/bin/../lib/gcc/arm-none-eabi/12.3.1/thumb/v7e-m+fp/hard/crtbegin.o
                0x08005250                        PROVIDE (__init_array_end = .)
                0x08005250                        . = ALIGN (0x4)

.fini_array     0x08005250        0x4
                0x08005250                        . = ALIGN (0x4)
                [!provide]                        PROVIDE (__fini_array_start = .)
 *(SORT_BY_NAME(.fini_array.*))
 *(.fini_array*)
 .fini_array    0x08005250        0x4 D:/STM32 IDE/STM32CubeIDE_1.16.0/STM32CubeIDE/plugins/com.st.stm32cube.ide.mcu.externaltools.gnu-tools-for-stm32.12.3.rel1.win32_1.0.200.202406191623/tools/bin/../lib/gcc/arm-none-eabi/12.3.1/thumb/v7e-m+fp/hard/crtbegin.o
                [!provide]                        PROVIDE (__fini_array_end = .)
                0x08005254                        . = ALIGN (0x4)
                0x08005254                        _sidata = LOADADDR (.data)

.rel.dyn        0x08005254        0x0
 .rel.iplt      0x08005254        0x0 D:/STM32 IDE/STM32CubeIDE_1.16.0/STM32CubeIDE/plugins/com.st.stm32cube.ide.mcu.externaltools.gnu-tools-for-stm32.12.3.rel1.win32_1.0.200.202406191623/tools/bin/../lib/gcc/arm-none-eabi/12.3.1/thumb/v7e-m+fp/hard/crtbegin.o

.data           0x20000000        0xc load address 0x08005254
                0x20000000                        . = ALIGN (0x4)
                0x20000000                        _sdata = .
 *(.data)
 *(.data*)
 .data.SystemCoreClock
                0x20000000        0x4 ./Core/Src/system_stm32f4xx.o
                0x20000000                SystemCoreClock
 .data.uwTickPrio
                0x20000004        0x4 ./Drivers/STM32F4xx_HAL_Driver/Src/stm32f4xx_hal.o
                0x20000004                uwTickPrio
 .data.uwTickFreq
                0x20000008        0x1 ./Drivers/STM32F4xx_HAL_Driver/Src/stm32f4xx_hal.o
                0x20000008                uwTickFreq
 *(.RamFunc)
 *(.RamFunc*)
                0x2000000c                        . = ALIGN (0x4)
 *fill*         0x20000009        0x3 
                0x2000000c                        _edata = .

.igot.plt       0x2000000c        0x0 load address 0x08005260
 .igot.plt      0x2000000c        0x0 D:/STM32 IDE/STM32CubeIDE_1.16.0/STM32CubeIDE/plugins/com.st.stm32cube.ide.mcu.externaltools.gnu-tools-for-stm32.12.3.rel1.win32_1.0.200.202406191623/tools/bin/../lib/gcc/arm-none-eabi/12.3.1/thumb/v7e-m+fp/hard/crtbegin.o
                0x2000000c                        . = ALIGN (0x4)

.bss            0x2000000c     0x2f28 load address 0x08005260
                0x2000000c                        _sbss = .
                0x2000000c                        __bss_start__ = _sbss
 *(.bss)
 .bss           0x2000000c       0x1c D:/STM32 IDE/STM32CubeIDE_1.16.0/STM32CubeIDE/plugins/com.st.stm32cube.ide.mcu.externaltools.gnu-tools-for-stm32.12.3.rel1.win32_1.0.200.202406191623/tools/bin/../lib/gcc/arm-none-eabi/12.3.1/thumb/v7e-m+fp/hard/crtbegin.o
 *(.bss*)
 .bss.adc_filter
                0x20000028        0x8 ./Core/Src/main.o
                0x20000028                adc_filter
 .bss.bandpass_filter
                0x20000030      0x218 ./Core/Src/main.o
                0x20000030                bandpass_filter
 .bss.adc_buffer
                0x20000248       0x18 ./Core/Src/main.o
                0x20000248                adc_buffer
 .bss.adc_buffer_data
                0x20000260      0x200 ./Core/Src/main.o
                0x20000260                adc_buffer_data
 .bss.qrs_detector
                0x20000460      0x108 ./Core/Src/main.o
                0x20000460                qrs_detector
 .bss.qrs_flags
                0x20000568       0x40 ./Core/Src/main.o
                0x20000568                qrs_flags
 .bss.qrs_flag_index
                0x200005a8        0x1 ./Core/Src/main.o
                0x200005a8                qrs_flag_index
 *fill*         0x200005a9        0x3 
 .bss.first_10s_filtered
                0x200005ac     0x1f40 ./Core/Src/main.o
                0x200005ac                first_10s_filtered
 .bss.first_10s_qrs_flags
                0x200024ec      0x7d0 ./Core/Src/main.o
                0x200024ec                first_10s_qrs_flags
 .bss.first_10s_count
                0x20002cbc        0x4 ./Core/Src/main.o
                0x20002cbc                first_10s_count
 .bss.first_10s_ready
                0x20002cc0        0x1 ./Core/Src/main.o
                0x20002cc0                first_10s_ready
 *fill*         0x20002cc1        0x3 
 .bss.hadc1     0x20002cc4       0x48 ./Core/Src/main.o
                0x20002cc4                hadc1
 .bss.hdma_adc1
                0x20002d0c       0x60 ./Core/Src/main.o
                0x20002d0c                hdma_adc1
 .bss.htim2     0x20002d6c       0x48 ./Core/Src/main.o
                0x20002d6c                htim2
 .bss.huart2    0x20002db4       0x48 ./Core/Src/main.o
                0x20002db4                huart2
 .bss.sendBuffer
                0x20002dfc      0x12c ./Core/Src/main.o
                0x20002dfc                sendBuffer
 .bss.send_flag
                0x20002f28        0x1 ./Core/Src/mylib.o
                0x20002f28                send_flag
 *fill*         0x20002f29        0x3 
 .bss.ADC_value
                0x20002f2c        0x4 ./Core/Src/mylib.o
                0x20002f2c                ADC_value
 .bss.uwTick    0x20002f30        0x4 ./Drivers/STM32F4xx_HAL_Driver/Src/stm32f4xx_hal.o
                0x20002f30                uwTick
 *(COMMON)
                0x20002f34                        . = ALIGN (0x4)
                0x20002f34                        _ebss = .
                0x20002f34                        __bss_end__ = _ebss

._user_heap_stack
                0x20002f34      0x604 load address 0x08005260
                0x20002f38                        . = ALIGN (0x8)
 *fill*         0x20002f34        0x4 
                [!provide]                        PROVIDE (end = .)
                0x20002f38                        PROVIDE (_end = .)
                0x20003138                        . = (. + _Min_Heap_Size)
 *fill*         0x20002f38      0x200 
                0x20003538                        . = (. + _Min_Stack_Size)
 *fill*         0x20003138      0x400 
                0x20003538                        . = ALIGN (0x8)

/DISCARD/
 libc.a(*)
 libm.a(*)
 libgcc.a(*)

.ARM.attributes
                0x00000000       0x30
 *(.ARM.attributes)
 .ARM.attributes
                0x00000000       0x22 D:/STM32 IDE/STM32CubeIDE_1.16.0/STM32CubeIDE/plugins/com.st.stm32cube.ide.mcu.externaltools.gnu-tools-for-stm32.12.3.rel1.win32_1.0.200.202406191623/tools/bin/../lib/gcc/arm-none-eabi/12.3.1/thumb/v7e-m+fp/hard/crti.o
 .ARM.attributes
                0x00000022       0x34 D:/STM32 IDE/STM32CubeIDE_1.16.0/STM32CubeIDE/plugins/com.st.stm32cube.ide.mcu.externaltools.gnu-tools-for-stm32.12.3.rel1.win32_1.0.200.202406191623/tools/bin/../lib/gcc/arm-none-eabi/12.3.1/thumb/v7e-m+fp/hard/crtbegin.o
 .ARM.attributes
                0x00000056       0x34 ./Core/Src/cbuffer.o
 .ARM.attributes
                0x0000008a       0x34 ./Core/Src/filter.o
 .ARM.attributes
                0x000000be       0x34 ./Core/Src/main.o
 .ARM.attributes
                0x000000f2       0x34 ./Core/Src/mylib.o
 .ARM.attributes
                0x00000126       0x34 ./Core/Src/qrs_detector.o
 .ARM.attributes
                0x0000015a       0x34 ./Core/Src/stm32f4xx_hal_msp.o
 .ARM.attributes
                0x0000018e       0x34 ./Core/Src/stm32f4xx_it.o
 .ARM.attributes
                0x000001c2       0x34 ./Core/Src/system_stm32f4xx.o
 .ARM.attributes
                0x000001f6       0x21 ./Core/Startup/startup_stm32f411vetx.o
 .ARM.attributes
                0x00000217       0x34 ./Drivers/STM32F4xx_HAL_Driver/Src/stm32f4xx_hal.o
 .ARM.attributes
                0x0000024b       0x34 ./Drivers/STM32F4xx_HAL_Driver/Src/stm32f4xx_hal_adc.o
 .ARM.attributes
                0x0000027f       0x34 ./Drivers/STM32F4xx_HAL_Driver/Src/stm32f4xx_hal_cortex.o
 .ARM.attributes
                0x000002b3       0x34 ./Drivers/STM32F4xx_HAL_Driver/Src/stm32f4xx_hal_dma.o
 .ARM.attributes
                0x000002e7       0x34 ./Drivers/STM32F4xx_HAL_Driver/Src/stm32f4xx_hal_gpio.o
 .ARM.attributes
                0x0000031b       0x34 ./Drivers/STM32F4xx_HAL_Driver/Src/stm32f4xx_hal_rcc.o
 .ARM.attributes
                0x0000034f       0x34 ./Drivers/STM32F4xx_HAL_Driver/Src/stm32f4xx_hal_tim.o
 .ARM.attributes
                0x00000383       0x34 ./Drivers/STM32F4xx_HAL_Driver/Src/stm32f4xx_hal_tim_ex.o
 .ARM.attributes
                0x000003b7       0x34 ./Drivers/STM32F4xx_HAL_Driver/Src/stm32f4xx_hal_uart.o
 .ARM.attributes
                0x000003eb       0x34 D:/STM32 IDE/STM32CubeIDE_1.16.0/STM32CubeIDE/plugins/com.st.stm32cube.ide.mcu.externaltools.gnu-tools-for-stm32.12.3.rel1.win32_1.0.200.202406191623/tools/bin/../lib/gcc/arm-none-eabi/12.3.1/../../../../arm-none-eabi/lib/thumb/v7e-m+fp/hard\libc_nano.a(libc_a-memset.o)
 .ARM.attributes
                0x0000041f       0x34 D:/STM32 IDE/STM32CubeIDE_1.16.0/STM32CubeIDE/plugins/com.st.stm32cube.ide.mcu.externaltools.gnu-tools-for-stm32.12.3.rel1.win32_1.0.200.202406191623/tools/bin/../lib/gcc/arm-none-eabi/12.3.1/../../../../arm-none-eabi/lib/thumb/v7e-m+fp/hard\libc_nano.a(libc_a-init.o)
 .ARM.attributes
                0x00000453       0x17 D:/STM32 IDE/STM32CubeIDE_1.16.0/STM32CubeIDE/plugins/com.st.stm32cube.ide.mcu.externaltools.gnu-tools-for-stm32.12.3.rel1.win32_1.0.200.202406191623/tools/bin/../lib/gcc/arm-none-eabi/12.3.1/../../../../arm-none-eabi/lib/thumb/v7e-m+fp/hard\libc_nano.a(libc_a-strlen.o)
 .ARM.attributes
                0x0000046a       0x22 D:/STM32 IDE/STM32CubeIDE_1.16.0/STM32CubeIDE/plugins/com.st.stm32cube.ide.mcu.externaltools.gnu-tools-for-stm32.12.3.rel1.win32_1.0.200.202406191623/tools/bin/../lib/gcc/arm-none-eabi/12.3.1/thumb/v7e-m+fp/hard\libgcc.a(_arm_muldf3.o)
 .ARM.attributes
                0x0000048c       0x22 D:/STM32 IDE/STM32CubeIDE_1.16.0/STM32CubeIDE/plugins/com.st.stm32cube.ide.mcu.externaltools.gnu-tools-for-stm32.12.3.rel1.win32_1.0.200.202406191623/tools/bin/../lib/gcc/arm-none-eabi/12.3.1/thumb/v7e-m+fp/hard\libgcc.a(_arm_addsubdf3.o)
 .ARM.attributes
                0x000004ae       0x22 D:/STM32 IDE/STM32CubeIDE_1.16.0/STM32CubeIDE/plugins/com.st.stm32cube.ide.mcu.externaltools.gnu-tools-for-stm32.12.3.rel1.win32_1.0.200.202406191623/tools/bin/../lib/gcc/arm-none-eabi/12.3.1/thumb/v7e-m+fp/hard\libgcc.a(_arm_fixdfsi.o)
 .ARM.attributes
                0x000004d0       0x22 D:/STM32 IDE/STM32CubeIDE_1.16.0/STM32CubeIDE/plugins/com.st.stm32cube.ide.mcu.externaltools.gnu-tools-for-stm32.12.3.rel1.win32_1.0.200.202406191623/tools/bin/../lib/gcc/arm-none-eabi/12.3.1/thumb/v7e-m+fp/hard\libgcc.a(_arm_fixunsdfsi.o)
 .ARM.attributes
                0x000004f2       0x22 D:/STM32 IDE/STM32CubeIDE_1.16.0/STM32CubeIDE/plugins/com.st.stm32cube.ide.mcu.externaltools.gnu-tools-for-stm32.12.3.rel1.win32_1.0.200.202406191623/tools/bin/../lib/gcc/arm-none-eabi/12.3.1/thumb/v7e-m+fp/hard\libgcc.a(_aeabi_uldivmod.o)
 .ARM.attributes
                0x00000514       0x34 D:/STM32 IDE/STM32CubeIDE_1.16.0/STM32CubeIDE/plugins/com.st.stm32cube.ide.mcu.externaltools.gnu-tools-for-stm32.12.3.rel1.win32_1.0.200.202406191623/tools/bin/../lib/gcc/arm-none-eabi/12.3.1/thumb/v7e-m+fp/hard\libgcc.a(_udivmoddi4.o)
 .ARM.attributes
                0x00000548       0x22 D:/STM32 IDE/STM32CubeIDE_1.16.0/STM32CubeIDE/plugins/com.st.stm32cube.ide.mcu.externaltools.gnu-tools-for-stm32.12.3.rel1.win32_1.0.200.202406191623/tools/bin/../lib/gcc/arm-none-eabi/12.3.1/thumb/v7e-m+fp/hard\libgcc.a(_dvmd_tls.o)
 .ARM.attributes
                0x0000056a       0x22 D:/STM32 IDE/STM32CubeIDE_1.16.0/STM32CubeIDE/plugins/com.st.stm32cube.ide.mcu.externaltools.gnu-tools-for-stm32.12.3.rel1.win32_1.0.200.202406191623/tools/bin/../lib/gcc/arm-none-eabi/12.3.1/thumb/v7e-m+fp/hard/crtn.o
OUTPUT(QRS_ECG.elf elf32-littlearm)
LOAD linker stubs
LOAD D:/STM32 IDE/STM32CubeIDE_1.16.0/STM32CubeIDE/plugins/com.st.stm32cube.ide.mcu.externaltools.gnu-tools-for-stm32.12.3.rel1.win32_1.0.200.202406191623/tools/bin/../lib/gcc/arm-none-eabi/12.3.1/../../../../arm-none-eabi/lib/thumb/v7e-m+fp/hard\libc.a
LOAD D:/STM32 IDE/STM32CubeIDE_1.16.0/STM32CubeIDE/plugins/com.st.stm32cube.ide.mcu.externaltools.gnu-tools-for-stm32.12.3.rel1.win32_1.0.200.202406191623/tools/bin/../lib/gcc/arm-none-eabi/12.3.1/../../../../arm-none-eabi/lib/thumb/v7e-m+fp/hard\libm.a
LOAD D:/STM32 IDE/STM32CubeIDE_1.16.0/STM32CubeIDE/plugins/com.st.stm32cube.ide.mcu.externaltools.gnu-tools-for-stm32.12.3.rel1.win32_1.0.200.202406191623/tools/bin/../lib/gcc/arm-none-eabi/12.3.1/thumb/v7e-m+fp/hard\libgcc.a

.debug_info     0x00000000     0xf202
 .debug_info    0x00000000      0x364 ./Core/Src/cbuffer.o
 .debug_info    0x00000364      0x335 ./Core/Src/filter.o
 .debug_info    0x00000699     0x19c5 ./Core/Src/main.o
 .debug_info    0x0000205e       0xd7 ./Core/Src/mylib.o
 .debug_info    0x00002135      0x560 ./Core/Src/qrs_detector.o
 .debug_info    0x00002695     0x1234 ./Core/Src/stm32f4xx_hal_msp.o
 .debug_info    0x000038c9      0xaab ./Core/Src/stm32f4xx_it.o
 .debug_info    0x00004374      0x53e ./Core/Src/system_stm32f4xx.o
 .debug_info    0x000048b2       0x30 ./Core/Startup/startup_stm32f411vetx.o
 .debug_info    0x000048e2      0x8c4 ./Drivers/STM32F4xx_HAL_Driver/Src/stm32f4xx_hal.o
 .debug_info    0x000051a6      0xcd1 ./Drivers/STM32F4xx_HAL_Driver/Src/stm32f4xx_hal_adc.o
 .debug_info    0x00005e77      0xcfc ./Drivers/STM32F4xx_HAL_Driver/Src/stm32f4xx_hal_cortex.o
 .debug_info    0x00006b73      0x8e6 ./Drivers/STM32F4xx_HAL_Driver/Src/stm32f4xx_hal_dma.o
 .debug_info    0x00007459      0x6f9 ./Drivers/STM32F4xx_HAL_Driver/Src/stm32f4xx_hal_gpio.o
 .debug_info    0x00007b52      0x8f0 ./Drivers/STM32F4xx_HAL_Driver/Src/stm32f4xx_hal_rcc.o
 .debug_info    0x00008442     0x2996 ./Drivers/STM32F4xx_HAL_Driver/Src/stm32f4xx_hal_tim.o
 .debug_info    0x0000add8     0x14d4 ./Drivers/STM32F4xx_HAL_Driver/Src/stm32f4xx_hal_tim_ex.o
 .debug_info    0x0000c2ac     0x2f56 ./Drivers/STM32F4xx_HAL_Driver/Src/stm32f4xx_hal_uart.o

.debug_abbrev   0x00000000     0x237a
 .debug_abbrev  0x00000000      0x13b ./Core/Src/cbuffer.o
 .debug_abbrev  0x0000013b      0x136 ./Core/Src/filter.o
 .debug_abbrev  0x00000271      0x338 ./Core/Src/main.o
 .debug_abbrev  0x000005a9       0x5b ./Core/Src/mylib.o
 .debug_abbrev  0x00000604      0x162 ./Core/Src/qrs_detector.o
 .debug_abbrev  0x00000766      0x249 ./Core/Src/stm32f4xx_hal_msp.o
 .debug_abbrev  0x000009af      0x231 ./Core/Src/stm32f4xx_it.o
 .debug_abbrev  0x00000be0      0x11a ./Core/Src/system_stm32f4xx.o
 .debug_abbrev  0x00000cfa       0x24 ./Core/Startup/startup_stm32f411vetx.o
 .debug_abbrev  0x00000d1e      0x24b ./Drivers/STM32F4xx_HAL_Driver/Src/stm32f4xx_hal.o
 .debug_abbrev  0x00000f69      0x20e ./Drivers/STM32F4xx_HAL_Driver/Src/stm32f4xx_hal_adc.o
 .debug_abbrev  0x00001177      0x31d ./Drivers/STM32F4xx_HAL_Driver/Src/stm32f4xx_hal_cortex.o
 .debug_abbrev  0x00001494      0x221 ./Drivers/STM32F4xx_HAL_Driver/Src/stm32f4xx_hal_dma.o
 .debug_abbrev  0x000016b5      0x1d3 ./Drivers/STM32F4xx_HAL_Driver/Src/stm32f4xx_hal_gpio.o
 .debug_abbrev  0x00001888      0x2b6 ./Drivers/STM32F4xx_HAL_Driver/Src/stm32f4xx_hal_rcc.o
 .debug_abbrev  0x00001b3e      0x28b ./Drivers/STM32F4xx_HAL_Driver/Src/stm32f4xx_hal_tim.o
 .debug_abbrev  0x00001dc9      0x296 ./Drivers/STM32F4xx_HAL_Driver/Src/stm32f4xx_hal_tim_ex.o
 .debug_abbrev  0x0000205f      0x31b ./Drivers/STM32F4xx_HAL_Driver/Src/stm32f4xx_hal_uart.o

.debug_aranges  0x00000000      0xe20
 .debug_aranges
                0x00000000       0x58 ./Core/Src/cbuffer.o
 .debug_aranges
                0x00000058       0x38 ./Core/Src/filter.o
 .debug_aranges
                0x00000090       0x58 ./Core/Src/main.o
 .debug_aranges
                0x000000e8       0x18 ./Core/Src/mylib.o
 .debug_aranges
                0x00000100       0x58 ./Core/Src/qrs_detector.o
 .debug_aranges
                0x00000158       0x50 ./Core/Src/stm32f4xx_hal_msp.o
 .debug_aranges
                0x000001a8       0x70 ./Core/Src/stm32f4xx_it.o
 .debug_aranges
                0x00000218       0x28 ./Core/Src/system_stm32f4xx.o
 .debug_aranges
                0x00000240       0x28 ./Core/Startup/startup_stm32f411vetx.o
 .debug_aranges
                0x00000268       0xf0 ./Drivers/STM32F4xx_HAL_Driver/Src/stm32f4xx_hal.o
 .debug_aranges
                0x00000358       0xe8 ./Drivers/STM32F4xx_HAL_Driver/Src/stm32f4xx_hal_adc.o
 .debug_aranges
                0x00000440      0x130 ./Drivers/STM32F4xx_HAL_Driver/Src/stm32f4xx_hal_cortex.o
 .debug_aranges
                0x00000570       0x90 ./Drivers/STM32F4xx_HAL_Driver/Src/stm32f4xx_hal_dma.o
 .debug_aranges
                0x00000600       0x58 ./Drivers/STM32F4xx_HAL_Driver/Src/stm32f4xx_hal_gpio.o
 .debug_aranges
                0x00000658       0x88 ./Drivers/STM32F4xx_HAL_Driver/Src/stm32f4xx_hal_rcc.o
 .debug_aranges
                0x000006e0      0x3d0 ./Drivers/STM32F4xx_HAL_Driver/Src/stm32f4xx_hal_tim.o
 .debug_aranges
                0x00000ab0      0x168 ./Drivers/STM32F4xx_HAL_Driver/Src/stm32f4xx_hal_tim_ex.o
 .debug_aranges
                0x00000c18      0x208 ./Drivers/STM32F4xx_HAL_Driver/Src/stm32f4xx_hal_uart.o

.debug_rnglists
                0x00000000      0xb15
 .debug_rnglists
                0x00000000       0x3f ./Core/Src/cbuffer.o
 .debug_rnglists
                0x0000003f       0x27 ./Core/Src/filter.o
 .debug_rnglists
                0x00000066       0x41 ./Core/Src/main.o
 .debug_rnglists
                0x000000a7       0x5e ./Core/Src/qrs_detector.o
 .debug_rnglists
                0x00000105       0x39 ./Core/Src/stm32f4xx_hal_msp.o
 .debug_rnglists
                0x0000013e       0x50 ./Core/Src/stm32f4xx_it.o
 .debug_rnglists
                0x0000018e       0x1a ./Core/Src/system_stm32f4xx.o
 .debug_rnglists
                0x000001a8       0x19 ./Core/Startup/startup_stm32f411vetx.o
 .debug_rnglists
                0x000001c1       0xaf ./Drivers/STM32F4xx_HAL_Driver/Src/stm32f4xx_hal.o
 .debug_rnglists
                0x00000270       0xb5 ./Drivers/STM32F4xx_HAL_Driver/Src/stm32f4xx_hal_adc.o
 .debug_rnglists
                0x00000325       0xe0 ./Drivers/STM32F4xx_HAL_Driver/Src/stm32f4xx_hal_cortex.o
 .debug_rnglists
                0x00000405       0x70 ./Drivers/STM32F4xx_HAL_Driver/Src/stm32f4xx_hal_dma.o
 .debug_rnglists
                0x00000475       0x3f ./Drivers/STM32F4xx_HAL_Driver/Src/stm32f4xx_hal_gpio.o
 .debug_rnglists
                0x000004b4       0x66 ./Drivers/STM32F4xx_HAL_Driver/Src/stm32f4xx_hal_rcc.o
 .debug_rnglists
                0x0000051a      0x31a ./Drivers/STM32F4xx_HAL_Driver/Src/stm32f4xx_hal_tim.o
 .debug_rnglists
                0x00000834      0x125 ./Drivers/STM32F4xx_HAL_Driver/Src/stm32f4xx_hal_tim_ex.o
 .debug_rnglists
                0x00000959      0x1bc ./Drivers/STM32F4xx_HAL_Driver/Src/stm32f4xx_hal_uart.o

.debug_macro    0x00000000    0x184ce
 .debug_macro   0x00000000      0x1bc ./Core/Src/cbuffer.o
 .debug_macro   0x000001bc      0xab4 ./Core/Src/cbuffer.o
 .debug_macro   0x00000c70       0x22 ./Core/Src/cbuffer.o
 .debug_macro   0x00000c92       0x22 ./Core/Src/cbuffer.o
 .debug_macro   0x00000cb4       0x8e ./Core/Src/cbuffer.o
 .debug_macro   0x00000d42       0x51 ./Core/Src/cbuffer.o
 .debug_macro   0x00000d93      0x103 ./Core/Src/cbuffer.o
 .debug_macro   0x00000e96       0x6a ./Core/Src/cbuffer.o
 .debug_macro   0x00000f00      0x1df ./Core/Src/cbuffer.o
 .debug_macro   0x000010df       0x61 ./Core/Src/cbuffer.o
 .debug_macro   0x00001140       0x2a ./Core/Src/cbuffer.o
 .debug_macro   0x0000116a       0x43 ./Core/Src/cbuffer.o
 .debug_macro   0x000011ad       0x34 ./Core/Src/cbuffer.o
 .debug_macro   0x000011e1       0x16 ./Core/Src/cbuffer.o
 .debug_macro   0x000011f7       0x9e ./Core/Src/cbuffer.o
 .debug_macro   0x00001295      0x369 ./Core/Src/cbuffer.o
 .debug_macro   0x000015fe      0x10b ./Core/Src/cbuffer.o
 .debug_macro   0x00001709       0x10 ./Core/Src/cbuffer.o
 .debug_macro   0x00001719       0x16 ./Core/Src/cbuffer.o
 .debug_macro   0x0000172f       0x43 ./Core/Src/cbuffer.o
 .debug_macro   0x00001772       0x34 ./Core/Src/cbuffer.o
 .debug_macro   0x000017a6       0x10 ./Core/Src/cbuffer.o
 .debug_macro   0x000017b6       0x58 ./Core/Src/cbuffer.o
 .debug_macro   0x0000180e       0x8e ./Core/Src/cbuffer.o
 .debug_macro   0x0000189c       0x1c ./Core/Src/cbuffer.o
 .debug_macro   0x000018b8      0x177 ./Core/Src/cbuffer.o
 .debug_macro   0x00001a2f       0x16 ./Core/Src/cbuffer.o
 .debug_macro   0x00001a45       0x16 ./Core/Src/cbuffer.o
 .debug_macro   0x00001a5b      0x146 ./Core/Src/cbuffer.o
 .debug_macro   0x00001ba1       0x16 ./Core/Src/cbuffer.o
 .debug_macro   0x00001bb7       0x35 ./Core/Src/cbuffer.o
 .debug_macro   0x00001bec       0x16 ./Core/Src/cbuffer.o
 .debug_macro   0x00001c02       0x29 ./Core/Src/cbuffer.o
 .debug_macro   0x00001c2b       0x16 ./Core/Src/cbuffer.o
 .debug_macro   0x00001c41       0x20 ./Core/Src/cbuffer.o
 .debug_macro   0x00001c61       0x16 ./Core/Src/cbuffer.o
 .debug_macro   0x00001c77       0x72 ./Core/Src/filter.o
 .debug_macro   0x00001ce9       0x16 ./Core/Src/filter.o
 .debug_macro   0x00001cff      0x37a ./Core/Src/main.o
 .debug_macro   0x00002079       0x5b ./Core/Src/main.o
 .debug_macro   0x000020d4       0x94 ./Core/Src/main.o
 .debug_macro   0x00002168       0x57 ./Core/Src/main.o
 .debug_macro   0x000021bf      0x2a1 ./Core/Src/main.o
 .debug_macro   0x00002460       0x2e ./Core/Src/main.o
 .debug_macro   0x0000248e       0x28 ./Core/Src/main.o
 .debug_macro   0x000024b6       0x1c ./Core/Src/main.o
 .debug_macro   0x000024d2       0x22 ./Core/Src/main.o
 .debug_macro   0x000024f4       0xfb ./Core/Src/main.o
 .debug_macro   0x000025ef     0x1011 ./Core/Src/main.o
 .debug_macro   0x00003600      0x11f ./Core/Src/main.o
 .debug_macro   0x0000371f     0xb953 ./Core/Src/main.o
 .debug_macro   0x0000f072       0x6d ./Core/Src/main.o
 .debug_macro   0x0000f0df     0x369a ./Core/Src/main.o
 .debug_macro   0x00012779       0x56 ./Core/Src/main.o
 .debug_macro   0x000127cf      0x45c ./Core/Src/main.o
 .debug_macro   0x00012c2b      0x9e9 ./Core/Src/main.o
 .debug_macro   0x00013614      0x115 ./Core/Src/main.o
 .debug_macro   0x00013729      0x11b ./Core/Src/main.o
 .debug_macro   0x00013844       0xa5 ./Core/Src/main.o
 .debug_macro   0x000138e9      0x15f ./Core/Src/main.o
 .debug_macro   0x00013a48      0x287 ./Core/Src/main.o
 .debug_macro   0x00013ccf       0x5f ./Core/Src/main.o
 .debug_macro   0x00013d2e      0x236 ./Core/Src/main.o
 .debug_macro   0x00013f64      0x9e1 ./Core/Src/main.o
 .debug_macro   0x00014945      0x38b ./Core/Src/main.o
 .debug_macro   0x00014cd0      0x17d ./Core/Src/main.o
 .debug_macro   0x00014e4d       0xf9 ./Core/Src/main.o
 .debug_macro   0x00014f46      0x132 ./Core/Src/main.o
 .debug_macro   0x00015078      0x264 ./Core/Src/main.o
 .debug_macro   0x000152dc       0x2e ./Core/Src/main.o
 .debug_macro   0x0001530a      0x127 ./Core/Src/main.o
 .debug_macro   0x00015431       0x85 ./Core/Src/main.o
 .debug_macro   0x000154b6       0x89 ./Core/Src/main.o
 .debug_macro   0x0001553f      0x8ed ./Core/Src/main.o
 .debug_macro   0x00015e2c       0x47 ./Core/Src/main.o
 .debug_macro   0x00015e73      0x2aa ./Core/Src/main.o
 .debug_macro   0x0001611d      0x126 ./Core/Src/main.o
 .debug_macro   0x00016243       0x1c ./Core/Src/main.o
 .debug_macro   0x0001625f       0x2e ./Core/Src/main.o
 .debug_macro   0x0001628d      0x30c ./Core/Src/mylib.o
 .debug_macro   0x00016599      0x189 ./Core/Src/mylib.o
 .debug_macro   0x00016722       0x5c ./Core/Src/mylib.o
 .debug_macro   0x0001677e       0x10 ./Core/Src/mylib.o
 .debug_macro   0x0001678e      0x339 ./Core/Src/qrs_detector.o
 .debug_macro   0x00016ac7       0x28 ./Core/Src/qrs_detector.o
 .debug_macro   0x00016aef      0x200 ./Core/Src/stm32f4xx_hal_msp.o
 .debug_macro   0x00016cef      0x378 ./Core/Src/stm32f4xx_it.o
 .debug_macro   0x00017067       0x1c ./Core/Src/stm32f4xx_it.o
 .debug_macro   0x00017083       0x1c ./Core/Src/stm32f4xx_it.o
 .debug_macro   0x0001709f      0x1f6 ./Core/Src/system_stm32f4xx.o
 .debug_macro   0x00017295      0x256 ./Drivers/STM32F4xx_HAL_Driver/Src/stm32f4xx_hal.o
 .debug_macro   0x000174eb      0x1f7 ./Drivers/STM32F4xx_HAL_Driver/Src/stm32f4xx_hal_adc.o
 .debug_macro   0x000176e2      0x1f6 ./Drivers/STM32F4xx_HAL_Driver/Src/stm32f4xx_hal_cortex.o
 .debug_macro   0x000178d8      0x1fc ./Drivers/STM32F4xx_HAL_Driver/Src/stm32f4xx_hal_dma.o
 .debug_macro   0x00017ad4      0x1fc ./Drivers/STM32F4xx_HAL_Driver/Src/stm32f4xx_hal_gpio.o
 .debug_macro   0x00017cd0      0x21a ./Drivers/STM32F4xx_HAL_Driver/Src/stm32f4xx_hal_rcc.o
 .debug_macro   0x00017eea      0x1f7 ./Drivers/STM32F4xx_HAL_Driver/Src/stm32f4xx_hal_tim.o
 .debug_macro   0x000180e1      0x1f6 ./Drivers/STM32F4xx_HAL_Driver/Src/stm32f4xx_hal_tim_ex.o
 .debug_macro   0x000182d7      0x1f7 ./Drivers/STM32F4xx_HAL_Driver/Src/stm32f4xx_hal_uart.o

.debug_line     0x00000000    0x11dd4
 .debug_line    0x00000000      0x929 ./Core/Src/cbuffer.o
 .debug_line    0x00000929      0x5ca ./Core/Src/filter.o
 .debug_line    0x00000ef3      0xd3f ./Core/Src/main.o
 .debug_line    0x00001c32      0x9e0 ./Core/Src/mylib.o
 .debug_line    0x00002612      0xe6e ./Core/Src/qrs_detector.o
 .debug_line    0x00003480      0x879 ./Core/Src/stm32f4xx_hal_msp.o
 .debug_line    0x00003cf9      0xb8e ./Core/Src/stm32f4xx_it.o
 .debug_line    0x00004887      0x806 ./Core/Src/system_stm32f4xx.o
 .debug_line    0x0000508d       0x7a ./Core/Startup/startup_stm32f411vetx.o
 .debug_line    0x00005107      0xa6f ./Drivers/STM32F4xx_HAL_Driver/Src/stm32f4xx_hal.o
 .debug_line    0x00005b76     0x1237 ./Drivers/STM32F4xx_HAL_Driver/Src/stm32f4xx_hal_adc.o
 .debug_line    0x00006dad      0xd61 ./Drivers/STM32F4xx_HAL_Driver/Src/stm32f4xx_hal_cortex.o
 .debug_line    0x00007b0e      0xfdf ./Drivers/STM32F4xx_HAL_Driver/Src/stm32f4xx_hal_dma.o
 .debug_line    0x00008aed      0xbbf ./Drivers/STM32F4xx_HAL_Driver/Src/stm32f4xx_hal_gpio.o
 .debug_line    0x000096ac      0xdfa ./Drivers/STM32F4xx_HAL_Driver/Src/stm32f4xx_hal_rcc.o
 .debug_line    0x0000a4a6     0x35ed ./Drivers/STM32F4xx_HAL_Driver/Src/stm32f4xx_hal_tim.o
 .debug_line    0x0000da93     0x1a00 ./Drivers/STM32F4xx_HAL_Driver/Src/stm32f4xx_hal_tim_ex.o
 .debug_line    0x0000f493     0x2941 ./Drivers/STM32F4xx_HAL_Driver/Src/stm32f4xx_hal_uart.o

.debug_str      0x00000000    0x9a2ea
 .debug_str     0x00000000     0x7837 ./Core/Src/cbuffer.o
                               0x7a5c (size before relaxing)
 .debug_str     0x00007837      0x186 ./Core/Src/filter.o
                               0x3ebc (size before relaxing)
 .debug_str     0x000079bd    0x8f8e2 ./Core/Src/main.o
                              0x975ae (size before relaxing)
 .debug_str     0x0009729f       0x14 ./Core/Src/mylib.o
                              0x95996 (size before relaxing)
 .debug_str     0x000972b3      0x186 ./Core/Src/qrs_detector.o
                              0x95ca8 (size before relaxing)
 .debug_str     0x00097439      0x186 ./Core/Src/stm32f4xx_hal_msp.o
                              0x93693 (size before relaxing)
 .debug_str     0x000975bf      0x154 ./Core/Src/stm32f4xx_it.o
                              0x96a00 (size before relaxing)
 .debug_str     0x00097713       0xdb ./Core/Src/system_stm32f4xx.o
                              0x92907 (size before relaxing)
 .debug_str     0x000977ee       0x44 ./Core/Startup/startup_stm32f411vetx.o
                                 0x70 (size before relaxing)
 .debug_str     0x00097832      0x5fa ./Drivers/STM32F4xx_HAL_Driver/Src/stm32f4xx_hal.o
                              0x93333 (size before relaxing)
 .debug_str     0x00097e2c      0x29e ./Drivers/STM32F4xx_HAL_Driver/Src/stm32f4xx_hal_adc.o
                              0x92ee2 (size before relaxing)
 .debug_str     0x000980ca      0x361 ./Drivers/STM32F4xx_HAL_Driver/Src/stm32f4xx_hal_cortex.o
                              0x9309d (size before relaxing)
 .debug_str     0x0009842b      0x2cf ./Drivers/STM32F4xx_HAL_Driver/Src/stm32f4xx_hal_dma.o
                              0x92d0f (size before relaxing)
 .debug_str     0x000986fa      0x15d ./Drivers/STM32F4xx_HAL_Driver/Src/stm32f4xx_hal_gpio.o
                              0x92a82 (size before relaxing)
 .debug_str     0x00098857      0x233 ./Drivers/STM32F4xx_HAL_Driver/Src/stm32f4xx_hal_rcc.o
                              0x92d3b (size before relaxing)
 .debug_str     0x00098a8a      0xdc8 ./Drivers/STM32F4xx_HAL_Driver/Src/stm32f4xx_hal_tim.o
                              0x93c7f (size before relaxing)
 .debug_str     0x00099852      0x493 ./Drivers/STM32F4xx_HAL_Driver/Src/stm32f4xx_hal_tim_ex.o
                              0x9348b (size before relaxing)
 .debug_str     0x00099ce5      0x605 ./Drivers/STM32F4xx_HAL_Driver/Src/stm32f4xx_hal_uart.o
                              0x9330a (size before relaxing)

.comment        0x00000000       0x43
 .comment       0x00000000       0x43 ./Core/Src/cbuffer.o
                                 0x44 (size before relaxing)
 .comment       0x00000043       0x44 ./Core/Src/filter.o
 .comment       0x00000043       0x44 ./Core/Src/main.o
 .comment       0x00000043       0x44 ./Core/Src/mylib.o
 .comment       0x00000043       0x44 ./Core/Src/qrs_detector.o
 .comment       0x00000043       0x44 ./Core/Src/stm32f4xx_hal_msp.o
 .comment       0x00000043       0x44 ./Core/Src/stm32f4xx_it.o
 .comment       0x00000043       0x44 ./Core/Src/system_stm32f4xx.o
 .comment       0x00000043       0x44 ./Drivers/STM32F4xx_HAL_Driver/Src/stm32f4xx_hal.o
 .comment       0x00000043       0x44 ./Drivers/STM32F4xx_HAL_Driver/Src/stm32f4xx_hal_adc.o
 .comment       0x00000043       0x44 ./Drivers/STM32F4xx_HAL_Driver/Src/stm32f4xx_hal_cortex.o
 .comment       0x00000043       0x44 ./Drivers/STM32F4xx_HAL_Driver/Src/stm32f4xx_hal_dma.o
 .comment       0x00000043       0x44 ./Drivers/STM32F4xx_HAL_Driver/Src/stm32f4xx_hal_gpio.o
 .comment       0x00000043       0x44 ./Drivers/STM32F4xx_HAL_Driver/Src/stm32f4xx_hal_rcc.o
 .comment       0x00000043       0x44 ./Drivers/STM32F4xx_HAL_Driver/Src/stm32f4xx_hal_tim.o
 .comment       0x00000043       0x44 ./Drivers/STM32F4xx_HAL_Driver/Src/stm32f4xx_hal_tim_ex.o
 .comment       0x00000043       0x44 ./Drivers/STM32F4xx_HAL_Driver/Src/stm32f4xx_hal_uart.o

.debug_frame    0x00000000     0x3c30
 .debug_frame   0x00000000      0x148 ./Core/Src/cbuffer.o
 .debug_frame   0x00000148       0xb0 ./Core/Src/filter.o
 .debug_frame   0x000001f8      0x120 ./Core/Src/main.o
 .debug_frame   0x00000318      0x154 ./Core/Src/qrs_detector.o
 .debug_frame   0x0000046c      0x10c ./Core/Src/stm32f4xx_hal_msp.o
 .debug_frame   0x00000578      0x144 ./Core/Src/stm32f4xx_it.o
 .debug_frame   0x000006bc       0x58 ./Core/Src/system_stm32f4xx.o
 .debug_frame   0x00000714      0x374 ./Drivers/STM32F4xx_HAL_Driver/Src/stm32f4xx_hal.o
 .debug_frame   0x00000a88      0x3fc ./Drivers/STM32F4xx_HAL_Driver/Src/stm32f4xx_hal_adc.o
 .debug_frame   0x00000e84      0x508 ./Drivers/STM32F4xx_HAL_Driver/Src/stm32f4xx_hal_cortex.o
 .debug_frame   0x0000138c      0x250 ./Drivers/STM32F4xx_HAL_Driver/Src/stm32f4xx_hal_dma.o
 .debug_frame   0x000015dc      0x14c ./Drivers/STM32F4xx_HAL_Driver/Src/stm32f4xx_hal_gpio.o
 .debug_frame   0x00001728      0x1f4 ./Drivers/STM32F4xx_HAL_Driver/Src/stm32f4xx_hal_rcc.o
 .debug_frame   0x0000191c     0x11b8 ./Drivers/STM32F4xx_HAL_Driver/Src/stm32f4xx_hal_tim.o
 .debug_frame   0x00002ad4      0x638 ./Drivers/STM32F4xx_HAL_Driver/Src/stm32f4xx_hal_tim_ex.o
 .debug_frame   0x0000310c      0x954 ./Drivers/STM32F4xx_HAL_Driver/Src/stm32f4xx_hal_uart.o
 .debug_frame   0x00003a60       0x20 D:/STM32 IDE/STM32CubeIDE_1.16.0/STM32CubeIDE/plugins/com.st.stm32cube.ide.mcu.externaltools.gnu-tools-for-stm32.12.3.rel1.win32_1.0.200.202406191623/tools/bin/../lib/gcc/arm-none-eabi/12.3.1/../../../../arm-none-eabi/lib/thumb/v7e-m+fp/hard\libc_nano.a(libc_a-memset.o)
 .debug_frame   0x00003a80       0x2c D:/STM32 IDE/STM32CubeIDE_1.16.0/STM32CubeIDE/plugins/com.st.stm32cube.ide.mcu.externaltools.gnu-tools-for-stm32.12.3.rel1.win32_1.0.200.202406191623/tools/bin/../lib/gcc/arm-none-eabi/12.3.1/../../../../arm-none-eabi/lib/thumb/v7e-m+fp/hard\libc_nano.a(libc_a-init.o)
 .debug_frame   0x00003aac       0x30 D:/STM32 IDE/STM32CubeIDE_1.16.0/STM32CubeIDE/plugins/com.st.stm32cube.ide.mcu.externaltools.gnu-tools-for-stm32.12.3.rel1.win32_1.0.200.202406191623/tools/bin/../lib/gcc/arm-none-eabi/12.3.1/thumb/v7e-m+fp/hard\libgcc.a(_arm_muldf3.o)
 .debug_frame   0x00003adc       0xac D:/STM32 IDE/STM32CubeIDE_1.16.0/STM32CubeIDE/plugins/com.st.stm32cube.ide.mcu.externaltools.gnu-tools-for-stm32.12.3.rel1.win32_1.0.200.202406191623/tools/bin/../lib/gcc/arm-none-eabi/12.3.1/thumb/v7e-m+fp/hard\libgcc.a(_arm_addsubdf3.o)
 .debug_frame   0x00003b88       0x24 D:/STM32 IDE/STM32CubeIDE_1.16.0/STM32CubeIDE/plugins/com.st.stm32cube.ide.mcu.externaltools.gnu-tools-for-stm32.12.3.rel1.win32_1.0.200.202406191623/tools/bin/../lib/gcc/arm-none-eabi/12.3.1/thumb/v7e-m+fp/hard\libgcc.a(_arm_fixdfsi.o)
 .debug_frame   0x00003bac       0x24 D:/STM32 IDE/STM32CubeIDE_1.16.0/STM32CubeIDE/plugins/com.st.stm32cube.ide.mcu.externaltools.gnu-tools-for-stm32.12.3.rel1.win32_1.0.200.202406191623/tools/bin/../lib/gcc/arm-none-eabi/12.3.1/thumb/v7e-m+fp/hard\libgcc.a(_arm_fixunsdfsi.o)
 .debug_frame   0x00003bd0       0x2c D:/STM32 IDE/STM32CubeIDE_1.16.0/STM32CubeIDE/plugins/com.st.stm32cube.ide.mcu.externaltools.gnu-tools-for-stm32.12.3.rel1.win32_1.0.200.202406191623/tools/bin/../lib/gcc/arm-none-eabi/12.3.1/thumb/v7e-m+fp/hard\libgcc.a(_aeabi_uldivmod.o)
 .debug_frame   0x00003bfc       0x34 D:/STM32 IDE/STM32CubeIDE_1.16.0/STM32CubeIDE/plugins/com.st.stm32cube.ide.mcu.externaltools.gnu-tools-for-stm32.12.3.rel1.win32_1.0.200.202406191623/tools/bin/../lib/gcc/arm-none-eabi/12.3.1/thumb/v7e-m+fp/hard\libgcc.a(_udivmoddi4.o)

.debug_line_str
                0x00000000       0x54
 .debug_line_str
                0x00000000       0x54 ./Core/Startup/startup_stm32f411vetx.o
