../Core/Src/stm32f4xx_it.c:58:6:NMI_Handler	4	static
../Core/Src/stm32f4xx_it.c:68:6:HardFault_Handler	4	static
../Core/Src/stm32f4xx_it.c:78:6:MemManage_Handler	4	static
../Core/Src/stm32f4xx_it.c:88:6:BusFault_Handler	4	static
../Core/Src/stm32f4xx_it.c:98:6:UsageFault_Handler	4	static
../Core/Src/stm32f4xx_it.c:108:6:SVC_Handler	4	static
../Core/Src/stm32f4xx_it.c:115:6:DebugMon_Handler	4	static
../Core/Src/stm32f4xx_it.c:122:6:PendSV_Handler	4	static
../Core/Src/stm32f4xx_it.c:129:6:SysTick_Handler	8	static
../Core/Src/stm32f4xx_it.c:144:6:TIM2_IRQHandler	24	static
../Core/Src/stm32f4xx_it.c:187:6:DMA2_Stream0_IRQHandler	8	static
